Archive member included to satisfy reference by file (symbol)

/usr/lib/gcc/arm-none-eabi/6.3.1/thumb/v6-m/libgcc.a(_dvmd_tls.o)
                              CMakeFiles/blink.dir/home/abdurrahim/pico-sdk/src/rp2_common/pico_divider/divider.S.obj (__aeabi_idiv0)
/usr/lib/gcc/arm-none-eabi/6.3.1/../../../arm-none-eabi/lib/thumb/v6-m/libc.a(lib_a-atexit.o)
                              /usr/lib/gcc/arm-none-eabi/6.3.1/../../../arm-none-eabi/lib/thumb/v6-m/crt0.o (atexit)
/usr/lib/gcc/arm-none-eabi/6.3.1/../../../arm-none-eabi/lib/thumb/v6-m/libc.a(lib_a-calloc.o)
                              CMakeFiles/blink.dir/home/abdurrahim/pico-sdk/src/rp2_common/pico_malloc/pico_malloc.c.obj (calloc)
/usr/lib/gcc/arm-none-eabi/6.3.1/../../../arm-none-eabi/lib/thumb/v6-m/libc.a(lib_a-callocr.o)
                              /usr/lib/gcc/arm-none-eabi/6.3.1/../../../arm-none-eabi/lib/thumb/v6-m/libc.a(lib_a-calloc.o) (_calloc_r)
/usr/lib/gcc/arm-none-eabi/6.3.1/../../../arm-none-eabi/lib/thumb/v6-m/libc.a(lib_a-fini.o)
                              /usr/lib/gcc/arm-none-eabi/6.3.1/../../../arm-none-eabi/lib/thumb/v6-m/crt0.o (__libc_fini_array)
/usr/lib/gcc/arm-none-eabi/6.3.1/../../../arm-none-eabi/lib/thumb/v6-m/libc.a(lib_a-impure.o)
                              CMakeFiles/blink.dir/home/abdurrahim/pico-sdk/src/common/pico_util/pheap.c.obj (_impure_ptr)
/usr/lib/gcc/arm-none-eabi/6.3.1/../../../arm-none-eabi/lib/thumb/v6-m/libc.a(lib_a-init.o)
                              /usr/lib/gcc/arm-none-eabi/6.3.1/../../../arm-none-eabi/lib/thumb/v6-m/crt0.o (__libc_init_array)
/usr/lib/gcc/arm-none-eabi/6.3.1/../../../arm-none-eabi/lib/thumb/v6-m/libc.a(lib_a-malloc.o)
                              CMakeFiles/blink.dir/home/abdurrahim/pico-sdk/src/rp2_common/pico_malloc/pico_malloc.c.obj (malloc)
/usr/lib/gcc/arm-none-eabi/6.3.1/../../../arm-none-eabi/lib/thumb/v6-m/libc.a(lib_a-mallocr.o)
                              /usr/lib/gcc/arm-none-eabi/6.3.1/../../../arm-none-eabi/lib/thumb/v6-m/libc.a(lib_a-callocr.o) (_malloc_r)
/usr/lib/gcc/arm-none-eabi/6.3.1/../../../arm-none-eabi/lib/thumb/v6-m/libc.a(lib_a-mlock.o)
                              /usr/lib/gcc/arm-none-eabi/6.3.1/../../../arm-none-eabi/lib/thumb/v6-m/libc.a(lib_a-mallocr.o) (__malloc_lock)
/usr/lib/gcc/arm-none-eabi/6.3.1/../../../arm-none-eabi/lib/thumb/v6-m/libc.a(lib_a-realloc.o)
                              CMakeFiles/blink.dir/home/abdurrahim/pico-sdk/src/rp2_common/pico_malloc/pico_malloc.c.obj (realloc)
/usr/lib/gcc/arm-none-eabi/6.3.1/../../../arm-none-eabi/lib/thumb/v6-m/libc.a(lib_a-reallocr.o)
                              /usr/lib/gcc/arm-none-eabi/6.3.1/../../../arm-none-eabi/lib/thumb/v6-m/libc.a(lib_a-realloc.o) (_realloc_r)
/usr/lib/gcc/arm-none-eabi/6.3.1/../../../arm-none-eabi/lib/thumb/v6-m/libc.a(lib_a-sbrkr.o)
                              /usr/lib/gcc/arm-none-eabi/6.3.1/../../../arm-none-eabi/lib/thumb/v6-m/libc.a(lib_a-mallocr.o) (_sbrk_r)
/usr/lib/gcc/arm-none-eabi/6.3.1/../../../arm-none-eabi/lib/thumb/v6-m/libc.a(lib_a-strlen-stub.o)
                              CMakeFiles/blink.dir/home/abdurrahim/pico-sdk/src/rp2_common/pico_stdio/stdio.c.obj (strlen)
/usr/lib/gcc/arm-none-eabi/6.3.1/../../../arm-none-eabi/lib/thumb/v6-m/libc.a(lib_a-wbuf.o)
                              CMakeFiles/blink.dir/home/abdurrahim/pico-sdk/src/common/pico_util/pheap.c.obj (__swbuf_r)
/usr/lib/gcc/arm-none-eabi/6.3.1/../../../arm-none-eabi/lib/thumb/v6-m/libc.a(lib_a-wsetup.o)
                              /usr/lib/gcc/arm-none-eabi/6.3.1/../../../arm-none-eabi/lib/thumb/v6-m/libc.a(lib_a-wbuf.o) (__swsetup_r)
/usr/lib/gcc/arm-none-eabi/6.3.1/../../../arm-none-eabi/lib/thumb/v6-m/libc.a(lib_a-__atexit.o)
                              /usr/lib/gcc/arm-none-eabi/6.3.1/../../../arm-none-eabi/lib/thumb/v6-m/libc.a(lib_a-atexit.o) (__register_exitproc)
/usr/lib/gcc/arm-none-eabi/6.3.1/../../../arm-none-eabi/lib/thumb/v6-m/libc.a(lib_a-fflush.o)
                              /usr/lib/gcc/arm-none-eabi/6.3.1/../../../arm-none-eabi/lib/thumb/v6-m/libc.a(lib_a-wbuf.o) (_fflush_r)
/usr/lib/gcc/arm-none-eabi/6.3.1/../../../arm-none-eabi/lib/thumb/v6-m/libc.a(lib_a-findfp.o)
                              /usr/lib/gcc/arm-none-eabi/6.3.1/../../../arm-none-eabi/lib/thumb/v6-m/libc.a(lib_a-wbuf.o) (__sinit)
/usr/lib/gcc/arm-none-eabi/6.3.1/../../../arm-none-eabi/lib/thumb/v6-m/libc.a(lib_a-freer.o)
                              /usr/lib/gcc/arm-none-eabi/6.3.1/../../../arm-none-eabi/lib/thumb/v6-m/libc.a(lib_a-malloc.o) (_free_r)
/usr/lib/gcc/arm-none-eabi/6.3.1/../../../arm-none-eabi/lib/thumb/v6-m/libc.a(lib_a-fwalk.o)
                              /usr/lib/gcc/arm-none-eabi/6.3.1/../../../arm-none-eabi/lib/thumb/v6-m/libc.a(lib_a-findfp.o) (_fwalk)
/usr/lib/gcc/arm-none-eabi/6.3.1/../../../arm-none-eabi/lib/thumb/v6-m/libc.a(lib_a-makebuf.o)
[...]
Memory Configuration

Name             Origin             Length             Attributes
FLASH            0x0000000010000000 0x0000000000200000 xr
RAM              0x0000000020000000 0x0000000000040000 xrw
SCRATCH_X        0x0000000020040000 0x0000000000001000 xrw
SCRATCH_Y        0x0000000020041000 0x0000000000001000 xrw
*default*        0x0000000000000000 0xffffffffffffffff

Linker script and memory map

LOAD /usr/lib/gcc/arm-none-eabi/6.3.1/thumb/v6-m/crti.o
LOAD /usr/lib/gcc/arm-none-eabi/6.3.1/thumb/v6-m/crtbegin.o
LOAD /usr/lib/gcc/arm-none-eabi/6.3.1/../../../arm-none-eabi/lib/thumb/v6-m/crt0.o

.flash_begin    0x0000000010000000        0x0
                0x0000000010000000                __flash_binary_start = .

.boot2          0x0000000010000000      0x100
                0x0000000010000000                __boot2_start__ = .
 *(.boot2)
 .boot2         0x0000000010000000      0x100 /tmp/ccxwMWEK.o
                0x0000000010000100                __boot2_end__ = .
                0x0000000000000001                ASSERT (((__boot2_end__ - __boot2_start__) == 0x100), ERROR: Pico second stage bootloader must be 256 bytes in size)

.text           0x0000000010000100     0x5ec8
                0x0000000010000100                __logical_binary_start = .
 *(.vectors)
 .vectors       0x0000000010000100       0xd4 CMakeFiles/blink.dir/home/abdurrahim/pico-sdk/src/rp2_common/pico_standard_link/crt0.S.obj
                0x0000000010000100                __vectors
                0x0000000010000100                __VECTOR_TABLE
                0x00000000100001c0                isr_invalid
                0x00000000100001c0                __default_isrs_start
                0x00000000100001c2                isr_nmi
                0x00000000100001c4                isr_hardfault
                0x00000000100001c6                isr_svcall
                0x00000000100001c8                isr_pendsv
                0x00000000100001ca                isr_systick
                0x00000000100001cc                isr_irq30
                0x00000000100001cc                __unhandled_user_irq
                0x00000000100001cc                isr_irq13
                0x00000000100001cc                isr_irq27
                0x00000000100001cc                isr_irq31
                0x00000000100001cc                isr_irq5
                0x00000000100001cc                isr_irq11
                0x00000000100001cc                isr_irq23
                0x00000000100001cc                isr_irq18
                0x00000000100001cc                isr_irq28
                0x00000000100001cc                isr_irq19
                0x00000000100001cc                isr_irq0
                0x00000000100001cc                isr_irq6
                0x00000000100001cc                isr_irq22
                0x00000000100001cc                isr_irq17
                0x00000000100001cc                isr_irq14
                0x00000000100001cc                isr_irq2
                0x00000000100001cc                isr_irq10
                0x00000000100001cc                isr_irq8
                0x00000000100001cc                isr_irq24
                0x00000000100001cc                isr_irq1
                0x00000000100001cc                isr_irq7
                0x00000000100001cc                isr_irq21
                0x00000000100001cc                isr_irq20
                0x00000000100001cc                isr_irq15
                0x00000000100001cc                isr_irq25
                0x00000000100001cc                isr_irq4
                0x00000000100001cc                isr_irq16
                0x00000000100001cc                isr_irq29
                0x00000000100001cc                isr_irq26
                0x00000000100001cc                __default_isrs_end
                0x00000000100001cc                isr_irq3
                0x00000000100001cc                isr_irq12
                0x00000000100001cc                isr_irq9
                0x00000000100001d2                unhandled_user_irq_num_in_r0
 *(.binary_info_header)
 .binary_info_header
                0x00000000100001d4       0x14 CMakeFiles/blink.dir/home/abdurrahim/pico-sdk/src/rp2_common/pico_standard_link/crt0.S.obj
                0x00000000100001e8                __binary_info_header_end = .
 *(.reset)
 .reset         0x00000000100001e8       0xa0 CMakeFiles/blink.dir/home/abdurrahim/pico-sdk/src/rp2_common/pico_standard_link/crt0.S.obj
                0x00000000100001e8                _entry_point
 .reset         0x0000000010000288       0x30 CMakeFiles/blink.dir/home/abdurrahim/pico-sdk/src/rp2_common/pico_standard_link/binary_info.c.obj
 *(.init)
 .init          0x00000000100002b8        0x4 /usr/lib/gcc/arm-none-eabi/6.3.1/thumb/v6-m/crti.o
                0x00000000100002b8                _init
 *(EXCLUDE_FILE(*libm.a: *libc.a:*lib_a-mem*.o *libgcc.a:) .text*)
 .text          0x00000000100002bc       0xb4 /usr/lib/gcc/arm-none-eabi/6.3.1/thumb/v6-m/crtbegin.o
 .text.startup.main
                0x0000000010000370       0x44 CMakeFiles/blink.dir/blink.c.obj
                0x0000000010000370                main
 .text.gpio_init
                0x00000000100003b4       0x3c CMakeFiles/blink.dir/home/abdurrahim/pico-sdk/src/rp2_common/hardware_gpio/gpio.c.obj
                0x00000000100003b4                gpio_init
 .text.running_on_fpga
                0x00000000100003f0       0x10 CMakeFiles/blink.dir/home/abdurrahim/pico-sdk/src/rp2_common/pico_platform/platform.c.obj
                0x00000000100003f0                running_on_fpga
 .text.hw_claim_or_assert
                0x0000000010000400       0x44 CMakeFiles/blink.dir/home/abdurrahim/pico-sdk/src/rp2_common/hardware_claim/claim.c.obj
                0x0000000010000400                hw_claim_or_assert
 .text.hw_claim_unused_from_range
                0x0000000010000444       0x8c CMakeFiles/blink.dir/home/abdurrahim/pico-sdk/src/rp2_common/hardware_claim/claim.c.obj
                0x0000000010000444                hw_claim_unused_from_range
 .text.spin_locks_reset
                0x00000000100004d0       0x1c CMakeFiles/blink.dir/home/abdurrahim/pico-sdk/src/rp2_common/hardware_sync/sync.c.obj
                0x00000000100004d0                spin_locks_reset
 .text.next_striped_spin_lock_num
                0x00000000100004ec       0x18 CMakeFiles/blink.dir/home/abdurrahim/pico-sdk/src/rp2_common/hardware_sync/sync.c.obj
                0x00000000100004ec                next_striped_spin_lock_num
 .text.spin_lock_claim_unused
                0x0000000010000504       0x20 CMakeFiles/blink.dir/home/abdurrahim/pico-sdk/src/rp2_common/hardware_sync/sync.c.obj
                0x0000000010000504                spin_lock_claim_unused
 .text.irq_set_enabled
                0x0000000010000524       0x24 CMakeFiles/blink.dir/home/abdurrahim/pico-sdk/src/rp2_common/hardware_irq/irq.c.obj
                0x0000000010000524                irq_set_enabled
 .text.irq_set_pending
                0x0000000010000548       0x10 CMakeFiles/blink.dir/home/abdurrahim/pico-sdk/src/rp2_common/hardware_irq/irq.c.obj
                0x0000000010000548                irq_set_pending
 .text.irq_has_shared_handler
                0x0000000010000558       0x2c CMakeFiles/blink.dir/home/abdurrahim/pico-sdk/src/rp2_common/hardware_irq/irq.c.obj
                0x0000000010000558                irq_has_shared_handler
 .text.irq_get_vtable_handler
                0x0000000010000584       0x10 CMakeFiles/blink.dir/home/abdurrahim/pico-sdk/src/rp2_common/hardware_irq/irq.c.obj
                0x0000000010000584                irq_get_vtable_handler
 .text.irq_set_exclusive_handler
                0x0000000010000594       0x54 CMakeFiles/blink.dir/home/abdurrahim/pico-sdk/src/rp2_common/hardware_irq/irq.c.obj
                0x0000000010000594                irq_set_exclusive_handler
 .text.irq_add_shared_handler
                0x00000000100005e8      0x1d0 CMakeFiles/blink.dir/home/abdurrahim/pico-sdk/src/rp2_common/hardware_irq/irq.c.obj
                0x00000000100005e8                irq_add_shared_handler
 .text.irq_remove_handler
                0x00000000100007b8      0x1b0 CMakeFiles/blink.dir/home/abdurrahim/pico-sdk/src/rp2_common/hardware_irq/irq.c.obj
                0x00000000100007b8                irq_remove_handler
 .text.irq_add_tail_to_free_list
                0x0000000010000968       0xb4 CMakeFiles/blink.dir/home/abdurrahim/pico-sdk/src/rp2_common/hardware_irq/irq.c.obj
                0x0000000010000968                irq_add_tail_to_free_list
 .text.irq_init_priorities
                0x0000000010000a1c       0x48 CMakeFiles/blink.dir/home/abdurrahim/pico-sdk/src/rp2_common/hardware_irq/irq.c.obj
                0x0000000010000a1c                irq_init_priorities
 .text.user_irq_claim_unused
                0x0000000010000a64       0x28 CMakeFiles/blink.dir/home/abdurrahim/pico-sdk/src/rp2_common/hardware_irq/irq.c.obj
                0x0000000010000a64                user_irq_claim_unused
 .text.lock_init
                0x0000000010000a8c       0x10 CMakeFiles/blink.dir/home/abdurrahim/pico-sdk/src/common/pico_sync/lock_core.c.obj
                0x0000000010000a8c                lock_init
 .text.mutex_init
                0x0000000010000a9c       0x1c CMakeFiles/blink.dir/home/abdurrahim/pico-sdk/src/common/pico_sync/mutex.c.obj
                0x0000000010000a9c                mutex_init
 .text.recursive_mutex_init
                0x0000000010000ab8       0x20 CMakeFiles/blink.dir/home/abdurrahim/pico-sdk/src/common/pico_sync/mutex.c.obj
                0x0000000010000ab8                recursive_mutex_init
 .text.critical_section_init
                0x0000000010000ad8       0x20 CMakeFiles/blink.dir/home/abdurrahim/pico-sdk/src/common/pico_sync/critical_section.c.obj
                0x0000000010000ad8                critical_section_init
 .text.critical_section_init_with_lock_num
                0x0000000010000af8       0x14 CMakeFiles/blink.dir/home/abdurrahim/pico-sdk/src/common/pico_sync/critical_section.c.obj
                0x0000000010000af8                critical_section_init_with_lock_num
 .text.timer_pool_entry_comparator
                0x0000000010000b0c       0x34 CMakeFiles/blink.dir/home/abdurrahim/pico-sdk/src/common/pico_time/time.c.obj
                0x0000000010000b0c                timer_pool_entry_comparator
 .text.sleep_until_callback
                0x0000000010000b40       0x30 CMakeFiles/blink.dir/home/abdurrahim/pico-sdk/src/common/pico_time/time.c.obj
 .text.add_alarm_under_lock
                0x0000000010000b70      0x124 CMakeFiles/blink.dir/home/abdurrahim/pico-sdk/src/common/pico_time/time.c.obj
 .text.alarm_pool_alarm_callback
                0x0000000010000c94      0x1c0 CMakeFiles/blink.dir/home/abdurrahim/pico-sdk/src/common/pico_time/time.c.obj
 .text.alarm_pool_init_default
                0x0000000010000e54       0x6c CMakeFiles/blink.dir/home/abdurrahim/pico-sdk/src/common/pico_time/time.c.obj
                0x0000000010000e54                alarm_pool_init_default
 .text.alarm_pool_get_default
                0x0000000010000ec0        0x8 CMakeFiles/blink.dir/home/abdurrahim/pico-sdk/src/common/pico_time/time.c.obj
                0x0000000010000ec0                alarm_pool_get_default
 .text.alarm_pool_add_alarm_at
                0x0000000010000ec8      0x194 CMakeFiles/blink.dir/home/abdurrahim/pico-sdk/src/common/pico_time/time.c.obj
                0x0000000010000ec8                alarm_pool_add_alarm_at
 .text.alarm_pool_core_num
                0x000000001000105c        0x4 CMakeFiles/blink.dir/home/abdurrahim/pico-sdk/src/common/pico_time/time.c.obj
                0x000000001000105c                alarm_pool_core_num
 .text.sleep_until
                0x0000000010001060      0x1e8 CMakeFiles/blink.dir/home/abdurrahim/pico-sdk/src/common/pico_time/time.c.obj
                0x0000000010001060                sleep_until
 .text.sleep_ms
                0x0000000010001248       0x34 CMakeFiles/blink.dir/home/abdurrahim/pico-sdk/src/common/pico_time/time.c.obj
                0x0000000010001248                sleep_ms
 .text.best_effort_wfe_or_timeout
                0x000000001000127c      0x1f8 CMakeFiles/blink.dir/home/abdurrahim/pico-sdk/src/common/pico_time/time.c.obj
                0x000000001000127c                best_effort_wfe_or_timeout
 .text.hardware_alarm_irq_handler
                0x0000000010001474       0xa4 CMakeFiles/blink.dir/home/abdurrahim/pico-sdk/src/rp2_common/hardware_timer/timer.c.obj
 .text.hardware_alarm_claim
                0x0000000010001518       0x18 CMakeFiles/blink.dir/home/abdurrahim/pico-sdk/src/rp2_common/hardware_timer/timer.c.obj
                0x0000000010001518                hardware_alarm_claim
 .text.time_us_64
                0x0000000010001530       0x18 CMakeFiles/blink.dir/home/abdurrahim/pico-sdk/src/rp2_common/hardware_timer/timer.c.obj
                0x0000000010001530                time_us_64
 .text.busy_wait_us
                0x0000000010001548       0x54 CMakeFiles/blink.dir/home/abdurrahim/pico-sdk/src/rp2_common/hardware_timer/timer.c.obj
                0x0000000010001548                busy_wait_us
 .text.busy_wait_until
                0x000000001000159c       0x20 CMakeFiles/blink.dir/home/abdurrahim/pico-sdk/src/rp2_common/hardware_timer/timer.c.obj
                0x000000001000159c                busy_wait_until
 .text.hardware_alarm_set_callback
                0x00000000100015bc       0x8c CMakeFiles/blink.dir/home/abdurrahim/pico-sdk/src/rp2_common/hardware_timer/timer.c.obj
                0x00000000100015bc                hardware_alarm_set_callback
 .text.hardware_alarm_set_target
                0x0000000010001648       0xdc CMakeFiles/blink.dir/home/abdurrahim/pico-sdk/src/rp2_common/hardware_timer/timer.c.obj
                0x0000000010001648                hardware_alarm_set_target
 .text.hardware_alarm_cancel
                0x0000000010001724       0x40 CMakeFiles/blink.dir/home/abdurrahim/pico-sdk/src/rp2_common/hardware_timer/timer.c.obj
                0x0000000010001724                hardware_alarm_cancel
 .text.ph_merge_two_pass.part.3
                0x0000000010001764      0x18c CMakeFiles/blink.dir/home/abdurrahim/pico-sdk/src/common/pico_util/pheap.c.obj
 .text.ph_post_alloc_init
                0x00000000100018f0       0x3c CMakeFiles/blink.dir/home/abdurrahim/pico-sdk/src/common/pico_util/pheap.c.obj
                0x00000000100018f0                ph_post_alloc_init
 .text.ph_remove_head
                0x000000001000192c      0x154 CMakeFiles/blink.dir/home/abdurrahim/pico-sdk/src/common/pico_util/pheap.c.obj
                0x000000001000192c                ph_remove_head
 .text.ph_remove_and_free_node
                0x0000000010001a80      0x310 CMakeFiles/blink.dir/home/abdurrahim/pico-sdk/src/common/pico_util/pheap.c.obj
                0x0000000010001a80                ph_remove_and_free_node
 .text.clocks_init
                0x0000000010001d90      0x2dc CMakeFiles/blink.dir/home/abdurrahim/pico-sdk/src/rp2_common/hardware_clocks/clocks.c.obj
                0x0000000010001d90                clocks_init
 .text.pll_init
                0x000000001000206c       0x9c CMakeFiles/blink.dir/home/abdurrahim/pico-sdk/src/rp2_common/hardware_pll/pll.c.obj
                0x000000001000206c                pll_init
 .text.watchdog_start_tick
                0x0000000010002108       0x10 CMakeFiles/blink.dir/home/abdurrahim/pico-sdk/src/rp2_common/hardware_watchdog/watchdog.c.obj
                0x0000000010002108                watchdog_start_tick
 .text.watchdog_reboot
                0x0000000010002118       0x94 CMakeFiles/blink.dir/home/abdurrahim/pico-sdk/src/rp2_common/hardware_watchdog/watchdog.c.obj
                0x0000000010002118                watchdog_reboot
 .text.xosc_init
                0x00000000100021ac       0x28 CMakeFiles/blink.dir/home/abdurrahim/pico-sdk/src/rp2_common/hardware_xosc/xosc.c.obj
                0x00000000100021ac                xosc_init
 .text.runtime_init
                0x00000000100021d4       0xf4 CMakeFiles/blink.dir/home/abdurrahim/pico-sdk/src/rp2_common/pico_runtime/runtime.c.obj
                0x00000000100021d4                runtime_init
 .text._exit    0x00000000100022c8        0x4 CMakeFiles/blink.dir/home/abdurrahim/pico-sdk/src/rp2_common/pico_runtime/runtime.c.obj
                0x00000000100022c8                _exit
 .text._sbrk    0x00000000100022cc       0x34 CMakeFiles/blink.dir/home/abdurrahim/pico-sdk/src/rp2_common/pico_runtime/runtime.c.obj
                0x00000000100022cc                _sbrk
 .text.exit     0x0000000010002300        0x8 CMakeFiles/blink.dir/home/abdurrahim/pico-sdk/src/rp2_common/pico_runtime/runtime.c.obj
                0x0000000010002300                exit
 .text.panic    0x0000000010002308       0x30 CMakeFiles/blink.dir/home/abdurrahim/pico-sdk/src/rp2_common/pico_runtime/runtime.c.obj
                0x0000000010002308                panic
 .text.hard_assertion_failure
                0x0000000010002338        0xc CMakeFiles/blink.dir/home/abdurrahim/pico-sdk/src/rp2_common/pico_runtime/runtime.c.obj
                0x0000000010002338                hard_assertion_failure
 .text._out_char
                0x0000000010002344       0x3c CMakeFiles/blink.dir/home/abdurrahim/pico-sdk/src/rp2_common/pico_printf/printf.c.obj
 .text.weak_raw_vprintf
                0x0000000010002380       0x30 CMakeFiles/blink.dir/home/abdurrahim/pico-sdk/src/rp2_common/pico_printf/printf.c.obj
                0x0000000010002380                weak_raw_vprintf
 .text          0x00000000100023b0       0x10 CMakeFiles/blink.dir/home/abdurrahim/pico-sdk/src/rp2_common/pico_bit_ops/bit_ops_aeabi.S.obj
 .text.rom_func_lookup
                0x00000000100023c0       0x10 CMakeFiles/blink.dir/home/abdurrahim/pico-sdk/src/rp2_common/pico_bootrom/bootrom.c.obj
                0x00000000100023c0                rom_func_lookup
 .text.rom_data_lookup
                0x00000000100023d0       0x10 CMakeFiles/blink.dir/home/abdurrahim/pico-sdk/src/rp2_common/pico_bootrom/bootrom.c.obj
                0x00000000100023d0                rom_data_lookup
 .text.rom_funcs_lookup
                0x00000000100023e0       0x44 CMakeFiles/blink.dir/home/abdurrahim/pico-sdk/src/rp2_common/pico_bootrom/bootrom.c.obj
                0x00000000100023e0                rom_funcs_lookup
 .text.__wrap___aeabi_uidiv
                0x0000000010002424       0x4c CMakeFiles/blink.dir/home/abdurrahim/pico-sdk/src/rp2_common/pico_divider/divider.S.obj
                0x0000000010002424                __wrap___aeabi_uidiv
                0x0000000010002424                __wrap___aeabi_uidivmod
                0x0000000010002424                div_u32u32
                0x0000000010002424                divmod_u32u32
                0x000000001000242c                divmod_u32u32_unsafe
                0x0000000010002454                divmod_u32u32_savestate
 .text.__aeabi_double_init
                0x0000000010002470       0x60 CMakeFiles/blink.dir/home/abdurrahim/pico-sdk/src/rp2_common/pico_double/double_init_rom.c.obj
                0x0000000010002470                __aeabi_double_init
 .text.double_table_shim_on_use_helper
                0x00000000100024d0       0x2c CMakeFiles/blink.dir/home/abdurrahim/pico-sdk/src/rp2_common/pico_double/double_v1_rom_shim.S.obj
                0x00000000100024d0                double_table_shim_on_use_helper
 .text.__aeabi_lmul
                0x00000000100024fc       0x32 CMakeFiles/blink.dir/home/abdurrahim/pico-sdk/src/rp2_common/pico_int64_ops/pico_int64_ops_aeabi.S.obj
                0x00000000100024fc                __wrap___aeabi_lmul
 *fill*         0x000000001000252e        0x2 
 .text.__aeabi_float_init
                0x0000000010002530       0x68 CMakeFiles/blink.dir/home/abdurrahim/pico-sdk/src/rp2_common/pico_float/float_init_rom.c.obj
                0x0000000010002530                __aeabi_float_init
 .text.float_table_shim_on_use_helper
                0x0000000010002598       0x2c CMakeFiles/blink.dir/home/abdurrahim/pico-sdk/src/rp2_common/pico_float/float_v1_rom_shim.S.obj
                0x0000000010002598                float_table_shim_on_use_helper
 .text          0x00000000100025c4       0x10 CMakeFiles/blink.dir/home/abdurrahim/pico-sdk/src/rp2_common/pico_mem_ops/mem_ops_aeabi.S.obj
                0x00000000100025c4                __aeabi_mem_init
 .text.memset   0x00000000100025d4        0xc CMakeFiles/blink.dir/home/abdurrahim/pico-sdk/src/rp2_common/pico_mem_ops/mem_ops_aeabi.S.obj
                0x00000000100025d4                __wrap_memset
 .text.memcpy   0x00000000100025e0        0xc CMakeFiles/blink.dir/home/abdurrahim/pico-sdk/src/rp2_common/pico_mem_ops/mem_ops_aeabi.S.obj
                0x00000000100025e0                __wrap___aeabi_memcpy
                0x00000000100025e0                __wrap_memcpy
 .text.stdio_out_chars_no_crlf
                0x00000000100025ec       0x10 CMakeFiles/blink.dir/home/abdurrahim/pico-sdk/src/rp2_common/pico_stdio/stdio.c.obj
 .text.stdio_out_chars_crlf
                0x00000000100025fc       0xbc CMakeFiles/blink.dir/home/abdurrahim/pico-sdk/src/rp2_common/pico_stdio/stdio.c.obj
 .text.stdio_put_string
                0x00000000100026b8       0xfc CMakeFiles/blink.dir/home/abdurrahim/pico-sdk/src/rp2_common/pico_stdio/stdio.c.obj
 .text.__wrap_puts
                0x00000000100027b4       0x34 CMakeFiles/blink.dir/home/abdurrahim/pico-sdk/src/rp2_common/pico_stdio/stdio.c.obj
                0x00000000100027b4                __wrap_puts
 .text._read    0x00000000100027e8       0x90 CMakeFiles/blink.dir/home/abdurrahim/pico-sdk/src/rp2_common/pico_stdio/stdio.c.obj
                0x00000000100027e8                _read
 .text._write   0x0000000010002878       0xac CMakeFiles/blink.dir/home/abdurrahim/pico-sdk/src/rp2_common/pico_stdio/stdio.c.obj
                0x0000000010002878                _write
 .text._close   0x0000000010002924        0x8 CMakeFiles/blink.dir/home/abdurrahim/pico-sdk/src/rp2_common/pico_stdio/stdio.c.obj
                0x0000000010002924                _close
 .text._lseek   0x000000001000292c        0x8 CMakeFiles/blink.dir/home/abdurrahim/pico-sdk/src/rp2_common/pico_stdio/stdio.c.obj
                0x000000001000292c                _lseek
 .text._fstat   0x0000000010002934        0x8 CMakeFiles/blink.dir/home/abdurrahim/pico-sdk/src/rp2_common/pico_stdio/stdio.c.obj
                0x0000000010002934                _fstat
 .text._isatty  0x000000001000293c        0xc CMakeFiles/blink.dir/home/abdurrahim/pico-sdk/src/rp2_common/pico_stdio/stdio.c.obj
                0x000000001000293c                _isatty
 .text.stdio_set_driver_enabled
                0x0000000010002948       0x30 CMakeFiles/blink.dir/home/abdurrahim/pico-sdk/src/rp2_common/pico_stdio/stdio.c.obj
                0x0000000010002948                stdio_set_driver_enabled
 .text.stdio_init_all
                0x0000000010002978        0x8 CMakeFiles/blink.dir/home/abdurrahim/pico-sdk/src/rp2_common/pico_stdio/stdio.c.obj
                0x0000000010002978                stdio_init_all
 .text.resetd_init
                0x0000000010002980        0x4 CMakeFiles/blink.dir/home/abdurrahim/pico-sdk/src/rp2_common/pico_stdio_usb/reset_interface.c.obj
 .text.resetd_reset
                0x0000000010002984        0xc CMakeFiles/blink.dir/home/abdurrahim/pico-sdk/src/rp2_common/pico_stdio_usb/reset_interface.c.obj
 .text.resetd_xfer_cb
                0x0000000010002990        0x4 CMakeFiles/blink.dir/home/abdurrahim/pico-sdk/src/rp2_common/pico_stdio_usb/reset_interface.c.obj
 .text.resetd_open
                0x0000000010002994       0x28 CMakeFiles/blink.dir/home/abdurrahim/pico-sdk/src/rp2_common/pico_stdio_usb/reset_interface.c.obj
 .text.resetd_control_xfer_cb
                0x00000000100029bc       0x60 CMakeFiles/blink.dir/home/abdurrahim/pico-sdk/src/rp2_common/pico_stdio_usb/reset_interface.c.obj
 .text.usbd_app_driver_get_cb
                0x0000000010002a1c        0xc CMakeFiles/blink.dir/home/abdurrahim/pico-sdk/src/rp2_common/pico_stdio_usb/reset_interface.c.obj
                0x0000000010002a1c                usbd_app_driver_get_cb
 .text.tud_cdc_line_coding_cb
                0x0000000010002a28       0x34 CMakeFiles/blink.dir/home/abdurrahim/pico-sdk/src/rp2_common/pico_stdio_usb/reset_interface.c.obj
                0x0000000010002a28                tud_cdc_line_coding_cb
 .text.stdio_usb_set_chars_available_callback
                0x0000000010002a5c       0x14 CMakeFiles/blink.dir/home/abdurrahim/pico-sdk/src/rp2_common/pico_stdio_usb/stdio_usb.c.obj
                0x0000000010002a5c                stdio_usb_set_chars_available_callback
 .text.usb_irq  0x0000000010002a70       0x10 CMakeFiles/blink.dir/home/abdurrahim/pico-sdk/src/rp2_common/pico_stdio_usb/stdio_usb.c.obj
 .text.timer_task
                0x0000000010002a80       0x54 CMakeFiles/blink.dir/home/abdurrahim/pico-sdk/src/rp2_common/pico_stdio_usb/stdio_usb.c.obj
 .text.stdio_usb_in_chars
                0x0000000010002ad4       0x8c CMakeFiles/blink.dir/home/abdurrahim/pico-sdk/src/rp2_common/pico_stdio_usb/stdio_usb.c.obj
                0x0000000010002ad4                stdio_usb_in_chars
 .text.stdio_usb_out_chars
                0x0000000010002b60       0xfc CMakeFiles/blink.dir/home/abdurrahim/pico-sdk/src/rp2_common/pico_stdio_usb/stdio_usb.c.obj
 .text.low_priority_worker_irq
                0x0000000010002c5c       0xa4 CMakeFiles/blink.dir/home/abdurrahim/pico-sdk/src/rp2_common/pico_stdio_usb/stdio_usb.c.obj
 .text.tud_cdc_rx_cb
                0x0000000010002d00       0x20 CMakeFiles/blink.dir/home/abdurrahim/pico-sdk/src/rp2_common/pico_stdio_usb/stdio_usb.c.obj
                0x0000000010002d00                tud_cdc_rx_cb
 .text.stdio_usb_init
                0x0000000010002d20       0xd8 CMakeFiles/blink.dir/home/abdurrahim/pico-sdk/src/rp2_common/pico_stdio_usb/stdio_usb.c.obj
                0x0000000010002d20                stdio_usb_init
 .text.tud_descriptor_device_cb
                0x0000000010002df8        0x8 CMakeFiles/blink.dir/home/abdurrahim/pico-sdk/src/rp2_common/pico_stdio_usb/stdio_usb_descriptors.c.obj
                0x0000000010002df8                tud_descriptor_device_cb
 .text.tud_descriptor_configuration_cb
                0x0000000010002e00        0x8 CMakeFiles/blink.dir/home/abdurrahim/pico-sdk/src/rp2_common/pico_stdio_usb/stdio_usb_descriptors.c.obj
                0x0000000010002e00                tud_descriptor_configuration_cb
 .text.tud_descriptor_string_cb
                0x0000000010002e08       0x70 CMakeFiles/blink.dir/home/abdurrahim/pico-sdk/src/rp2_common/pico_stdio_usb/stdio_usb_descriptors.c.obj
                0x0000000010002e08                tud_descriptor_string_cb
 .text.startup._retrieve_unique_id_on_boot
                0x0000000010002e78       0x10 CMakeFiles/blink.dir/home/abdurrahim/pico-sdk/src/rp2_common/pico_unique_id/unique_id.c.obj
 .text.pico_get_unique_board_id_string
                0x0000000010002e88      0x1c0 CMakeFiles/blink.dir/home/abdurrahim/pico-sdk/src/rp2_common/pico_unique_id/unique_id.c.obj
                0x0000000010002e88                pico_get_unique_board_id_string
 .text.flash_get_unique_id
                0x0000000010003048       0x3c CMakeFiles/blink.dir/home/abdurrahim/pico-sdk/src/rp2_common/hardware_flash/flash.c.obj
                0x0000000010003048                flash_get_unique_id
 .text.dcd_int_enable
                0x0000000010003084        0xc CMakeFiles/blink.dir/home/abdurrahim/pico-sdk/lib/tinyusb/src/portable/raspberrypi/rp2040/dcd_rp2040.c.obj
                0x0000000010003084                dcd_int_enable
 .text.dcd_set_address
                0x0000000010003090       0x14 CMakeFiles/blink.dir/home/abdurrahim/pico-sdk/lib/tinyusb/src/portable/raspberrypi/rp2040/dcd_rp2040.c.obj
                0x0000000010003090                dcd_set_address
 .text.dcd_connect
                0x00000000100030a4       0x10 CMakeFiles/blink.dir/home/abdurrahim/pico-sdk/lib/tinyusb/src/portable/raspberrypi/rp2040/dcd_rp2040.c.obj
                0x00000000100030a4                dcd_connect
 .text.dcd_init
                0x00000000100030b4       0x98 CMakeFiles/blink.dir/home/abdurrahim/pico-sdk/lib/tinyusb/src/portable/raspberrypi/rp2040/dcd_rp2040.c.obj
                0x00000000100030b4                dcd_init
 .text.dcd_edpt0_status_complete
                0x000000001000314c       0x1c CMakeFiles/blink.dir/home/abdurrahim/pico-sdk/lib/tinyusb/src/portable/raspberrypi/rp2040/dcd_rp2040.c.obj
                0x000000001000314c                dcd_edpt0_status_complete
 .text.dcd_edpt_open
                0x0000000010003168      0x124 CMakeFiles/blink.dir/home/abdurrahim/pico-sdk/lib/tinyusb/src/portable/raspberrypi/rp2040/dcd_rp2040.c.obj
                0x0000000010003168                dcd_edpt_open
 .text.dcd_edpt_close_all
                0x000000001000328c        0x8 CMakeFiles/blink.dir/home/abdurrahim/pico-sdk/lib/tinyusb/src/portable/raspberrypi/rp2040/dcd_rp2040.c.obj
                0x000000001000328c                dcd_edpt_close_all
 .text.dcd_edpt_xfer
                0x0000000010003294       0x24 CMakeFiles/blink.dir/home/abdurrahim/pico-sdk/lib/tinyusb/src/portable/raspberrypi/rp2040/dcd_rp2040.c.obj
                0x0000000010003294                dcd_edpt_xfer
 .text.dcd_edpt_stall
                0x00000000100032b8       0x38 CMakeFiles/blink.dir/home/abdurrahim/pico-sdk/lib/tinyusb/src/portable/raspberrypi/rp2040/dcd_rp2040.c.obj
                0x00000000100032b8                dcd_edpt_stall
 .text.dcd_edpt_clear_stall
                0x00000000100032f0       0x2c CMakeFiles/blink.dir/home/abdurrahim/pico-sdk/lib/tinyusb/src/portable/raspberrypi/rp2040/dcd_rp2040.c.obj
                0x00000000100032f0                dcd_edpt_clear_stall
 .text.rp2040_usb_init
                0x000000001000331c       0x4c CMakeFiles/blink.dir/home/abdurrahim/pico-sdk/lib/tinyusb/src/portable/raspberrypi/rp2040/rp2040_usb.c.obj
                0x000000001000331c                rp2040_usb_init
 .text.hw_endpoint_xfer_start
                0x0000000010003368       0x54 CMakeFiles/blink.dir/home/abdurrahim/pico-sdk/lib/tinyusb/src/portable/raspberrypi/rp2040/rp2040_usb.c.obj
                0x0000000010003368                hw_endpoint_xfer_start
 .text.tud_mounted
                0x00000000100033bc       0x10 CMakeFiles/blink.dir/home/abdurrahim/pico-sdk/lib/tinyusb/src/device/usbd.c.obj
                0x00000000100033bc                tud_mounted
 .text.tud_suspended
                0x00000000100033cc       0x10 CMakeFiles/blink.dir/home/abdurrahim/pico-sdk/lib/tinyusb/src/device/usbd.c.obj
                0x00000000100033cc                tud_suspended
 .text.tud_inited
                0x00000000100033dc       0x14 CMakeFiles/blink.dir/home/abdurrahim/pico-sdk/lib/tinyusb/src/device/usbd.c.obj
                0x00000000100033dc                tud_inited
 .text.tud_init
                0x00000000100033f0       0xdc CMakeFiles/blink.dir/home/abdurrahim/pico-sdk/lib/tinyusb/src/device/usbd.c.obj
                0x00000000100033f0                tud_init
 .text.usbd_open_edpt_pair
                0x00000000100034cc       0xbc CMakeFiles/blink.dir/home/abdurrahim/pico-sdk/lib/tinyusb/src/device/usbd.c.obj
                0x00000000100034cc                usbd_open_edpt_pair
 .text.usbd_defer_func
                0x0000000010003588       0x54 CMakeFiles/blink.dir/home/abdurrahim/pico-sdk/lib/tinyusb/src/device/usbd.c.obj
                0x0000000010003588                usbd_defer_func
 .text.usbd_edpt_open
                0x00000000100035dc       0x38 CMakeFiles/blink.dir/home/abdurrahim/pico-sdk/lib/tinyusb/src/device/usbd.c.obj
                0x00000000100035dc                usbd_edpt_open
 .text.usbd_edpt_claim
                0x0000000010003614       0x28 CMakeFiles/blink.dir/home/abdurrahim/pico-sdk/lib/tinyusb/src/device/usbd.c.obj
                0x0000000010003614                usbd_edpt_claim
 .text.usbd_edpt_release
                0x000000001000363c       0x28 CMakeFiles/blink.dir/home/abdurrahim/pico-sdk/lib/tinyusb/src/device/usbd.c.obj
                0x000000001000363c                usbd_edpt_release
 .text.usbd_edpt_xfer
                0x0000000010003664       0x4c CMakeFiles/blink.dir/home/abdurrahim/pico-sdk/lib/tinyusb/src/device/usbd.c.obj
                0x0000000010003664                usbd_edpt_xfer
 .text.usbd_edpt_clear_stall
                0x00000000100036b0       0x3c CMakeFiles/blink.dir/home/abdurrahim/pico-sdk/lib/tinyusb/src/device/usbd.c.obj
                0x00000000100036b0                usbd_edpt_clear_stall
 .text.tud_task_ext
                0x00000000100036ec      0x8e4 CMakeFiles/blink.dir/home/abdurrahim/pico-sdk/lib/tinyusb/src/device/usbd.c.obj
                0x00000000100036ec                tud_task_ext
 .text.tud_control_status
                0x0000000010003fd0       0x30 CMakeFiles/blink.dir/home/abdurrahim/pico-sdk/lib/tinyusb/src/device/usbd_control.c.obj
                0x0000000010003fd0                tud_control_status
 .text.tud_control_xfer
                0x0000000010004000       0xac CMakeFiles/blink.dir/home/abdurrahim/pico-sdk/lib/tinyusb/src/device/usbd_control.c.obj
                0x0000000010004000                tud_control_xfer
 .text.usbd_control_reset
                0x00000000100040ac       0x14 CMakeFiles/blink.dir/home/abdurrahim/pico-sdk/lib/tinyusb/src/device/usbd_control.c.obj
                0x00000000100040ac                usbd_control_reset
 .text.usbd_control_set_complete_callback
                0x00000000100040c0        0xc CMakeFiles/blink.dir/home/abdurrahim/pico-sdk/lib/tinyusb/src/device/usbd_control.c.obj
                0x00000000100040c0                usbd_control_set_complete_callback
 .text.usbd_control_set_request
                0x00000000100040cc       0x1c CMakeFiles/blink.dir/home/abdurrahim/pico-sdk/lib/tinyusb/src/device/usbd_control.c.obj
                0x00000000100040cc                usbd_control_set_request
 .text.usbd_control_xfer_cb
                0x00000000100040e8       0xf8 CMakeFiles/blink.dir/home/abdurrahim/pico-sdk/lib/tinyusb/src/device/usbd_control.c.obj
                0x00000000100040e8                usbd_control_xfer_cb
 .text.tud_cdc_n_connected
                0x00000000100041e0       0x30 CMakeFiles/blink.dir/home/abdurrahim/pico-sdk/lib/tinyusb/src/class/cdc/cdc_device.c.obj
                0x00000000100041e0                tud_cdc_n_connected
 .text.tud_cdc_n_available
                0x0000000010004210       0x1c CMakeFiles/blink.dir/home/abdurrahim/pico-sdk/lib/tinyusb/src/class/cdc/cdc_device.c.obj
                0x0000000010004210                tud_cdc_n_available
 .text.tud_cdc_n_read
                0x000000001000422c       0x70 CMakeFiles/blink.dir/home/abdurrahim/pico-sdk/lib/tinyusb/src/class/cdc/cdc_device.c.obj
                0x000000001000422c                tud_cdc_n_read
 .text.tud_cdc_n_write
                0x000000001000429c       0x90 CMakeFiles/blink.dir/home/abdurrahim/pico-sdk/lib/tinyusb/src/class/cdc/cdc_device.c.obj
                0x000000001000429c                tud_cdc_n_write
 .text.tud_cdc_n_write_flush
                0x000000001000432c       0x78 CMakeFiles/blink.dir/home/abdurrahim/pico-sdk/lib/tinyusb/src/class/cdc/cdc_device.c.obj
                0x000000001000432c                tud_cdc_n_write_flush
 .text.tud_cdc_n_write_available
                0x00000000100043a4       0x1c CMakeFiles/blink.dir/home/abdurrahim/pico-sdk/lib/tinyusb/src/class/cdc/cdc_device.c.obj
                0x00000000100043a4                tud_cdc_n_write_available
 .text.cdcd_init
                0x00000000100043c0       0x7c CMakeFiles/blink.dir/home/abdurrahim/pico-sdk/lib/tinyusb/src/class/cdc/cdc_device.c.obj
                0x00000000100043c0                cdcd_init
 .text.cdcd_reset
                0x000000001000443c       0x2c CMakeFiles/blink.dir/home/abdurrahim/pico-sdk/lib/tinyusb/src/class/cdc/cdc_device.c.obj
                0x000000001000443c                cdcd_reset
 .text.cdcd_open
                0x0000000010004468       0xe8 CMakeFiles/blink.dir/home/abdurrahim/pico-sdk/lib/tinyusb/src/class/cdc/cdc_device.c.obj
                0x0000000010004468                cdcd_open
 .text.cdcd_control_xfer_cb
                0x0000000010004550       0xe0 CMakeFiles/blink.dir/home/abdurrahim/pico-sdk/lib/tinyusb/src/class/cdc/cdc_device.c.obj
                0x0000000010004550                cdcd_control_xfer_cb
 .text.cdcd_xfer_cb
                0x0000000010004630      0x194 CMakeFiles/blink.dir/home/abdurrahim/pico-sdk/lib/tinyusb/src/class/cdc/cdc_device.c.obj
                0x0000000010004630                cdcd_xfer_cb
 .text.tusb_init
                0x00000000100047c4        0xc CMakeFiles/blink.dir/home/abdurrahim/pico-sdk/lib/tinyusb/src/tusb.c.obj
                0x00000000100047c4                tusb_init
 .text.tusb_inited
                0x00000000100047d0        0x8 CMakeFiles/blink.dir/home/abdurrahim/pico-sdk/lib/tinyusb/src/tusb.c.obj
                0x00000000100047d0                tusb_inited
 .text.tu_edpt_claim
                0x00000000100047d8       0x48 CMakeFiles/blink.dir/home/abdurrahim/pico-sdk/lib/tinyusb/src/tusb.c.obj
                0x00000000100047d8                tu_edpt_claim
 .text.tu_edpt_release
                0x0000000010004820       0x34 CMakeFiles/blink.dir/home/abdurrahim/pico-sdk/lib/tinyusb/src/tusb.c.obj
                0x0000000010004820                tu_edpt_release
 .text.tu_edpt_validate
                0x0000000010004854       0x70 CMakeFiles/blink.dir/home/abdurrahim/pico-sdk/lib/tinyusb/src/tusb.c.obj
                0x0000000010004854                tu_edpt_validate
 .text.tu_edpt_bind_driver
                0x00000000100048c4       0x34 CMakeFiles/blink.dir/home/abdurrahim/pico-sdk/lib/tinyusb/src/tusb.c.obj
                0x00000000100048c4                tu_edpt_bind_driver
 .text.tu_fifo_config
                0x00000000100048f8       0x7c CMakeFiles/blink.dir/home/abdurrahim/pico-sdk/lib/tinyusb/src/common/tusb_fifo.c.obj
                0x00000000100048f8                tu_fifo_config
 .text.tu_fifo_count
                0x0000000010004974       0x28 CMakeFiles/blink.dir/home/abdurrahim/pico-sdk/lib/tinyusb/src/common/tusb_fifo.c.obj
                0x0000000010004974                tu_fifo_count
 .text.tu_fifo_empty
                0x000000001000499c       0x10 CMakeFiles/blink.dir/home/abdurrahim/pico-sdk/lib/tinyusb/src/common/tusb_fifo.c.obj
                0x000000001000499c                tu_fifo_empty
 .text.tu_fifo_remaining
                0x00000000100049ac       0x28 CMakeFiles/blink.dir/home/abdurrahim/pico-sdk/lib/tinyusb/src/common/tusb_fifo.c.obj
                0x00000000100049ac                tu_fifo_remaining
 .text.tu_fifo_read
                0x00000000100049d4       0xa0 CMakeFiles/blink.dir/home/abdurrahim/pico-sdk/lib/tinyusb/src/common/tusb_fifo.c.obj
                0x00000000100049d4                tu_fifo_read
 .text.tu_fifo_read_n
                0x0000000010004a74       0xe8 CMakeFiles/blink.dir/home/abdurrahim/pico-sdk/lib/tinyusb/src/common/tusb_fifo.c.obj
                0x0000000010004a74                tu_fifo_read_n
 .text.tu_fifo_write
                0x0000000010004b5c       0x8c CMakeFiles/blink.dir/home/abdurrahim/pico-sdk/lib/tinyusb/src/common/tusb_fifo.c.obj
                0x0000000010004b5c                tu_fifo_write
 .text.tu_fifo_write_n
                0x0000000010004be8      0x134 CMakeFiles/blink.dir/home/abdurrahim/pico-sdk/lib/tinyusb/src/common/tusb_fifo.c.obj
                0x0000000010004be8                tu_fifo_write_n
 .text.tu_fifo_clear
                0x0000000010004d1c       0x40 CMakeFiles/blink.dir/home/abdurrahim/pico-sdk/lib/tinyusb/src/common/tusb_fifo.c.obj
                0x0000000010004d1c                tu_fifo_clear
 .text.tu_fifo_set_overwritable
                0x0000000010004d5c       0x48 CMakeFiles/blink.dir/home/abdurrahim/pico-sdk/lib/tinyusb/src/common/tusb_fifo.c.obj
                0x0000000010004d5c                tu_fifo_set_overwritable
 .text          0x0000000010004da4      0x558 /usr/lib/gcc/arm-none-eabi/6.3.1/../../../arm-none-eabi/lib/thumb/v6-m/libc.a(lib_a-mallocr.o)
                0x0000000010004da4                _malloc_r
 .text          0x00000000100052fc        0x8 /usr/lib/gcc/arm-none-eabi/6.3.1/../../../arm-none-eabi/lib/thumb/v6-m/libc.a(lib_a-mlock.o)
                0x00000000100052fc                __malloc_lock
                0x0000000010005300                __malloc_unlock
 .text          0x0000000010005304       0x24 /usr/lib/gcc/arm-none-eabi/6.3.1/../../../arm-none-eabi/lib/thumb/v6-m/libc.a(lib_a-sbrkr.o)
                0x0000000010005304                _sbrk_r
 .text          0x0000000010005328       0x64 /usr/lib/gcc/arm-none-eabi/6.3.1/../../../arm-none-eabi/lib/thumb/v6-m/libc.a(lib_a-strlen-stub.o)
                0x0000000010005328                strlen
 .text          0x000000001000538c       0xd4 /usr/lib/gcc/arm-none-eabi/6.3.1/../../../arm-none-eabi/lib/thumb/v6-m/libc.a(lib_a-wbuf.o)
                0x000000001000538c                __swbuf_r
                0x0000000010005448                __swbuf
 .text          0x0000000010005460       0xd4 /usr/lib/gcc/arm-none-eabi/6.3.1/../../../arm-none-eabi/lib/thumb/v6-m/libc.a(lib_a-wsetup.o)
                0x0000000010005460                __swsetup_r
 .text          0x0000000010005534      0x1a4 /usr/lib/gcc/arm-none-eabi/6.3.1/../../../arm-none-eabi/lib/thumb/v6-m/libc.a(lib_a-fflush.o)
                0x0000000010005534                __sflush_r
                0x0000000010005684                _fflush_r
                0x00000000100056b0                fflush
 .text          0x00000000100056d8      0x22c /usr/lib/gcc/arm-none-eabi/6.3.1/../../../arm-none-eabi/lib/thumb/v6-m/libc.a(lib_a-findfp.o)
                0x00000000100056dc                _cleanup_r
                0x00000000100057e0                __sfmoreglue
                0x0000000010005810                __sfp
                0x000000001000589c                _cleanup
                0x00000000100058b4                __sinit
                0x00000000100058c4                __sfp_lock_acquire
                0x00000000100058c8                __sfp_lock_release
                0x00000000100058cc                __sinit_lock_acquire
                0x00000000100058d0                __sinit_lock_release
                0x00000000100058d4                __fp_lock_all
                0x00000000100058ec                __fp_unlock_all
 .text          0x0000000010005904      0x25c /usr/lib/gcc/arm-none-eabi/6.3.1/../../../arm-none-eabi/lib/thumb/v6-m/libc.a(lib_a-freer.o)
                0x0000000010005904                _malloc_trim_r
                0x00000000100059a4                _free_r
 .text          0x0000000010005b60       0x90 /usr/lib/gcc/arm-none-eabi/6.3.1/../../../arm-none-eabi/lib/thumb/v6-m/libc.a(lib_a-fwalk.o)
                0x0000000010005b60                _fwalk
                0x0000000010005ba4                _fwalk_reent
 .text          0x0000000010005bf0       0xe8 /usr/lib/gcc/arm-none-eabi/6.3.1/../../../arm-none-eabi/lib/thumb/v6-m/libc.a(lib_a-makebuf.o)
                0x0000000010005bf0                __swhatbuf_r
                0x0000000010005c50                __smakebuf_r
 .text          0x0000000010005cd8       0xa0 /usr/lib/gcc/arm-none-eabi/6.3.1/../../../arm-none-eabi/lib/thumb/v6-m/libc.a(lib_a-stdio.o)
                0x0000000010005cd8                __sread
                0x0000000010005d00                __seofread
                0x0000000010005d04                __swrite
                0x0000000010005d40                __sseek
                0x0000000010005d6c                __sclose
 .text          0x0000000010005d78       0x28 /usr/lib/gcc/arm-none-eabi/6.3.1/../../../arm-none-eabi/lib/thumb/v6-m/libc.a(lib_a-writer.o)
                0x0000000010005d78                _write_r
 .text          0x0000000010005da0       0x24 /usr/lib/gcc/arm-none-eabi/6.3.1/../../../arm-none-eabi/lib/thumb/v6-m/libc.a(lib_a-closer.o)
                0x0000000010005da0                _close_r
 .text          0x0000000010005dc4       0xa0 /usr/lib/gcc/arm-none-eabi/6.3.1/../../../arm-none-eabi/lib/thumb/v6-m/libc.a(lib_a-fclose.o)
                0x0000000010005dc4                _fclose_r
                0x0000000010005e50                fclose
 .text          0x0000000010005e64       0x28 /usr/lib/gcc/arm-none-eabi/6.3.1/../../../arm-none-eabi/lib/thumb/v6-m/libc.a(lib_a-fstatr.o)
                0x0000000010005e64                _fstat_r
 .text          0x0000000010005e8c       0x24 /usr/lib/gcc/arm-none-eabi/6.3.1/../../../arm-none-eabi/lib/thumb/v6-m/libc.a(lib_a-isattyr.o)
                0x0000000010005e8c                _isatty_r
 .text          0x0000000010005eb0       0x28 /usr/lib/gcc/arm-none-eabi/6.3.1/../../../arm-none-eabi/lib/thumb/v6-m/libc.a(lib_a-lseekr.o)
                0x0000000010005eb0                _lseek_r
 .text          0x0000000010005ed8       0x28 /usr/lib/gcc/arm-none-eabi/6.3.1/../../../arm-none-eabi/lib/thumb/v6-m/libc.a(lib_a-readr.o)
                0x0000000010005ed8                _read_r
 *(.fini)
 .fini          0x0000000010005f00        0x4 /usr/lib/gcc/arm-none-eabi/6.3.1/thumb/v6-m/crti.o
                0x0000000010005f00                _fini
 *fill*         0x0000000010005f04        0x4 
 .fini.__stub   0x0000000010005f08       0xc0 linker stubs
 *crtbegin.o(.ctors)
 *crtbegin?.o(.ctors)
 *(EXCLUDE_FILE(*crtend.o *crtend?.o) .ctors)
 *(SORT(.ctors.*))
 *(.ctors)
 *crtbegin.o(.dtors)
 *crtbegin?.o(.dtors)
 *(EXCLUDE_FILE(*crtend.o *crtend?.o) .dtors)
 *(SORT(.dtors.*))
 *(.dtors)
 *(.eh_frame*)
 .eh_frame      0x0000000010005fc8        0x0 /usr/lib/gcc/arm-none-eabi/6.3.1/thumb/v6-m/crtbegin.o
                0x0000000010005fc8                . = ALIGN (0x4)

.glue_7         0x0000000010005fc8        0x0
 .glue_7        0x0000000010005fc8        0x0 linker stubs

.glue_7t        0x0000000010005fc8        0x0
 .glue_7t       0x0000000010005fc8        0x0 linker stubs

.vfp11_veneer   0x0000000010005fc8        0x0
 .vfp11_veneer  0x0000000010005fc8        0x0 linker stubs

.v4_bx          0x0000000010005fc8        0x0
 .v4_bx         0x0000000010005fc8        0x0 linker stubs

.iplt           0x0000000010005fc8        0x0
 .iplt          0x0000000010005fc8        0x0 /usr/lib/gcc/arm-none-eabi/6.3.1/thumb/v6-m/crtbegin.o

.rodata         0x0000000010005fc8      0x2f4
 *(EXCLUDE_FILE(*libm.a: *libc.a:*lib_a-mem*.o *libgcc.a:) .rodata*)
 .rodata.main.str1.4
                0x0000000010005fc8       0x11 CMakeFiles/blink.dir/blink.c.obj
 *fill*         0x0000000010005fd9        0x3 
 .rodata.spin_lock_claim_unused.str1.4
                0x0000000010005fdc       0x1b CMakeFiles/blink.dir/home/abdurrahim/pico-sdk/src/rp2_common/hardware_sync/sync.c.obj
 *fill*         0x0000000010005ff7        0x1 
 .rodata.user_irq_claim_unused.str1.4
                0x0000000010005ff8       0x1b CMakeFiles/blink.dir/home/abdurrahim/pico-sdk/src/rp2_common/hardware_irq/irq.c.obj
 *fill*         0x0000000010006013        0x5 
 .rodata.at_the_end_of_time
                0x0000000010006018        0x8 CMakeFiles/blink.dir/home/abdurrahim/pico-sdk/src/common/pico_time/time.c.obj
                0x0000000010006018                at_the_end_of_time
 .rodata.hardware_alarm_claim.str1.4
                0x0000000010006020       0x22 CMakeFiles/blink.dir/home/abdurrahim/pico-sdk/src/rp2_common/hardware_timer/timer.c.obj
 *fill*         0x0000000010006042        0x2 
 .rodata.hard_assertion_failure.str1.4
                0x0000000010006044        0xc CMakeFiles/blink.dir/home/abdurrahim/pico-sdk/src/rp2_common/pico_runtime/runtime.c.obj
 .rodata.panic.str1.4
                0x0000000010006050       0x12 CMakeFiles/blink.dir/home/abdurrahim/pico-sdk/src/rp2_common/pico_runtime/runtime.c.obj
 *fill*         0x0000000010006062        0x2 
 .rodata.__bi_44
                0x0000000010006064        0xc CMakeFiles/blink.dir/home/abdurrahim/pico-sdk/src/rp2_common/pico_standard_link/binary_info.c.obj
 .rodata.__bi_75
                0x0000000010006070        0xc CMakeFiles/blink.dir/home/abdurrahim/pico-sdk/src/rp2_common/pico_standard_link/binary_info.c.obj
 .rodata.__bi_81
                0x000000001000607c        0xc CMakeFiles/blink.dir/home/abdurrahim/pico-sdk/src/rp2_common/pico_standard_link/binary_info.c.obj
 .rodata.str1.4
                0x0000000010006088       0x3c CMakeFiles/blink.dir/home/abdurrahim/pico-sdk/src/rp2_common/pico_standard_link/binary_info.c.obj
 .rodata.crlf_str.5969
                0x00000000100060c4        0x2 CMakeFiles/blink.dir/home/abdurrahim/pico-sdk/src/rp2_common/pico_stdio/stdio.c.obj
 *fill*         0x00000000100060c6        0x2 
 .rodata._resetd_driver
                0x00000000100060c8       0x18 CMakeFiles/blink.dir/home/abdurrahim/pico-sdk/src/rp2_common/pico_stdio_usb/reset_interface.c.obj
 .rodata.__bi_182.7542
                0x00000000100060e0        0xc CMakeFiles/blink.dir/home/abdurrahim/pico-sdk/src/rp2_common/pico_stdio_usb/stdio_usb.c.obj
 .rodata.str1.4
                0x00000000100060ec       0x13 CMakeFiles/blink.dir/home/abdurrahim/pico-sdk/src/rp2_common/pico_stdio_usb/stdio_usb.c.obj
 *fill*         0x00000000100060ff        0x1 
 .rodata.str1.4
                0x0000000010006100       0x2a CMakeFiles/blink.dir/home/abdurrahim/pico-sdk/src/rp2_common/pico_stdio_usb/stdio_usb_descriptors.c.obj
 *fill*         0x000000001000612a        0x2 
 .rodata.usbd_desc_cfg
                0x000000001000612c       0x54 CMakeFiles/blink.dir/home/abdurrahim/pico-sdk/src/rp2_common/pico_stdio_usb/stdio_usb_descriptors.c.obj
 .rodata.usbd_desc_device
                0x0000000010006180       0x12 CMakeFiles/blink.dir/home/abdurrahim/pico-sdk/src/rp2_common/pico_stdio_usb/stdio_usb_descriptors.c.obj
 *fill*         0x0000000010006192        0x2 
 .rodata.usbd_desc_str
                0x0000000010006194       0x18 CMakeFiles/blink.dir/home/abdurrahim/pico-sdk/src/rp2_common/pico_stdio_usb/stdio_usb_descriptors.c.obj
 .rodata.str1.4
                0x00000000100061ac       0x14 CMakeFiles/blink.dir/home/abdurrahim/pico-sdk/lib/tinyusb/src/portable/raspberrypi/rp2040/dcd_rp2040.c.obj
 .rodata.str1.4
                0x00000000100061c0       0x53 CMakeFiles/blink.dir/home/abdurrahim/pico-sdk/lib/tinyusb/src/portable/raspberrypi/rp2040/rp2040_usb.c.obj
 *fill*         0x0000000010006213        0x1 
 .rodata.tud_task_ext
                0x0000000010006214       0x8c CMakeFiles/blink.dir/home/abdurrahim/pico-sdk/lib/tinyusb/src/device/usbd.c.obj
 .rodata._usbd_driver
                0x00000000100062a0       0x18 CMakeFiles/blink.dir/home/abdurrahim/pico-sdk/lib/tinyusb/src/device/usbd.c.obj
 .rodata        0x00000000100062b8        0x4 /usr/lib/gcc/arm-none-eabi/6.3.1/../../../arm-none-eabi/lib/thumb/v6-m/libc.a(lib_a-impure.o)
                0x00000000100062b8                _global_impure_ptr
 .rodata.str1.4
                0x00000000100062bc       0x54 /usr/lib/gcc/arm-none-eabi/6.3.1/../../../arm-none-eabi/lib/thumb/v6-m/libc.a(lib_a-impure.o)
                                          0x2 (size before relaxing)
                0x0000000010006310                . = ALIGN (0x4)
 *(SORT(.flashdata*))
                0x0000000010006310                . = ALIGN (0x4)

.ARM.extab
 *(.ARM.extab* .gnu.linkonce.armextab.*)
                0x0000000010006310                __exidx_start = .

.ARM.exidx
 *(.ARM.exidx* .gnu.linkonce.armexidx.*)
                0x0000000010006310                __exidx_end = .
                0x0000000010006310                . = ALIGN (0x4)
                0x0000000010006310                __binary_info_start = .

.binary_info    0x00000000100062bc       0x20
 *(.binary_info.keep.*)
 .binary_info.keep.__bi_ptr22
                0x00000000100062bc        0x4 CMakeFiles/blink.dir/home/abdurrahim/pico-sdk/src/rp2_common/pico_standard_link/binary_info.c.obj
 .binary_info.keep.__bi_ptr30
                0x00000000100062c0        0x4 CMakeFiles/blink.dir/home/abdurrahim/pico-sdk/src/rp2_common/pico_standard_link/binary_info.c.obj
 .binary_info.keep.__bi_ptr38
                0x00000000100062c4        0x4 CMakeFiles/blink.dir/home/abdurrahim/pico-sdk/src/rp2_common/pico_standard_link/binary_info.c.obj
 .binary_info.keep.__bi_ptr44
                0x00000000100062c8        0x4 CMakeFiles/blink.dir/home/abdurrahim/pico-sdk/src/rp2_common/pico_standard_link/binary_info.c.obj
 .binary_info.keep.__bi_ptr50
                0x00000000100062cc        0x4 CMakeFiles/blink.dir/home/abdurrahim/pico-sdk/src/rp2_common/pico_standard_link/binary_info.c.obj
 .binary_info.keep.__bi_ptr75
                0x00000000100062d0        0x4 CMakeFiles/blink.dir/home/abdurrahim/pico-sdk/src/rp2_common/pico_standard_link/binary_info.c.obj
 .binary_info.keep.__bi_ptr81
                0x00000000100062d4        0x4 CMakeFiles/blink.dir/home/abdurrahim/pico-sdk/src/rp2_common/pico_standard_link/binary_info.c.obj
 *(.binary_info.*)
 .binary_info.__bi_ptr182
                0x00000000100062d8        0x4 CMakeFiles/blink.dir/home/abdurrahim/pico-sdk/src/rp2_common/pico_stdio_usb/stdio_usb.c.obj
                0x00000000100062dc                __binary_info_end = .

.rel.dyn        0x00000000100062dc        0x0
 .rel.iplt      0x00000000100062dc        0x0 /usr/lib/gcc/arm-none-eabi/6.3.1/thumb/v6-m/crtbegin.o
                0x00000000100062dc                . = ALIGN (0x4)

.ram_vector_table
                0x0000000020000000       0xc0
 *(.ram_vector_table)
 .ram_vector_table
                0x0000000020000000       0xc0 CMakeFiles/blink.dir/home/abdurrahim/pico-sdk/src/rp2_common/pico_runtime/runtime.c.obj
                0x0000000020000000                ram_vector_table

.data           0x00000000200000c0     0x16a0 load address 0x00000000100062dc
                0x00000000200000c0                __data_start__ = .
 *(vtable)
 *(.time_critical*)
 .time_critical.mutex_try_enter
                0x00000000200000c0       0x48 CMakeFiles/blink.dir/home/abdurrahim/pico-sdk/src/common/pico_sync/mutex.c.obj
                0x00000000200000c0                mutex_try_enter
 .time_critical.mutex_try_enter_block_until
                0x0000000020000108       0xb4 CMakeFiles/blink.dir/home/abdurrahim/pico-sdk/src/common/pico_sync/mutex.c.obj
                0x0000000020000108                mutex_try_enter_block_until
 .time_critical.mutex_enter_timeout_ms
                0x00000000200001bc       0x8c CMakeFiles/blink.dir/home/abdurrahim/pico-sdk/src/common/pico_sync/mutex.c.obj
                0x00000000200001bc                mutex_enter_timeout_ms
 .time_critical.mutex_exit
                0x0000000020000248       0x28 CMakeFiles/blink.dir/home/abdurrahim/pico-sdk/src/common/pico_sync/mutex.c.obj
                0x0000000020000248                mutex_exit
 .time_critical.flash_init_boot2_copyout
                0x0000000020000270       0x34 CMakeFiles/blink.dir/home/abdurrahim/pico-sdk/src/rp2_common/hardware_flash/flash.c.obj
 .time_critical.flash_enable_xip_via_boot2
                0x00000000200002a4       0x10 CMakeFiles/blink.dir/home/abdurrahim/pico-sdk/src/rp2_common/hardware_flash/flash.c.obj
 .time_critical.flash_cs_force
                0x00000000200002b4       0x38 CMakeFiles/blink.dir/home/abdurrahim/pico-sdk/src/rp2_common/hardware_flash/flash.c.obj
 .time_critical.flash_do_cmd
                0x00000000200002ec       0xac CMakeFiles/blink.dir/home/abdurrahim/pico-sdk/src/rp2_common/hardware_flash/flash.c.obj
                0x00000000200002ec                flash_do_cmd
 .time_critical.reset_non_control_endpoints
                0x0000000020000398       0xbc CMakeFiles/blink.dir/home/abdurrahim/pico-sdk/lib/tinyusb/src/portable/raspberrypi/rp2040/dcd_rp2040.c.obj
 .time_critical.hw_handle_buff_status
                0x0000000020000454       0xb8 CMakeFiles/blink.dir/home/abdurrahim/pico-sdk/lib/tinyusb/src/portable/raspberrypi/rp2040/dcd_rp2040.c.obj
 .time_critical.dcd_rp2040_irq
                0x000000002000050c      0x4dc CMakeFiles/blink.dir/home/abdurrahim/pico-sdk/lib/tinyusb/src/portable/raspberrypi/rp2040/dcd_rp2040.c.obj
 .time_critical.prepare_ep_buffer
                0x00000000200009e8       0x70 CMakeFiles/blink.dir/home/abdurrahim/pico-sdk/lib/tinyusb/src/portable/raspberrypi/rp2040/rp2040_usb.c.obj
 .time_critical.sync_ep_buffer
                0x0000000020000a58       0x4c CMakeFiles/blink.dir/home/abdurrahim/pico-sdk/lib/tinyusb/src/portable/raspberrypi/rp2040/rp2040_usb.c.obj
 .time_critical._hw_endpoint_xfer_sync
                0x0000000020000aa4       0x28 CMakeFiles/blink.dir/home/abdurrahim/pico-sdk/lib/tinyusb/src/portable/raspberrypi/rp2040/rp2040_usb.c.obj
 .time_critical.e15_is_bulkin_ep
                0x0000000020000acc       0x24 CMakeFiles/blink.dir/home/abdurrahim/pico-sdk/lib/tinyusb/src/portable/raspberrypi/rp2040/rp2040_usb.c.obj
 .time_critical.e15_is_critical_frame_period
                0x0000000020000af0       0x38 CMakeFiles/blink.dir/home/abdurrahim/pico-sdk/lib/tinyusb/src/portable/raspberrypi/rp2040/rp2040_usb.c.obj
 .time_critical.hw_endpoint_reset_transfer
                0x0000000020000b28        0xc CMakeFiles/blink.dir/home/abdurrahim/pico-sdk/lib/tinyusb/src/portable/raspberrypi/rp2040/rp2040_usb.c.obj
                0x0000000020000b28                hw_endpoint_reset_transfer
 .time_critical._hw_endpoint_buffer_control_update32
                0x0000000020000b34       0x58 CMakeFiles/blink.dir/home/abdurrahim/pico-sdk/lib/tinyusb/src/portable/raspberrypi/rp2040/rp2040_usb.c.obj
                0x0000000020000b34                _hw_endpoint_buffer_control_update32
 .time_critical.hw_endpoint_start_next_buffer
                0x0000000020000b8c       0x6c CMakeFiles/blink.dir/home/abdurrahim/pico-sdk/lib/tinyusb/src/portable/raspberrypi/rp2040/rp2040_usb.c.obj
                0x0000000020000b8c                hw_endpoint_start_next_buffer
 .time_critical.hw_endpoint_xfer_continue
                0x0000000020000bf8       0x50 CMakeFiles/blink.dir/home/abdurrahim/pico-sdk/lib/tinyusb/src/portable/raspberrypi/rp2040/rp2040_usb.c.obj
                0x0000000020000bf8                hw_endpoint_xfer_continue
 .time_critical.tinyusb
                0x0000000020000c48      0x168 CMakeFiles/blink.dir/home/abdurrahim/pico-sdk/lib/tinyusb/src/device/usbd.c.obj
                0x0000000020000c48                dcd_event_handler
 *(.text*)
 .text          0x0000000020000db0        0x4 /usr/lib/gcc/arm-none-eabi/6.3.1/thumb/v6-m/libgcc.a(_dvmd_tls.o)
                0x0000000020000db0                __aeabi_ldiv0
                0x0000000020000db0                __aeabi_idiv0
 *fill*         0x0000000020000db4        0x4 
 .text.__stub   0x0000000020000db8       0x70 linker stubs
                0x0000000020000e28                . = ALIGN (0x4)
 *(.rodata*)
                0x0000000020000e28                . = ALIGN (0x4)
 *(.data*)
 .data.striped_spin_lock_num
                0x0000000020000e28        0x1 CMakeFiles/blink.dir/home/abdurrahim/pico-sdk/src/rp2_common/hardware_sync/sync.c.obj
 *fill*         0x0000000020000e29        0x3 
 .data          0x0000000020000e2c       0x48 CMakeFiles/blink.dir/home/abdurrahim/pico-sdk/src/rp2_common/hardware_irq/irq_handler_chain.S.obj
                0x0000000020000e2c                irq_handler_chain_slots
                0x0000000020000e5c                irq_handler_chain_first_slot
                0x0000000020000e66                irq_handler_chain_remove_tail
 .data.default_alarm_pool
                0x0000000020000e74       0x18 CMakeFiles/blink.dir/home/abdurrahim/pico-sdk/src/common/pico_time/time.c.obj
 .data.default_alarm_pool_heap
                0x0000000020000e8c       0x10 CMakeFiles/blink.dir/home/abdurrahim/pico-sdk/src/common/pico_time/time.c.obj
 *fill*         0x0000000020000e9c        0x4 
 .data.aeabi_bits_funcs
                0x0000000020000ea0       0x10 CMakeFiles/blink.dir/home/abdurrahim/pico-sdk/src/rp2_common/pico_bit_ops/bit_ops_aeabi.S.obj
                0x0000000020000ea0                aeabi_bits_funcs
                0x0000000020000eb0                aeabi_bits_funcs_end
 .data.aeabi_mem_funcs
                0x0000000020000eb0       0x10 CMakeFiles/blink.dir/home/abdurrahim/pico-sdk/src/rp2_common/pico_mem_ops/mem_ops_aeabi.S.obj
                0x0000000020000eb0                aeabi_mem_funcs
                0x0000000020000ec0                aeabi_mem_funcs_end
 .data.stdio_usb
                0x0000000020000ec0       0x18 CMakeFiles/blink.dir/home/abdurrahim/pico-sdk/src/rp2_common/pico_stdio_usb/stdio_usb.c.obj
                0x0000000020000ec0                stdio_usb
 .data.ep_dir_string
                0x0000000020000ed8        0x8 CMakeFiles/blink.dir/home/abdurrahim/pico-sdk/lib/tinyusb/src/portable/raspberrypi/rp2040/rp2040_usb.c.obj
                0x0000000020000ed8                ep_dir_string
 .data._usbd_qdef
                0x0000000020000ee0       0x1c CMakeFiles/blink.dir/home/abdurrahim/pico-sdk/lib/tinyusb/src/device/usbd.c.obj
                0x0000000020000ee0                _usbd_qdef
 .data._usbd_rhport
                0x0000000020000efc        0x1 CMakeFiles/blink.dir/home/abdurrahim/pico-sdk/lib/tinyusb/src/device/usbd.c.obj
 *fill*         0x0000000020000efd        0x3 
 .data          0x0000000020000f00      0x430 /usr/lib/gcc/arm-none-eabi/6.3.1/../../../arm-none-eabi/lib/thumb/v6-m/libc.a(lib_a-impure.o)
                0x0000000020000f00                _impure_ptr
 .data          0x0000000020001330      0x410 /usr/lib/gcc/arm-none-eabi/6.3.1/../../../arm-none-eabi/lib/thumb/v6-m/libc.a(lib_a-mallocr.o)
                0x0000000020001330                __malloc_av_
                0x0000000020001738                __malloc_sbrk_base
                0x000000002000173c                __malloc_trim_threshold
                0x0000000020001740                . = ALIGN (0x4)
 *(.after_data.*)
                0x0000000020001740                . = ALIGN (0x4)
                0x0000000020001740                PROVIDE (__mutex_array_start, .)
 *(SORT(.mutex_array.*))
 *(.mutex_array)
 .mutex_array   0x0000000020001740        0x8 CMakeFiles/blink.dir/home/abdurrahim/pico-sdk/src/rp2_common/pico_stdio/stdio.c.obj
                0x0000000020001748                PROVIDE (__mutex_array_end, .)
                0x0000000020001748                . = ALIGN (0x4)
                0x0000000020001748                PROVIDE (__preinit_array_start, .)
 *(SORT(.preinit_array.*))
 .preinit_array.00001
                0x0000000020001748        0x4 CMakeFiles/blink.dir/home/abdurrahim/pico-sdk/src/rp2_common/pico_mem_ops/mem_ops_aeabi.S.obj
 .preinit_array.00010
                0x000000002000174c        0x4 CMakeFiles/blink.dir/home/abdurrahim/pico-sdk/src/rp2_common/pico_bit_ops/bit_ops_aeabi.S.obj
 .preinit_array.00020
                0x0000000020001750        0x4 CMakeFiles/blink.dir/home/abdurrahim/pico-sdk/src/rp2_common/pico_double/double_aeabi.S.obj
 .preinit_array.00020
                0x0000000020001754        0x4 CMakeFiles/blink.dir/home/abdurrahim/pico-sdk/src/rp2_common/pico_float/float_aeabi.S.obj
 *(.preinit_array)
                0x0000000020001758                PROVIDE (__preinit_array_end, .)
                0x0000000020001758                . = ALIGN (0x4)
                0x0000000020001758                PROVIDE (__init_array_start, .)
 *(SORT(.init_array.*))
 *(.init_array)
 .init_array    0x0000000020001758        0x4 /usr/lib/gcc/arm-none-eabi/6.3.1/thumb/v6-m/crtbegin.o
 .init_array    0x000000002000175c        0x4 CMakeFiles/blink.dir/home/abdurrahim/pico-sdk/src/rp2_common/pico_unique_id/unique_id.c.obj
                0x0000000020001760                PROVIDE (__init_array_end, .)
                0x0000000020001760                . = ALIGN (0x4)
                0x0000000020001760                PROVIDE (__fini_array_start, .)
 *(SORT(.fini_array.*))
 *(.fini_array)
                0x0000000020001760                PROVIDE (__fini_array_end, .)
 *(.jcr)
 .jcr           0x0000000020001760        0x0 /usr/lib/gcc/arm-none-eabi/6.3.1/thumb/v6-m/crtbegin.o
                0x0000000020001760                . = ALIGN (0x4)
                0x0000000020001760                __data_end__ = .
                0x00000000100062dc                __etext = LOADADDR (.data)

.tm_clone_table
                0x0000000020001760        0x0 load address 0x000000001000797c
 .tm_clone_table
                0x0000000020001760        0x0 /usr/lib/gcc/arm-none-eabi/6.3.1/thumb/v6-m/crtbegin.o
 .tm_clone_table
                0x0000000020001760        0x0 /usr/lib/gcc/arm-none-eabi/6.3.1/thumb/v6-m/crtend.o

.igot.plt       0x0000000020001760        0x0 load address 0x000000001000797c
 .igot.plt      0x0000000020001760        0x0 /usr/lib/gcc/arm-none-eabi/6.3.1/thumb/v6-m/crtbegin.o

.uninitialized_data
                0x0000000020001760        0x0 load address 0x000000001000797c
                0x0000000020001760                . = ALIGN (0x4)
 *(.uninitialized_data*)

.scratch_x      0x0000000020040000        0x0 load address 0x000000001000797c
                0x0000000020040000                __scratch_x_start__ = .
 *(.scratch_x.*)
                0x0000000020040000                . = ALIGN (0x4)
                0x0000000020040000                __scratch_x_end__ = .
                0x000000001000797c                __scratch_x_source__ = LOADADDR (.scratch_x)

.scratch_y      0x0000000020041000        0x0 load address 0x000000001000797c
                0x0000000020041000                __scratch_y_start__ = .
 *(.scratch_y.*)
                0x0000000020041000                . = ALIGN (0x4)
                0x0000000020041000                __scratch_y_end__ = .
                0x000000001000797c                __scratch_y_source__ = LOADADDR (.scratch_y)

.bss            0x0000000020001760      0xdc4
                0x0000000020001760                . = ALIGN (0x4)
                0x0000000020001760                __bss_start__ = .
 *(SORT(.bss*))
 .bss.default_alarm_pool_entries
                0x0000000020001760      0x100 CMakeFiles/blink.dir/home/abdurrahim/pico-sdk/src/common/pico_time/time.c.obj
 .bss.last_avail_time.7515
                0x0000000020001860        0x8 CMakeFiles/blink.dir/home/abdurrahim/pico-sdk/src/rp2_common/pico_stdio_usb/stdio_usb.c.obj
 .bss           0x0000000020001868       0x1c /usr/lib/gcc/arm-none-eabi/6.3.1/thumb/v6-m/crtbegin.o
 .bss           0x0000000020001884       0x34 /usr/lib/gcc/arm-none-eabi/6.3.1/../../../arm-none-eabi/lib/thumb/v6-m/libc.a(lib_a-mallocr.o)
                0x0000000020001884                __malloc_top_pad
                0x0000000020001888                __malloc_current_mallinfo
                0x00000000200018b0                __malloc_max_sbrked_mem
                0x00000000200018b4                __malloc_max_total_mem
 .bss._app_driver
                0x00000000200018b8        0x4 CMakeFiles/blink.dir/home/abdurrahim/pico-sdk/lib/tinyusb/src/device/usbd.c.obj
 .bss._cdcd_itf
                0x00000000200018bc      0x2c8 CMakeFiles/blink.dir/home/abdurrahim/pico-sdk/lib/tinyusb/src/class/cdc/cdc_device.c.obj
 .bss._ctrl_xfer
                0x0000000020001b84       0x14 CMakeFiles/blink.dir/home/abdurrahim/pico-sdk/lib/tinyusb/src/device/usbd_control.c.obj
 .bss._ubsd_mutexdef
                0x0000000020001b98        0x8 CMakeFiles/blink.dir/home/abdurrahim/pico-sdk/lib/tinyusb/src/device/usbd.c.obj
 .bss._usbd_ctrl_buf
                0x0000000020001ba0       0x40 CMakeFiles/blink.dir/home/abdurrahim/pico-sdk/lib/tinyusb/src/device/usbd_control.c.obj
 .bss._usbd_dev
                0x0000000020001be0       0x53 CMakeFiles/blink.dir/home/abdurrahim/pico-sdk/lib/tinyusb/src/device/usbd.c.obj
 *fill*         0x0000000020001c33        0x1 
 .bss._usbd_mutex
                0x0000000020001c34        0x4 CMakeFiles/blink.dir/home/abdurrahim/pico-sdk/lib/tinyusb/src/device/usbd.c.obj
 .bss._usbd_q   0x0000000020001c38        0x4 CMakeFiles/blink.dir/home/abdurrahim/pico-sdk/lib/tinyusb/src/device/usbd.c.obj
 .bss.alarm_callbacks
                0x0000000020001c3c       0x10 CMakeFiles/blink.dir/home/abdurrahim/pico-sdk/src/rp2_common/hardware_timer/timer.c.obj
 .bss.boot2_copyout
                0x0000000020001c4c      0x100 CMakeFiles/blink.dir/home/abdurrahim/pico-sdk/src/rp2_common/hardware_flash/flash.c.obj
 .bss.chars_available_callback
                0x0000000020001d4c        0x4 CMakeFiles/blink.dir/home/abdurrahim/pico-sdk/src/rp2_common/pico_stdio_usb/stdio_usb.c.obj
 .bss.chars_available_param
                0x0000000020001d50        0x4 CMakeFiles/blink.dir/home/abdurrahim/pico-sdk/src/rp2_common/pico_stdio_usb/stdio_usb.c.obj
 .bss.claimed   0x0000000020001d54        0x4 CMakeFiles/blink.dir/home/abdurrahim/pico-sdk/src/rp2_common/hardware_sync/sync.c.obj
 .bss.configured_freq
                0x0000000020001d58       0x28 CMakeFiles/blink.dir/home/abdurrahim/pico-sdk/src/rp2_common/hardware_clocks/clocks.c.obj
 .bss.default_alarm_pool_entry_ids_high
                0x0000000020001d80       0x10 CMakeFiles/blink.dir/home/abdurrahim/pico-sdk/src/common/pico_time/time.c.obj
 .bss.default_alarm_pool_heap_nodes
                0x0000000020001d90       0x30 CMakeFiles/blink.dir/home/abdurrahim/pico-sdk/src/common/pico_time/time.c.obj
 .bss.desc_str.7307
                0x0000000020001dc0       0x28 CMakeFiles/blink.dir/home/abdurrahim/pico-sdk/src/rp2_common/pico_stdio_usb/stdio_usb_descriptors.c.obj
 .bss.drivers   0x0000000020001de8        0x4 CMakeFiles/blink.dir/home/abdurrahim/pico-sdk/src/rp2_common/pico_stdio/stdio.c.obj
 .bss.e15_last_sof
                0x0000000020001dec        0x4 CMakeFiles/blink.dir/home/abdurrahim/pico-sdk/lib/tinyusb/src/portable/raspberrypi/rp2040/rp2040_usb.c.obj
                0x0000000020001dec                e15_last_sof
 .bss.filter    0x0000000020001df0        0x4 CMakeFiles/blink.dir/home/abdurrahim/pico-sdk/src/rp2_common/pico_stdio/stdio.c.obj
 .bss.heap_end.6301
                0x0000000020001df4        0x4 CMakeFiles/blink.dir/home/abdurrahim/pico-sdk/src/rp2_common/pico_runtime/runtime.c.obj
 .bss.hw_endpoints
                0x0000000020001df8      0x400 CMakeFiles/blink.dir/home/abdurrahim/pico-sdk/lib/tinyusb/src/portable/raspberrypi/rp2040/dcd_rp2040.c.obj
 .bss.lazy_vsnprintf
                0x00000000200021f8        0x4 CMakeFiles/blink.dir/home/abdurrahim/pico-sdk/src/rp2_common/pico_printf/printf.c.obj
 .bss.load_value
                0x00000000200021fc        0x4 CMakeFiles/blink.dir/home/abdurrahim/pico-sdk/src/rp2_common/hardware_watchdog/watchdog.c.obj
 .bss.next_buffer_ptr
                0x0000000020002200        0x4 CMakeFiles/blink.dir/home/abdurrahim/pico-sdk/lib/tinyusb/src/portable/raspberrypi/rp2040/dcd_rp2040.c.obj
 .bss.one_shot_timer_crit_sec
                0x0000000020002204        0x8 CMakeFiles/blink.dir/home/abdurrahim/pico-sdk/src/rp2_common/pico_stdio_usb/stdio_usb.c.obj
 .bss.pools     0x000000002000220c       0x10 CMakeFiles/blink.dir/home/abdurrahim/pico-sdk/src/common/pico_time/time.c.obj
 .bss.retrieved_id
                0x000000002000221c        0x8 CMakeFiles/blink.dir/home/abdurrahim/pico-sdk/src/rp2_common/pico_unique_id/unique_id.c.obj
 .bss.sf_clz_func
                0x0000000020002224        0x4 CMakeFiles/blink.dir/home/abdurrahim/pico-sdk/src/rp2_common/pico_double/double_init_rom.c.obj
                0x0000000020002224                sf_clz_func
 .bss.sleep_notifier
                0x0000000020002228        0x4 CMakeFiles/blink.dir/home/abdurrahim/pico-sdk/src/common/pico_time/time.c.obj
 .bss.stdio_usb_mutex
                0x000000002000222c        0x8 CMakeFiles/blink.dir/home/abdurrahim/pico-sdk/src/rp2_common/pico_stdio_usb/stdio_usb.c.obj
 .bss.target_hi
                0x0000000020002234       0x10 CMakeFiles/blink.dir/home/abdurrahim/pico-sdk/src/rp2_common/hardware_timer/timer.c.obj
 .bss.usbd_serial_str
                0x0000000020002244       0x11 CMakeFiles/blink.dir/home/abdurrahim/pico-sdk/src/rp2_common/pico_stdio_usb/stdio_usb_descriptors.c.obj
 .bss._app_driver_count
                0x0000000020002255        0x1 CMakeFiles/blink.dir/home/abdurrahim/pico-sdk/lib/tinyusb/src/device/usbd.c.obj
 .bss._sof_enable
                0x0000000020002256        0x1 CMakeFiles/blink.dir/home/abdurrahim/pico-sdk/lib/tinyusb/src/portable/raspberrypi/rp2040/dcd_rp2040.c.obj
 .bss.boot2_copyout_valid
                0x0000000020002257        0x1 CMakeFiles/blink.dir/home/abdurrahim/pico-sdk/src/rp2_common/hardware_flash/flash.c.obj
 .bss.claimed   0x0000000020002258        0x1 CMakeFiles/blink.dir/home/abdurrahim/pico-sdk/src/rp2_common/hardware_timer/timer.c.obj
 .bss.irq_hander_chain_free_slot_head
                0x0000000020002259        0x1 CMakeFiles/blink.dir/home/abdurrahim/pico-sdk/src/rp2_common/hardware_irq/irq.c.obj
 .bss.itf_num   0x000000002000225a        0x1 CMakeFiles/blink.dir/home/abdurrahim/pico-sdk/src/rp2_common/pico_stdio_usb/reset_interface.c.obj
 .bss.low_priority_irq_num
                0x000000002000225b        0x1 CMakeFiles/blink.dir/home/abdurrahim/pico-sdk/src/rp2_common/pico_stdio_usb/stdio_usb.c.obj
 .bss.one_shot_timer_pending
                0x000000002000225c        0x1 CMakeFiles/blink.dir/home/abdurrahim/pico-sdk/src/rp2_common/pico_stdio_usb/stdio_usb.c.obj
 .bss.timer_callbacks_pending
                0x000000002000225d        0x1 CMakeFiles/blink.dir/home/abdurrahim/pico-sdk/src/rp2_common/hardware_timer/timer.c.obj
 .bss.user_irq_claimed
                0x000000002000225e        0x1 CMakeFiles/blink.dir/home/abdurrahim/pico-sdk/src/rp2_common/hardware_irq/irq.c.obj
 *(COMMON)
 *fill*         0x000000002000225f        0x1 
 COMMON         0x0000000020002260      0x100 CMakeFiles/blink.dir/home/abdurrahim/pico-sdk/src/rp2_common/pico_double/double_init_rom.c.obj
                0x0000000020002260                sd_table
 COMMON         0x0000000020002360      0x100 CMakeFiles/blink.dir/home/abdurrahim/pico-sdk/src/rp2_common/pico_float/float_init_rom.c.obj
                0x0000000020002360                sf_table
 COMMON         0x0000000020002460       0xc0 CMakeFiles/blink.dir/home/abdurrahim/pico-sdk/lib/tinyusb/src/device/usbd.c.obj
                0x0000000020002460                _usbd_qdef_buf
 COMMON         0x0000000020002520        0x4 /usr/lib/gcc/arm-none-eabi/6.3.1/../../../arm-none-eabi/lib/thumb/v6-m/libc.a(lib_a-reent.o)
                0x0000000020002520                errno
                0x0000000020002524                . = ALIGN (0x4)
                0x0000000020002524                __bss_end__ = .

.heap           0x0000000020002524      0x800
                0x0000000020002524                __end__ = .
                0x0000000020002524                end = __end__
 *(.heap*)
 .heap          0x0000000020002524      0x800 CMakeFiles/blink.dir/home/abdurrahim/pico-sdk/src/rp2_common/pico_standard_link/crt0.S.obj
                0x0000000020002d24                __HeapLimit = .

.stack1_dummy   0x0000000020040000        0x0
 *(.stack1*)

.stack_dummy    0x0000000020041000      0x800
 *(.stack*)
 .stack         0x0000000020041000      0x800 CMakeFiles/blink.dir/home/abdurrahim/pico-sdk/src/rp2_common/pico_standard_link/crt0.S.obj

.flash_end      0x000000001000797c        0x0
                0x000000001000797c                PROVIDE (__flash_binary_end, .)
                0x0000000020040000                __StackLimit = (ORIGIN (RAM) + LENGTH (RAM))
                0x0000000020041000                __StackOneTop = (ORIGIN (SCRATCH_X) + LENGTH (SCRATCH_X))
                0x0000000020042000                __StackTop = (ORIGIN (SCRATCH_Y) + LENGTH (SCRATCH_Y))
                0x0000000020041000                __StackOneBottom = (__StackOneTop - SIZEOF (.stack1_dummy))
                0x0000000020041800                __StackBottom = (__StackTop - SIZEOF (.stack_dummy))
                0x0000000020042000                PROVIDE (__stack, __StackTop)
                0x0000000000000001                ASSERT ((__StackLimit >= __HeapLimit), region RAM overflowed)
                0x0000000000000001                ASSERT (((__binary_info_header_end - __logical_binary_start) <= 0x100), Binary info must be in first 256 bytes of the binary)
LOAD CMakeFiles/blink.dir/blink.c.obj
LOAD CMakeFiles/blink.dir/home/abdurrahim/pico-sdk/src/rp2_common/pico_stdlib/stdlib.c.obj
LOAD CMakeFiles/blink.dir/home/abdurrahim/pico-sdk/src/rp2_common/hardware_gpio/gpio.c.obj
LOAD CMakeFiles/blink.dir/home/abdurrahim/pico-sdk/src/rp2_common/pico_platform/platform.c.obj
LOAD CMakeFiles/blink.dir/home/abdurrahim/pico-sdk/src/rp2_common/hardware_claim/claim.c.obj
LOAD CMakeFiles/blink.dir/home/abdurrahim/pico-sdk/src/rp2_common/hardware_sync/sync.c.obj
LOAD CMakeFiles/blink.dir/home/abdurrahim/pico-sdk/src/rp2_common/hardware_irq/irq.c.obj
LOAD CMakeFiles/blink.dir/home/abdurrahim/pico-sdk/src/rp2_common/hardware_irq/irq_handler_chain.S.obj
LOAD CMakeFiles/blink.dir/home/abdurrahim/pico-sdk/src/common/pico_sync/sem.c.obj
LOAD CMakeFiles/blink.dir/home/abdurrahim/pico-sdk/src/common/pico_sync/lock_core.c.obj
LOAD CMakeFiles/blink.dir/home/abdurrahim/pico-sdk/src/common/pico_sync/mutex.c.obj
LOAD CMakeFiles/blink.dir/home/abdurrahim/pico-sdk/src/common/pico_sync/critical_section.c.obj
LOAD CMakeFiles/blink.dir/home/abdurrahim/pico-sdk/src/common/pico_time/time.c.obj
LOAD CMakeFiles/blink.dir/home/abdurrahim/pico-sdk/src/common/pico_time/timeout_helper.c.obj
LOAD CMakeFiles/blink.dir/home/abdurrahim/pico-sdk/src/rp2_common/hardware_timer/timer.c.obj
LOAD CMakeFiles/blink.dir/home/abdurrahim/pico-sdk/src/common/pico_util/datetime.c.obj
LOAD CMakeFiles/blink.dir/home/abdurrahim/pico-sdk/src/common/pico_util/pheap.c.obj
LOAD CMakeFiles/blink.dir/home/abdurrahim/pico-sdk/src/common/pico_util/queue.c.obj
LOAD CMakeFiles/blink.dir/home/abdurrahim/pico-sdk/src/rp2_common/hardware_uart/uart.c.obj
LOAD CMakeFiles/blink.dir/home/abdurrahim/pico-sdk/src/rp2_common/hardware_clocks/clocks.c.obj
LOAD CMakeFiles/blink.dir/home/abdurrahim/pico-sdk/src/rp2_common/hardware_pll/pll.c.obj
LOAD CMakeFiles/blink.dir/home/abdurrahim/pico-sdk/src/rp2_common/hardware_vreg/vreg.c.obj
LOAD CMakeFiles/blink.dir/home/abdurrahim/pico-sdk/src/rp2_common/hardware_watchdog/watchdog.c.obj
LOAD CMakeFiles/blink.dir/home/abdurrahim/pico-sdk/src/rp2_common/hardware_xosc/xosc.c.obj
LOAD CMakeFiles/blink.dir/home/abdurrahim/pico-sdk/src/rp2_common/hardware_divider/divider.S.obj
LOAD CMakeFiles/blink.dir/home/abdurrahim/pico-sdk/src/rp2_common/pico_runtime/runtime.c.obj
LOAD CMakeFiles/blink.dir/home/abdurrahim/pico-sdk/src/rp2_common/pico_printf/printf.c.obj
LOAD CMakeFiles/blink.dir/home/abdurrahim/pico-sdk/src/rp2_common/pico_bit_ops/bit_ops_aeabi.S.obj
LOAD CMakeFiles/blink.dir/home/abdurrahim/pico-sdk/src/rp2_common/pico_bootrom/bootrom.c.obj
LOAD CMakeFiles/blink.dir/home/abdurrahim/pico-sdk/src/rp2_common/pico_divider/divider.S.obj
LOAD CMakeFiles/blink.dir/home/abdurrahim/pico-sdk/src/rp2_common/pico_double/double_aeabi.S.obj
LOAD CMakeFiles/blink.dir/home/abdurrahim/pico-sdk/src/rp2_common/pico_double/double_init_rom.c.obj
LOAD CMakeFiles/blink.dir/home/abdurrahim/pico-sdk/src/rp2_common/pico_double/double_math.c.obj
LOAD CMakeFiles/blink.dir/home/abdurrahim/pico-sdk/src/rp2_common/pico_double/double_v1_rom_shim.S.obj
LOAD CMakeFiles/blink.dir/home/abdurrahim/pico-sdk/src/rp2_common/pico_int64_ops/pico_int64_ops_aeabi.S.obj
LOAD CMakeFiles/blink.dir/home/abdurrahim/pico-sdk/src/rp2_common/pico_float/float_aeabi.S.obj
LOAD CMakeFiles/blink.dir/home/abdurrahim/pico-sdk/src/rp2_common/pico_float/float_init_rom.c.obj
LOAD CMakeFiles/blink.dir/home/abdurrahim/pico-sdk/src/rp2_common/pico_float/float_math.c.obj
LOAD CMakeFiles/blink.dir/home/abdurrahim/pico-sdk/src/rp2_common/pico_float/float_v1_rom_shim.S.obj
LOAD CMakeFiles/blink.dir/home/abdurrahim/pico-sdk/src/rp2_common/pico_malloc/pico_malloc.c.obj
LOAD CMakeFiles/blink.dir/home/abdurrahim/pico-sdk/src/rp2_common/pico_mem_ops/mem_ops_aeabi.S.obj
LOAD CMakeFiles/blink.dir/home/abdurrahim/pico-sdk/src/rp2_common/pico_standard_link/crt0.S.obj
LOAD CMakeFiles/blink.dir/home/abdurrahim/pico-sdk/src/rp2_common/pico_standard_link/new_delete.cpp.obj
LOAD CMakeFiles/blink.dir/home/abdurrahim/pico-sdk/src/rp2_common/pico_standard_link/binary_info.c.obj
LOAD CMakeFiles/blink.dir/home/abdurrahim/pico-sdk/src/rp2_common/pico_stdio/stdio.c.obj
LOAD CMakeFiles/blink.dir/home/abdurrahim/pico-sdk/src/rp2_common/pico_stdio_usb/reset_interface.c.obj
LOAD CMakeFiles/blink.dir/home/abdurrahim/pico-sdk/src/rp2_common/pico_stdio_usb/stdio_usb.c.obj
LOAD CMakeFiles/blink.dir/home/abdurrahim/pico-sdk/src/rp2_common/pico_stdio_usb/stdio_usb_descriptors.c.obj
LOAD CMakeFiles/blink.dir/home/abdurrahim/pico-sdk/src/rp2_common/pico_unique_id/unique_id.c.obj
LOAD CMakeFiles/blink.dir/home/abdurrahim/pico-sdk/src/rp2_common/hardware_flash/flash.c.obj
LOAD CMakeFiles/blink.dir/home/abdurrahim/pico-sdk/lib/tinyusb/src/portable/raspberrypi/rp2040/dcd_rp2040.c.obj
LOAD CMakeFiles/blink.dir/home/abdurrahim/pico-sdk/lib/tinyusb/src/portable/raspberrypi/rp2040/rp2040_usb.c.obj
LOAD CMakeFiles/blink.dir/home/abdurrahim/pico-sdk/lib/tinyusb/src/device/usbd.c.obj
LOAD CMakeFiles/blink.dir/home/abdurrahim/pico-sdk/lib/tinyusb/src/device/usbd_control.c.obj
LOAD CMakeFiles/blink.dir/home/abdurrahim/pico-sdk/lib/tinyusb/src/class/audio/audio_device.c.obj
LOAD CMakeFiles/blink.dir/home/abdurrahim/pico-sdk/lib/tinyusb/src/class/cdc/cdc_device.c.obj
LOAD CMakeFiles/blink.dir/home/abdurrahim/pico-sdk/lib/tinyusb/src/class/dfu/dfu_device.c.obj
LOAD CMakeFiles/blink.dir/home/abdurrahim/pico-sdk/lib/tinyusb/src/class/dfu/dfu_rt_device.c.obj
LOAD CMakeFiles/blink.dir/home/abdurrahim/pico-sdk/lib/tinyusb/src/class/hid/hid_device.c.obj
LOAD CMakeFiles/blink.dir/home/abdurrahim/pico-sdk/lib/tinyusb/src/class/midi/midi_device.c.obj
LOAD CMakeFiles/blink.dir/home/abdurrahim/pico-sdk/lib/tinyusb/src/class/msc/msc_device.c.obj
LOAD CMakeFiles/blink.dir/home/abdurrahim/pico-sdk/lib/tinyusb/src/class/net/ecm_rndis_device.c.obj
LOAD CMakeFiles/blink.dir/home/abdurrahim/pico-sdk/lib/tinyusb/src/class/net/ncm_device.c.obj
LOAD CMakeFiles/blink.dir/home/abdurrahim/pico-sdk/lib/tinyusb/src/class/usbtmc/usbtmc_device.c.obj
LOAD CMakeFiles/blink.dir/home/abdurrahim/pico-sdk/lib/tinyusb/src/class/vendor/vendor_device.c.obj
LOAD CMakeFiles/blink.dir/home/abdurrahim/pico-sdk/lib/tinyusb/src/class/video/video_device.c.obj
LOAD CMakeFiles/blink.dir/home/abdurrahim/pico-sdk/lib/tinyusb/src/tusb.c.obj
LOAD CMakeFiles/blink.dir/home/abdurrahim/pico-sdk/lib/tinyusb/src/common/tusb_fifo.c.obj
LOAD CMakeFiles/blink.dir/home/abdurrahim/pico-sdk/src/rp2_common/pico_fix/rp2040_usb_device_enumeration/rp2040_usb_device_enumeration.c.obj
LOAD /tmp/ccxwMWEK.o
LOAD /usr/lib/gcc/arm-none-eabi/6.3.1/../../../arm-none-eabi/lib/thumb/v6-m/libstdc++.a
LOAD /usr/lib/gcc/arm-none-eabi/6.3.1/../../../arm-none-eabi/lib/thumb/v6-m/libm.a
START GROUP
LOAD /usr/lib/gcc/arm-none-eabi/6.3.1/thumb/v6-m/libgcc.a
LOAD /usr/lib/gcc/arm-none-eabi/6.3.1/../../../arm-none-eabi/lib/thumb/v6-m/libc.a
END GROUP
START GROUP
LOAD /usr/lib/gcc/arm-none-eabi/6.3.1/thumb/v6-m/libgcc.a
LOAD /usr/lib/gcc/arm-none-eabi/6.3.1/../../../arm-none-eabi/lib/thumb/v6-m/libc.a
LOAD /usr/lib/gcc/arm-none-eabi/6.3.1/../../../arm-none-eabi/lib/thumb/v6-m/libnosys.a
END GROUP
LOAD /usr/lib/gcc/arm-none-eabi/6.3.1/thumb/v6-m/crtend.o
LOAD /usr/lib/gcc/arm-none-eabi/6.3.1/thumb/v6-m/crtn.o
OUTPUT(blink.elf elf32-littlearm)

.ARM.attributes
                0x0000000000000000       0x28
 .ARM.attributes
                0x0000000000000000       0x1e /usr/lib/gcc/arm-none-eabi/6.3.1/thumb/v6-m/crti.o
 .ARM.attributes
                0x000000000000001e       0x2c /usr/lib/gcc/arm-none-eabi/6.3.1/thumb/v6-m/crtbegin.o
 .ARM.attributes
                0x000000000000004a       0x32 CMakeFiles/blink.dir/blink.c.obj
 .ARM.attributes
                0x000000000000007c       0x32 CMakeFiles/blink.dir/home/abdurrahim/pico-sdk/src/rp2_common/hardware_gpio/gpio.c.obj
 .ARM.attributes
                0x00000000000000ae       0x32 CMakeFiles/blink.dir/home/abdurrahim/pico-sdk/src/rp2_common/pico_platform/platform.c.obj
 .ARM.attributes
                0x00000000000000e0       0x32 CMakeFiles/blink.dir/home/abdurrahim/pico-sdk/src/rp2_common/hardware_claim/claim.c.obj
 .ARM.attributes
                0x0000000000000112       0x32 CMakeFiles/blink.dir/home/abdurrahim/pico-sdk/src/rp2_common/hardware_sync/sync.c.obj
 .ARM.attributes
                0x0000000000000144       0x32 CMakeFiles/blink.dir/home/abdurrahim/pico-sdk/src/rp2_common/hardware_irq/irq.c.obj
 .ARM.attributes
                0x0000000000000176       0x22 CMakeFiles/blink.dir/home/abdurrahim/pico-sdk/src/rp2_common/hardware_irq/irq_handler_chain.S.obj
 .ARM.attributes
                0x0000000000000198       0x32 CMakeFiles/blink.dir/home/abdurrahim/pico-sdk/src/common/pico_sync/lock_core.c.obj
 .ARM.attributes
                0x00000000000001ca       0x32 CMakeFiles/blink.dir/home/abdurrahim/pico-sdk/src/common/pico_sync/mutex.c.obj
 .ARM.attributes
                0x00000000000001fc       0x32 CMakeFiles/blink.dir/home/abdurrahim/pico-sdk/src/common/pico_sync/critical_section.c.obj
 .ARM.attributes
                0x000000000000022e       0x32 CMakeFiles/blink.dir/home/abdurrahim/pico-sdk/src/common/pico_time/time.c.obj
 .ARM.attributes
                0x0000000000000260       0x32 CMakeFiles/blink.dir/home/abdurrahim/pico-sdk/src/rp2_common/hardware_timer/timer.c.obj
 .ARM.attributes
                0x0000000000000292       0x32 CMakeFiles/blink.dir/home/abdurrahim/pico-sdk/src/common/pico_util/pheap.c.obj
 .ARM.attributes
                0x00000000000002c4       0x32 CMakeFiles/blink.dir/home/abdurrahim/pico-sdk/src/rp2_common/hardware_clocks/clocks.c.obj
 .ARM.attributes
                0x00000000000002f6       0x32 CMakeFiles/blink.dir/home/abdurrahim/pico-sdk/src/rp2_common/hardware_pll/pll.c.obj
 .ARM.attributes
                0x0000000000000328       0x32 CMakeFiles/blink.dir/home/abdurrahim/pico-sdk/src/rp2_common/hardware_watchdog/watchdog.c.obj
 .ARM.attributes
                0x000000000000035a       0x32 CMakeFiles/blink.dir/home/abdurrahim/pico-sdk/src/rp2_common/hardware_xosc/xosc.c.obj
 .ARM.attributes
                0x000000000000038c       0x32 CMakeFiles/blink.dir/home/abdurrahim/pico-sdk/src/rp2_common/pico_runtime/runtime.c.obj
 .ARM.attributes
                0x00000000000003be       0x32 CMakeFiles/blink.dir/home/abdurrahim/pico-sdk/src/rp2_common/pico_printf/printf.c.obj
 .ARM.attributes
                0x00000000000003f0       0x22 CMakeFiles/blink.dir/home/abdurrahim/pico-sdk/src/rp2_common/pico_bit_ops/bit_ops_aeabi.S.obj
 .ARM.attributes
                0x0000000000000412       0x32 CMakeFiles/blink.dir/home/abdurrahim/pico-sdk/src/rp2_common/pico_bootrom/bootrom.c.obj
 .ARM.attributes
                0x0000000000000444       0x22 CMakeFiles/blink.dir/home/abdurrahim/pico-sdk/src/rp2_common/pico_divider/divider.S.obj
 .ARM.attributes
                0x0000000000000466       0x22 CMakeFiles/blink.dir/home/abdurrahim/pico-sdk/src/rp2_common/pico_double/double_aeabi.S.obj
 .ARM.attributes
                0x0000000000000488       0x32 CMakeFiles/blink.dir/home/abdurrahim/pico-sdk/src/rp2_common/pico_double/double_init_rom.c.obj
 .ARM.attributes
                0x00000000000004ba       0x22 CMakeFiles/blink.dir/home/abdurrahim/pico-sdk/src/rp2_common/pico_double/double_v1_rom_shim.S.obj
 .ARM.attributes
                0x00000000000004dc       0x22 CMakeFiles/blink.dir/home/abdurrahim/pico-sdk/src/rp2_common/pico_int64_ops/pico_int64_ops_aeabi.S.obj
 .ARM.attributes
                0x00000000000004fe       0x22 CMakeFiles/blink.dir/home/abdurrahim/pico-sdk/src/rp2_common/pico_float/float_aeabi.S.obj
 .ARM.attributes
                0x0000000000000520       0x32 CMakeFiles/blink.dir/home/abdurrahim/pico-sdk/src/rp2_common/pico_float/float_init_rom.c.obj
 .ARM.attributes
                0x0000000000000552       0x22 CMakeFiles/blink.dir/home/abdurrahim/pico-sdk/src/rp2_common/pico_float/float_v1_rom_shim.S.obj
 .ARM.attributes
                0x0000000000000574       0x22 CMakeFiles/blink.dir/home/abdurrahim/pico-sdk/src/rp2_common/pico_mem_ops/mem_ops_aeabi.S.obj
 .ARM.attributes
                0x0000000000000596       0x22 CMakeFiles/blink.dir/home/abdurrahim/pico-sdk/src/rp2_common/pico_standard_link/crt0.S.obj
 .ARM.attributes
                0x00000000000005b8       0x32 CMakeFiles/blink.dir/home/abdurrahim/pico-sdk/src/rp2_common/pico_standard_link/binary_info.c.obj
 .ARM.attributes
                0x00000000000005ea       0x32 CMakeFiles/blink.dir/home/abdurrahim/pico-sdk/src/rp2_common/pico_stdio/stdio.c.obj
 .ARM.attributes
                0x000000000000061c       0x32 CMakeFiles/blink.dir/home/abdurrahim/pico-sdk/src/rp2_common/pico_stdio_usb/reset_interface.c.obj
 .ARM.attributes
                0x000000000000064e       0x32 CMakeFiles/blink.dir/home/abdurrahim/pico-sdk/src/rp2_common/pico_stdio_usb/stdio_usb.c.obj
 .ARM.attributes
                0x0000000000000680       0x32 CMakeFiles/blink.dir/home/abdurrahim/pico-sdk/src/rp2_common/pico_stdio_usb/stdio_usb_descriptors.c.obj
 .ARM.attributes
                0x00000000000006b2       0x32 CMakeFiles/blink.dir/home/abdurrahim/pico-sdk/src/rp2_common/pico_unique_id/unique_id.c.obj
 .ARM.attributes
                0x00000000000006e4       0x32 CMakeFiles/blink.dir/home/abdurrahim/pico-sdk/src/rp2_common/hardware_flash/flash.c.obj
 .ARM.attributes
                0x0000000000000716       0x32 CMakeFiles/blink.dir/home/abdurrahim/pico-sdk/lib/tinyusb/src/portable/raspberrypi/rp2040/dcd_rp2040.c.obj
 .ARM.attributes
                0x0000000000000748       0x32 CMakeFiles/blink.dir/home/abdurrahim/pico-sdk/lib/tinyusb/src/portable/raspberrypi/rp2040/rp2040_usb.c.obj
 .ARM.attributes
                0x000000000000077a       0x32 CMakeFiles/blink.dir/home/abdurrahim/pico-sdk/lib/tinyusb/src/device/usbd.c.obj
 .ARM.attributes
                0x00000000000007ac       0x32 CMakeFiles/blink.dir/home/abdurrahim/pico-sdk/lib/tinyusb/src/device/usbd_control.c.obj
 .ARM.attributes
                0x00000000000007de       0x32 CMakeFiles/blink.dir/home/abdurrahim/pico-sdk/lib/tinyusb/src/class/cdc/cdc_device.c.obj
 .ARM.attributes
                0x0000000000000810       0x32 CMakeFiles/blink.dir/home/abdurrahim/pico-sdk/lib/tinyusb/src/tusb.c.obj
 .ARM.attributes
                0x0000000000000842       0x32 CMakeFiles/blink.dir/home/abdurrahim/pico-sdk/lib/tinyusb/src/common/tusb_fifo.c.obj
 .ARM.attributes
                0x0000000000000874       0x22 /tmp/ccxwMWEK.o
 .ARM.attributes
                0x0000000000000896       0x1e /usr/lib/gcc/arm-none-eabi/6.3.1/thumb/v6-m/libgcc.a(_dvmd_tls.o)
 .ARM.attributes
                0x00000000000008b4       0x2c /usr/lib/gcc/arm-none-eabi/6.3.1/../../../arm-none-eabi/lib/thumb/v6-m/libc.a(lib_a-impure.o)
 .ARM.attributes
                0x00000000000008e0       0x2c /usr/lib/gcc/arm-none-eabi/6.3.1/../../../arm-none-eabi/lib/thumb/v6-m/libc.a(lib_a-mallocr.o)
 .ARM.attributes
                0x000000000000090c       0x2c /usr/lib/gcc/arm-none-eabi/6.3.1/../../../arm-none-eabi/lib/thumb/v6-m/libc.a(lib_a-mlock.o)
 .ARM.attributes
                0x0000000000000938       0x2c /usr/lib/gcc/arm-none-eabi/6.3.1/../../../arm-none-eabi/lib/thumb/v6-m/libc.a(lib_a-sbrkr.o)
 .ARM.attributes
                0x0000000000000964       0x2c /usr/lib/gcc/arm-none-eabi/6.3.1/../../../arm-none-eabi/lib/thumb/v6-m/libc.a(lib_a-strlen-stub.o)
 .ARM.attributes
                0x0000000000000990       0x2c /usr/lib/gcc/arm-none-eabi/6.3.1/../../../arm-none-eabi/lib/thumb/v6-m/libc.a(lib_a-wbuf.o)
 .ARM.attributes
                0x00000000000009bc       0x2c /usr/lib/gcc/arm-none-eabi/6.3.1/../../../arm-none-eabi/lib/thumb/v6-m/libc.a(lib_a-wsetup.o)
 .ARM.attributes
                0x00000000000009e8       0x2c /usr/lib/gcc/arm-none-eabi/6.3.1/../../../arm-none-eabi/lib/thumb/v6-m/libc.a(lib_a-fflush.o)
 .ARM.attributes
                0x0000000000000a14       0x2c /usr/lib/gcc/arm-none-eabi/6.3.1/../../../arm-none-eabi/lib/thumb/v6-m/libc.a(lib_a-findfp.o)
 .ARM.attributes
                0x0000000000000a40       0x2c /usr/lib/gcc/arm-none-eabi/6.3.1/../../../arm-none-eabi/lib/thumb/v6-m/libc.a(lib_a-freer.o)
 .ARM.attributes
                0x0000000000000a6c       0x2c /usr/lib/gcc/arm-none-eabi/6.3.1/../../../arm-none-eabi/lib/thumb/v6-m/libc.a(lib_a-fwalk.o)
 .ARM.attributes
                0x0000000000000a98       0x2c /usr/lib/gcc/arm-none-eabi/6.3.1/../../../arm-none-eabi/lib/thumb/v6-m/libc.a(lib_a-makebuf.o)
 .ARM.attributes
                0x0000000000000ac4       0x2c /usr/lib/gcc/arm-none-eabi/6.3.1/../../../arm-none-eabi/lib/thumb/v6-m/libc.a(lib_a-reent.o)
 .ARM.attributes
                0x0000000000000af0       0x2c /usr/lib/gcc/arm-none-eabi/6.3.1/../../../arm-none-eabi/lib/thumb/v6-m/libc.a(lib_a-stdio.o)
 .ARM.attributes
                0x0000000000000b1c       0x2c /usr/lib/gcc/arm-none-eabi/6.3.1/../../../arm-none-eabi/lib/thumb/v6-m/libc.a(lib_a-writer.o)
 .ARM.attributes
                0x0000000000000b48       0x2c /usr/lib/gcc/arm-none-eabi/6.3.1/../../../arm-none-eabi/lib/thumb/v6-m/libc.a(lib_a-closer.o)
 .ARM.attributes
                0x0000000000000b74       0x2c /usr/lib/gcc/arm-none-eabi/6.3.1/../../../arm-none-eabi/lib/thumb/v6-m/libc.a(lib_a-fclose.o)
 .ARM.attributes
                0x0000000000000ba0       0x2c /usr/lib/gcc/arm-none-eabi/6.3.1/../../../arm-none-eabi/lib/thumb/v6-m/libc.a(lib_a-fstatr.o)
 .ARM.attributes
                0x0000000000000bcc       0x2c /usr/lib/gcc/arm-none-eabi/6.3.1/../../../arm-none-eabi/lib/thumb/v6-m/libc.a(lib_a-isattyr.o)
 .ARM.attributes
                0x0000000000000bf8       0x2c /usr/lib/gcc/arm-none-eabi/6.3.1/../../../arm-none-eabi/lib/thumb/v6-m/libc.a(lib_a-lseekr.o)
 .ARM.attributes
                0x0000000000000c24       0x2c /usr/lib/gcc/arm-none-eabi/6.3.1/../../../arm-none-eabi/lib/thumb/v6-m/libc.a(lib_a-readr.o)
 .ARM.attributes