Archive member included to satisfy reference by file (symbol)

/usr/lib/gcc/arm-none-eabi/6.3.1/thumb/v6-m/libgcc.a(_dvmd_tls.o)
                              CMakeFiles/tempe.dir/home/abdurrahim/pico-sdk/src/rp2_common/pico_divider/divider.S.obj (__aeabi_idiv0)
/usr/lib/gcc/arm-none-eabi/6.3.1/../../../arm-none-eabi/lib/thumb/v6-m/libc.a(lib_a-atexit.o)
                              /usr/lib/gcc/arm-none-eabi/6.3.1/../../../arm-none-eabi/lib/thumb/v6-m/crt0.o (atexit)
/usr/lib/gcc/arm-none-eabi/6.3.1/../../../arm-none-eabi/lib/thumb/v6-m/libc.a(lib_a-calloc.o)
                              CMakeFiles/tempe.dir/home/abdurrahim/pico-sdk/src/rp2_common/pico_malloc/pico_malloc.c.obj (calloc)
/usr/lib/gcc/arm-none-eabi/6.3.1/../../../arm-none-eabi/lib/thumb/v6-m/libc.a(lib_a-callocr.o)
                              /usr/lib/gcc/arm-none-eabi/6.3.1/../../../arm-none-eabi/lib/thumb/v6-m/libc.a(lib_a-calloc.o) (_calloc_r)
/usr/lib/gcc/arm-none-eabi/6.3.1/../../../arm-none-eabi/lib/thumb/v6-m/libc.a(lib_a-fini.o)
                              /usr/lib/gcc/arm-none-eabi/6.3.1/../../../arm-none-eabi/lib/thumb/v6-m/crt0.o (__libc_fini_array)
/usr/lib/gcc/arm-none-eabi/6.3.1/../../../arm-none-eabi/lib/thumb/v6-m/libc.a(lib_a-impure.o)
                              CMakeFiles/tempe.dir/home/abdurrahim/pico-sdk/src/common/pico_util/pheap.c.obj (_impure_ptr)
/usr/lib/gcc/arm-none-eabi/6.3.1/../../../arm-none-eabi/lib/thumb/v6-m/libc.a(lib_a-init.o)
                              /usr/lib/gcc/arm-none-eabi/6.3.1/../../../arm-none-eabi/lib/thumb/v6-m/crt0.o (__libc_init_array)
/usr/lib/gcc/arm-none-eabi/6.3.1/../../../arm-none-eabi/lib/thumb/v6-m/libc.a(lib_a-malloc.o)
                              CMakeFiles/tempe.dir/home/abdurrahim/pico-sdk/src/rp2_common/pico_malloc/pico_malloc.c.obj (malloc)
/usr/lib/gcc/arm-none-eabi/6.3.1/../../../arm-none-eabi/lib/thumb/v6-m/libc.a(lib_a-mallocr.o)
                              /usr/lib/gcc/arm-none-eabi/6.3.1/../../../arm-none-eabi/lib/thumb/v6-m/libc.a(lib_a-callocr.o) (_malloc_r)
/usr/lib/gcc/arm-none-eabi/6.3.1/../../../arm-none-eabi/lib/thumb/v6-m/libc.a(lib_a-mlock.o)
                              /usr/lib/gcc/arm-none-eabi/6.3.1/../../../arm-none-eabi/lib/thumb/v6-m/libc.a(lib_a-mallocr.o) (__malloc_lock)
/usr/lib/gcc/arm-none-eabi/6.3.1/../../../arm-none-eabi/lib/thumb/v6-m/libc.a(lib_a-realloc.o)
                              CMakeFiles/tempe.dir/home/abdurrahim/pico-sdk/src/rp2_common/pico_malloc/pico_malloc.c.obj (realloc)
/usr/lib/gcc/arm-none-eabi/6.3.1/../../../arm-none-eabi/lib/thumb/v6-m/libc.a(lib_a-reallocr.o)
                              /usr/lib/gcc/arm-none-eabi/6.3.1/../../../arm-none-eabi/lib/thumb/v6-m/libc.a(lib_a-realloc.o) (_realloc_r)
/usr/lib/gcc/arm-none-eabi/6.3.1/../../../arm-none-eabi/lib/thumb/v6-m/libc.a(lib_a-sbrkr.o)
                              /usr/lib/gcc/arm-none-eabi/6.3.1/../../../arm-none-eabi/lib/thumb/v6-m/libc.a(lib_a-mallocr.o) (_sbrk_r)
/usr/lib/gcc/arm-none-eabi/6.3.1/../../../arm-none-eabi/lib/thumb/v6-m/libc.a(lib_a-strlen-stub.o)
                              CMakeFiles/tempe.dir/home/abdurrahim/pico-sdk/src/rp2_common/pico_stdio/stdio.c.obj (strlen)
/usr/lib/gcc/arm-none-eabi/6.3.1/../../../arm-none-eabi/lib/thumb/v6-m/libc.a(lib_a-wbuf.o)
                              CMakeFiles/tempe.dir/home/abdurrahim/pico-sdk/src/common/pico_util/pheap.c.obj (__swbuf_r)
/usr/lib/gcc/arm-none-eabi/6.3.1/../../../arm-none-eabi/lib/thumb/v6-m/libc.a(lib_a-wsetup.o)
                              /usr/lib/gcc/arm-none-eabi/6.3.1/../../../arm-none-eabi/lib/thumb/v6-m/libc.a(lib_a-wbuf.o) (__swsetup_r)
/usr/lib/gcc/arm-none-eabi/6.3.1/../../../arm-none-eabi/lib/thumb/v6-m/libc.a(lib_a-__atexit.o)
                              /usr/lib/gcc/arm-none-eabi/6.3.1/../../../arm-none-eabi/lib/thumb/v6-m/libc.a(lib_a-atexit.o) (__register_exitproc)
/usr/lib/gcc/arm-none-eabi/6.3.1/../../../arm-none-eabi/lib/thumb/v6-m/libc.a(lib_a-fflush.o)
                              /usr/lib/gcc/arm-none-eabi/6.3.1/../../../arm-none-eabi/lib/thumb/v6-m/libc.a(lib_a-wbuf.o) (_fflush_r)
/usr/lib/gcc/arm-none-eabi/6.3.1/../../../arm-none-eabi/lib/thumb/v6-m/libc.a(lib_a-findfp.o)
                              /usr/lib/gcc/arm-none-eabi/6.3.1/../../../arm-none-eabi/lib/thumb/v6-m/libc.a(lib_a-wbuf.o) (__sinit)
/usr/lib/gcc/arm-none-eabi/6.3.1/../../../arm-none-eabi/lib/thumb/v6-m/libc.a(lib_a-freer.o)
                              /usr/lib/gcc/arm-none-eabi/6.3.1/../../../arm-none-eabi/lib/thumb/v6-m/libc.a(lib_a-malloc.o) (_free_r)
/usr/lib/gcc/arm-none-eabi/6.3.1/../../../arm-none-eabi/lib/thumb/v6-m/libc.a(lib_a-fwalk.o)
                              /usr/lib/gcc/arm-none-eabi/6.3.1/../../../arm-none-eabi/lib/thumb/v6-m/libc.a(lib_a-findfp.o) (_fwalk)
/usr/lib/gcc/arm-none-eabi/6.3.1/../../../arm-none-eabi/lib/thumb/v6-m/libc.a(lib_a-makebuf.o)
[...]
Memory Configuration

Name             Origin             Length             Attributes
FLASH            0x0000000010000000 0x0000000000200000 xr
RAM              0x0000000020000000 0x0000000000040000 xrw
SCRATCH_X        0x0000000020040000 0x0000000000001000 xrw
SCRATCH_Y        0x0000000020041000 0x0000000000001000 xrw
*default*        0x0000000000000000 0xffffffffffffffff

Linker script and memory map

LOAD /usr/lib/gcc/arm-none-eabi/6.3.1/thumb/v6-m/crti.o
LOAD /usr/lib/gcc/arm-none-eabi/6.3.1/thumb/v6-m/crtbegin.o
LOAD /usr/lib/gcc/arm-none-eabi/6.3.1/../../../arm-none-eabi/lib/thumb/v6-m/crt0.o

.flash_begin    0x0000000010000000        0x0
                0x0000000010000000                __flash_binary_start = .

.boot2          0x0000000010000000      0x100
                0x0000000010000000                __boot2_start__ = .
 *(.boot2)
 .boot2         0x0000000010000000      0x100 /tmp/ccP43weS.o
                0x0000000010000100                __boot2_end__ = .
                0x0000000000000001                ASSERT (((__boot2_end__ - __boot2_start__) == 0x100), ERROR: Pico second stage bootloader must be 256 bytes in size)

.text           0x0000000010000100     0x8540
                0x0000000010000100                __logical_binary_start = .
 *(.vectors)
 .vectors       0x0000000010000100       0xd4 CMakeFiles/tempe.dir/home/abdurrahim/pico-sdk/src/rp2_common/pico_standard_link/crt0.S.obj
                0x0000000010000100                __vectors
                0x0000000010000100                __VECTOR_TABLE
                0x00000000100001c0                isr_invalid
                0x00000000100001c0                __default_isrs_start
                0x00000000100001c2                isr_nmi
                0x00000000100001c4                isr_hardfault
                0x00000000100001c6                isr_svcall
                0x00000000100001c8                isr_pendsv
                0x00000000100001ca                isr_systick
                0x00000000100001cc                isr_irq30
                0x00000000100001cc                __unhandled_user_irq
                0x00000000100001cc                isr_irq13
                0x00000000100001cc                isr_irq27
                0x00000000100001cc                isr_irq31
                0x00000000100001cc                isr_irq5
                0x00000000100001cc                isr_irq11
                0x00000000100001cc                isr_irq23
                0x00000000100001cc                isr_irq18
                0x00000000100001cc                isr_irq28
                0x00000000100001cc                isr_irq19
                0x00000000100001cc                isr_irq0
                0x00000000100001cc                isr_irq6
                0x00000000100001cc                isr_irq22
                0x00000000100001cc                isr_irq17
                0x00000000100001cc                isr_irq14
                0x00000000100001cc                isr_irq2
                0x00000000100001cc                isr_irq10
                0x00000000100001cc                isr_irq8
                0x00000000100001cc                isr_irq24
                0x00000000100001cc                isr_irq1
                0x00000000100001cc                isr_irq7
                0x00000000100001cc                isr_irq21
                0x00000000100001cc                isr_irq20
                0x00000000100001cc                isr_irq15
                0x00000000100001cc                isr_irq25
                0x00000000100001cc                isr_irq4
                0x00000000100001cc                isr_irq16
                0x00000000100001cc                isr_irq29
                0x00000000100001cc                isr_irq26
                0x00000000100001cc                __default_isrs_end
                0x00000000100001cc                isr_irq3
                0x00000000100001cc                isr_irq12
                0x00000000100001cc                isr_irq9
                0x00000000100001d2                unhandled_user_irq_num_in_r0
 *(.binary_info_header)
 .binary_info_header
                0x00000000100001d4       0x14 CMakeFiles/tempe.dir/home/abdurrahim/pico-sdk/src/rp2_common/pico_standard_link/crt0.S.obj
                0x00000000100001e8                __binary_info_header_end = .
 *(.reset)
 .reset         0x00000000100001e8       0xa0 CMakeFiles/tempe.dir/home/abdurrahim/pico-sdk/src/rp2_common/pico_standard_link/crt0.S.obj
                0x00000000100001e8                _entry_point
 .reset         0x0000000010000288       0x30 CMakeFiles/tempe.dir/home/abdurrahim/pico-sdk/src/rp2_common/pico_standard_link/binary_info.c.obj
 *(.init)
 .init          0x00000000100002b8        0x4 /usr/lib/gcc/arm-none-eabi/6.3.1/thumb/v6-m/crti.o
                0x00000000100002b8                _init
 *(EXCLUDE_FILE(*libm.a: *libc.a:*lib_a-mem*.o *libgcc.a:) .text*)
 .text          0x00000000100002bc       0xb4 /usr/lib/gcc/arm-none-eabi/6.3.1/thumb/v6-m/crtbegin.o
 .text.startup.main
                0x0000000010000370       0xc4 CMakeFiles/tempe.dir/temp.c.obj
                0x0000000010000370                main
 .text.gpio_init
                0x0000000010000434       0x3c CMakeFiles/tempe.dir/home/abdurrahim/pico-sdk/src/rp2_common/hardware_gpio/gpio.c.obj
                0x0000000010000434                gpio_init
 .text.running_on_fpga
                0x0000000010000470       0x10 CMakeFiles/tempe.dir/home/abdurrahim/pico-sdk/src/rp2_common/pico_platform/platform.c.obj
                0x0000000010000470                running_on_fpga
 .text.hw_claim_or_assert
                0x0000000010000480       0x44 CMakeFiles/tempe.dir/home/abdurrahim/pico-sdk/src/rp2_common/hardware_claim/claim.c.obj
                0x0000000010000480                hw_claim_or_assert
 .text.hw_claim_unused_from_range
                0x00000000100004c4       0x8c CMakeFiles/tempe.dir/home/abdurrahim/pico-sdk/src/rp2_common/hardware_claim/claim.c.obj
                0x00000000100004c4                hw_claim_unused_from_range
 .text.spin_locks_reset
                0x0000000010000550       0x1c CMakeFiles/tempe.dir/home/abdurrahim/pico-sdk/src/rp2_common/hardware_sync/sync.c.obj
                0x0000000010000550                spin_locks_reset
 .text.next_striped_spin_lock_num
                0x000000001000056c       0x18 CMakeFiles/tempe.dir/home/abdurrahim/pico-sdk/src/rp2_common/hardware_sync/sync.c.obj
                0x000000001000056c                next_striped_spin_lock_num
 .text.spin_lock_claim_unused
                0x0000000010000584       0x20 CMakeFiles/tempe.dir/home/abdurrahim/pico-sdk/src/rp2_common/hardware_sync/sync.c.obj
                0x0000000010000584                spin_lock_claim_unused
 .text.irq_set_enabled
                0x00000000100005a4       0x24 CMakeFiles/tempe.dir/home/abdurrahim/pico-sdk/src/rp2_common/hardware_irq/irq.c.obj
                0x00000000100005a4                irq_set_enabled
 .text.irq_set_pending
                0x00000000100005c8       0x10 CMakeFiles/tempe.dir/home/abdurrahim/pico-sdk/src/rp2_common/hardware_irq/irq.c.obj
                0x00000000100005c8                irq_set_pending
 .text.irq_has_shared_handler
                0x00000000100005d8       0x2c CMakeFiles/tempe.dir/home/abdurrahim/pico-sdk/src/rp2_common/hardware_irq/irq.c.obj
                0x00000000100005d8                irq_has_shared_handler
 .text.irq_get_vtable_handler
                0x0000000010000604       0x10 CMakeFiles/tempe.dir/home/abdurrahim/pico-sdk/src/rp2_common/hardware_irq/irq.c.obj
                0x0000000010000604                irq_get_vtable_handler
 .text.irq_set_exclusive_handler
                0x0000000010000614       0x54 CMakeFiles/tempe.dir/home/abdurrahim/pico-sdk/src/rp2_common/hardware_irq/irq.c.obj
                0x0000000010000614                irq_set_exclusive_handler
 .text.irq_add_shared_handler
                0x0000000010000668      0x1d0 CMakeFiles/tempe.dir/home/abdurrahim/pico-sdk/src/rp2_common/hardware_irq/irq.c.obj
                0x0000000010000668                irq_add_shared_handler
 .text.irq_remove_handler
                0x0000000010000838      0x1b0 CMakeFiles/tempe.dir/home/abdurrahim/pico-sdk/src/rp2_common/hardware_irq/irq.c.obj
                0x0000000010000838                irq_remove_handler
 .text.irq_add_tail_to_free_list
                0x00000000100009e8       0xb4 CMakeFiles/tempe.dir/home/abdurrahim/pico-sdk/src/rp2_common/hardware_irq/irq.c.obj
                0x00000000100009e8                irq_add_tail_to_free_list
 .text.irq_init_priorities
                0x0000000010000a9c       0x48 CMakeFiles/tempe.dir/home/abdurrahim/pico-sdk/src/rp2_common/hardware_irq/irq.c.obj
                0x0000000010000a9c                irq_init_priorities
 .text.user_irq_claim_unused
                0x0000000010000ae4       0x28 CMakeFiles/tempe.dir/home/abdurrahim/pico-sdk/src/rp2_common/hardware_irq/irq.c.obj
                0x0000000010000ae4                user_irq_claim_unused
 .text.lock_init
                0x0000000010000b0c       0x10 CMakeFiles/tempe.dir/home/abdurrahim/pico-sdk/src/common/pico_sync/lock_core.c.obj
                0x0000000010000b0c                lock_init
 .text.mutex_init
                0x0000000010000b1c       0x1c CMakeFiles/tempe.dir/home/abdurrahim/pico-sdk/src/common/pico_sync/mutex.c.obj
                0x0000000010000b1c                mutex_init
 .text.recursive_mutex_init
                0x0000000010000b38       0x20 CMakeFiles/tempe.dir/home/abdurrahim/pico-sdk/src/common/pico_sync/mutex.c.obj
                0x0000000010000b38                recursive_mutex_init
 .text.critical_section_init
                0x0000000010000b58       0x20 CMakeFiles/tempe.dir/home/abdurrahim/pico-sdk/src/common/pico_sync/critical_section.c.obj
                0x0000000010000b58                critical_section_init
 .text.critical_section_init_with_lock_num
                0x0000000010000b78       0x14 CMakeFiles/tempe.dir/home/abdurrahim/pico-sdk/src/common/pico_sync/critical_section.c.obj
                0x0000000010000b78                critical_section_init_with_lock_num
 .text.timer_pool_entry_comparator
                0x0000000010000b8c       0x34 CMakeFiles/tempe.dir/home/abdurrahim/pico-sdk/src/common/pico_time/time.c.obj
                0x0000000010000b8c                timer_pool_entry_comparator
 .text.sleep_until_callback
                0x0000000010000bc0       0x30 CMakeFiles/tempe.dir/home/abdurrahim/pico-sdk/src/common/pico_time/time.c.obj
 .text.add_alarm_under_lock
                0x0000000010000bf0      0x124 CMakeFiles/tempe.dir/home/abdurrahim/pico-sdk/src/common/pico_time/time.c.obj
 .text.alarm_pool_alarm_callback
                0x0000000010000d14      0x1c0 CMakeFiles/tempe.dir/home/abdurrahim/pico-sdk/src/common/pico_time/time.c.obj
 .text.alarm_pool_init_default
                0x0000000010000ed4       0x6c CMakeFiles/tempe.dir/home/abdurrahim/pico-sdk/src/common/pico_time/time.c.obj
                0x0000000010000ed4                alarm_pool_init_default
 .text.alarm_pool_get_default
                0x0000000010000f40        0x8 CMakeFiles/tempe.dir/home/abdurrahim/pico-sdk/src/common/pico_time/time.c.obj
                0x0000000010000f40                alarm_pool_get_default
 .text.alarm_pool_add_alarm_at
                0x0000000010000f48      0x194 CMakeFiles/tempe.dir/home/abdurrahim/pico-sdk/src/common/pico_time/time.c.obj
                0x0000000010000f48                alarm_pool_add_alarm_at
 .text.alarm_pool_core_num
                0x00000000100010dc        0x4 CMakeFiles/tempe.dir/home/abdurrahim/pico-sdk/src/common/pico_time/time.c.obj
                0x00000000100010dc                alarm_pool_core_num
 .text.sleep_until
                0x00000000100010e0      0x1e8 CMakeFiles/tempe.dir/home/abdurrahim/pico-sdk/src/common/pico_time/time.c.obj
                0x00000000100010e0                sleep_until
 .text.sleep_ms
                0x00000000100012c8       0x34 CMakeFiles/tempe.dir/home/abdurrahim/pico-sdk/src/common/pico_time/time.c.obj
                0x00000000100012c8                sleep_ms
 .text.best_effort_wfe_or_timeout
                0x00000000100012fc      0x1f8 CMakeFiles/tempe.dir/home/abdurrahim/pico-sdk/src/common/pico_time/time.c.obj
                0x00000000100012fc                best_effort_wfe_or_timeout
 .text.hardware_alarm_irq_handler
                0x00000000100014f4       0xa4 CMakeFiles/tempe.dir/home/abdurrahim/pico-sdk/src/rp2_common/hardware_timer/timer.c.obj
 .text.hardware_alarm_claim
                0x0000000010001598       0x18 CMakeFiles/tempe.dir/home/abdurrahim/pico-sdk/src/rp2_common/hardware_timer/timer.c.obj
                0x0000000010001598                hardware_alarm_claim
 .text.time_us_64
                0x00000000100015b0       0x18 CMakeFiles/tempe.dir/home/abdurrahim/pico-sdk/src/rp2_common/hardware_timer/timer.c.obj
                0x00000000100015b0                time_us_64
 .text.busy_wait_us
                0x00000000100015c8       0x54 CMakeFiles/tempe.dir/home/abdurrahim/pico-sdk/src/rp2_common/hardware_timer/timer.c.obj
                0x00000000100015c8                busy_wait_us
 .text.busy_wait_until
                0x000000001000161c       0x20 CMakeFiles/tempe.dir/home/abdurrahim/pico-sdk/src/rp2_common/hardware_timer/timer.c.obj
                0x000000001000161c                busy_wait_until
 .text.hardware_alarm_set_callback
                0x000000001000163c       0x8c CMakeFiles/tempe.dir/home/abdurrahim/pico-sdk/src/rp2_common/hardware_timer/timer.c.obj
                0x000000001000163c                hardware_alarm_set_callback
 .text.hardware_alarm_set_target
                0x00000000100016c8       0xdc CMakeFiles/tempe.dir/home/abdurrahim/pico-sdk/src/rp2_common/hardware_timer/timer.c.obj
                0x00000000100016c8                hardware_alarm_set_target
 .text.hardware_alarm_cancel
                0x00000000100017a4       0x40 CMakeFiles/tempe.dir/home/abdurrahim/pico-sdk/src/rp2_common/hardware_timer/timer.c.obj
                0x00000000100017a4                hardware_alarm_cancel
 .text.ph_merge_two_pass.part.3
                0x00000000100017e4      0x18c CMakeFiles/tempe.dir/home/abdurrahim/pico-sdk/src/common/pico_util/pheap.c.obj
 .text.ph_post_alloc_init
                0x0000000010001970       0x3c CMakeFiles/tempe.dir/home/abdurrahim/pico-sdk/src/common/pico_util/pheap.c.obj
                0x0000000010001970                ph_post_alloc_init
 .text.ph_remove_head
                0x00000000100019ac      0x154 CMakeFiles/tempe.dir/home/abdurrahim/pico-sdk/src/common/pico_util/pheap.c.obj
                0x00000000100019ac                ph_remove_head
 .text.ph_remove_and_free_node
                0x0000000010001b00      0x310 CMakeFiles/tempe.dir/home/abdurrahim/pico-sdk/src/common/pico_util/pheap.c.obj
                0x0000000010001b00                ph_remove_and_free_node
 .text.clocks_init
                0x0000000010001e10      0x2dc CMakeFiles/tempe.dir/home/abdurrahim/pico-sdk/src/rp2_common/hardware_clocks/clocks.c.obj
                0x0000000010001e10                clocks_init
 .text.pll_init
                0x00000000100020ec       0x9c CMakeFiles/tempe.dir/home/abdurrahim/pico-sdk/src/rp2_common/hardware_pll/pll.c.obj
                0x00000000100020ec                pll_init
 .text.watchdog_start_tick
                0x0000000010002188       0x10 CMakeFiles/tempe.dir/home/abdurrahim/pico-sdk/src/rp2_common/hardware_watchdog/watchdog.c.obj
                0x0000000010002188                watchdog_start_tick
 .text.watchdog_reboot
                0x0000000010002198       0x94 CMakeFiles/tempe.dir/home/abdurrahim/pico-sdk/src/rp2_common/hardware_watchdog/watchdog.c.obj
                0x0000000010002198                watchdog_reboot
 .text.xosc_init
                0x000000001000222c       0x28 CMakeFiles/tempe.dir/home/abdurrahim/pico-sdk/src/rp2_common/hardware_xosc/xosc.c.obj
                0x000000001000222c                xosc_init
 .text.runtime_init
                0x0000000010002254       0xf4 CMakeFiles/tempe.dir/home/abdurrahim/pico-sdk/src/rp2_common/pico_runtime/runtime.c.obj
                0x0000000010002254                runtime_init
 .text._exit    0x0000000010002348        0x4 CMakeFiles/tempe.dir/home/abdurrahim/pico-sdk/src/rp2_common/pico_runtime/runtime.c.obj
                0x0000000010002348                _exit
 .text._sbrk    0x000000001000234c       0x34 CMakeFiles/tempe.dir/home/abdurrahim/pico-sdk/src/rp2_common/pico_runtime/runtime.c.obj
                0x000000001000234c                _sbrk
 .text.exit     0x0000000010002380        0x8 CMakeFiles/tempe.dir/home/abdurrahim/pico-sdk/src/rp2_common/pico_runtime/runtime.c.obj
                0x0000000010002380                exit
 .text.panic    0x0000000010002388       0x30 CMakeFiles/tempe.dir/home/abdurrahim/pico-sdk/src/rp2_common/pico_runtime/runtime.c.obj
                0x0000000010002388                panic
 .text.hard_assertion_failure
                0x00000000100023b8        0xc CMakeFiles/tempe.dir/home/abdurrahim/pico-sdk/src/rp2_common/pico_runtime/runtime.c.obj
                0x00000000100023b8                hard_assertion_failure
 .text._out_null
                0x00000000100023c4        0x4 CMakeFiles/tempe.dir/home/abdurrahim/pico-sdk/src/rp2_common/pico_printf/printf.c.obj
 .text._out_fct
                0x00000000100023c8       0x10 CMakeFiles/tempe.dir/home/abdurrahim/pico-sdk/src/rp2_common/pico_printf/printf.c.obj
 .text._out_char
                0x00000000100023d8       0x3c CMakeFiles/tempe.dir/home/abdurrahim/pico-sdk/src/rp2_common/pico_printf/printf.c.obj
 .text._ntoa_format
                0x0000000010002414      0x214 CMakeFiles/tempe.dir/home/abdurrahim/pico-sdk/src/rp2_common/pico_printf/printf.c.obj
 .text._ftoa    0x0000000010002628      0x6c4 CMakeFiles/tempe.dir/home/abdurrahim/pico-sdk/src/rp2_common/pico_printf/printf.c.obj
 .text._etoa.part.1
                0x0000000010002cec      0x3e0 CMakeFiles/tempe.dir/home/abdurrahim/pico-sdk/src/rp2_common/pico_printf/printf.c.obj
 .text._vsnprintf
                0x00000000100030cc      0xb30 CMakeFiles/tempe.dir/home/abdurrahim/pico-sdk/src/rp2_common/pico_printf/printf.c.obj
 .text.vfctprintf
                0x0000000010003bfc       0x20 CMakeFiles/tempe.dir/home/abdurrahim/pico-sdk/src/rp2_common/pico_printf/printf.c.obj
                0x0000000010003bfc                vfctprintf
 .text.weak_raw_vprintf
                0x0000000010003c1c       0x30 CMakeFiles/tempe.dir/home/abdurrahim/pico-sdk/src/rp2_common/pico_printf/printf.c.obj
                0x0000000010003c1c                weak_raw_vprintf
 .text          0x0000000010003c4c       0x10 CMakeFiles/tempe.dir/home/abdurrahim/pico-sdk/src/rp2_common/pico_bit_ops/bit_ops_aeabi.S.obj
 .text.rom_func_lookup
                0x0000000010003c5c       0x10 CMakeFiles/tempe.dir/home/abdurrahim/pico-sdk/src/rp2_common/pico_bootrom/bootrom.c.obj
                0x0000000010003c5c                rom_func_lookup
 .text.rom_data_lookup
                0x0000000010003c6c       0x10 CMakeFiles/tempe.dir/home/abdurrahim/pico-sdk/src/rp2_common/pico_bootrom/bootrom.c.obj
                0x0000000010003c6c                rom_data_lookup
 .text.rom_funcs_lookup
                0x0000000010003c7c       0x44 CMakeFiles/tempe.dir/home/abdurrahim/pico-sdk/src/rp2_common/pico_bootrom/bootrom.c.obj
                0x0000000010003c7c                rom_funcs_lookup
 .text.__wrap___aeabi_idiv
                0x0000000010003cc0       0x50 CMakeFiles/tempe.dir/home/abdurrahim/pico-sdk/src/rp2_common/pico_divider/divider.S.obj
                0x0000000010003cc0                __wrap___aeabi_idivmod
                0x0000000010003cc0                divmod_s32s32
                0x0000000010003cc0                div_s32s32
                0x0000000010003cc0                __wrap___aeabi_idiv
                0x0000000010003cc8                divmod_s32s32_unsafe
                0x0000000010003cf4                divmod_s32s32_savestate
 .text.__wrap___aeabi_uidiv
                0x0000000010003d10       0x4c CMakeFiles/tempe.dir/home/abdurrahim/pico-sdk/src/rp2_common/pico_divider/divider.S.obj
                0x0000000010003d10                __wrap___aeabi_uidiv
                0x0000000010003d10                __wrap___aeabi_uidivmod
                0x0000000010003d10                div_u32u32
                0x0000000010003d10                divmod_u32u32
                0x0000000010003d18                divmod_u32u32_unsafe
                0x0000000010003d40                divmod_u32u32_savestate
 .text.__wrap___aeabi_ldiv
                0x0000000010003d5c      0x424 CMakeFiles/tempe.dir/home/abdurrahim/pico-sdk/src/rp2_common/pico_divider/divider.S.obj
                0x0000000010003d5c                div_s64s64
                0x0000000010003d5c                divmod_s64s64
                0x0000000010003d5c                __wrap___aeabi_ldivmod
                0x0000000010003d8c                div_u64u64
                0x0000000010003d8c                divmod_u64u64
                0x0000000010003d8c                __wrap___aeabi_uldivmod
                0x0000000010003d9c                divmod_u64u64_savestate
                0x0000000010003dbc                divmod_s64s64_unsafe
                0x0000000010003e44                divmod_u64u64_unsafe
 .text.__wrap___aeabi_darithmetic
                0x0000000010004180       0x80 CMakeFiles/tempe.dir/home/abdurrahim/pico-sdk/src/rp2_common/pico_double/double_aeabi.S.obj
                0x0000000010004180                __wrap___aeabi_drsub
                0x0000000010004186                __wrap___aeabi_dsub
                0x0000000010004198                __wrap___aeabi_dadd
                0x00000000100041aa                __wrap___aeabi_ddiv
                0x00000000100041e6                __wrap___aeabi_dmul
 .text.__wrap___aeabi_cdcmple
                0x0000000010004200       0x6c CMakeFiles/tempe.dir/home/abdurrahim/pico-sdk/src/rp2_common/pico_double/double_aeabi.S.obj
                0x0000000010004200                __wrap___aeabi_cdrcmple
                0x0000000010004210                __wrap___aeabi_cdcmple
                0x0000000010004210                __wrap___aeabi_cdcmpeq
 .text.__wrap___aeabi_dcmplt
                0x000000001000426c        0xc CMakeFiles/tempe.dir/home/abdurrahim/pico-sdk/src/rp2_common/pico_double/double_aeabi.S.obj
                0x000000001000426c                __wrap___aeabi_dcmplt
 .text.__wrap___aeabi_dcmpge
                0x0000000010004278       0x10 CMakeFiles/tempe.dir/home/abdurrahim/pico-sdk/src/rp2_common/pico_double/double_aeabi.S.obj
                0x0000000010004278                __wrap___aeabi_dcmpge
 .text.__wrap___aeabi_dcmpgt
                0x0000000010004288        0xa CMakeFiles/tempe.dir/home/abdurrahim/pico-sdk/src/rp2_common/pico_double/double_aeabi.S.obj
                0x0000000010004288                __wrap___aeabi_dcmpgt
 .text.__wrap___aeabi_dcmpun
                0x0000000010004292       0x1c CMakeFiles/tempe.dir/home/abdurrahim/pico-sdk/src/rp2_common/pico_double/double_aeabi.S.obj
                0x0000000010004292                __wrap___aeabi_dcmpun
 *fill*         0x00000000100042ae        0x2 
 .text.__wrap___aeabi_i2d
                0x00000000100042b0       0x38 CMakeFiles/tempe.dir/home/abdurrahim/pico-sdk/src/rp2_common/pico_double/double_aeabi.S.obj
                0x00000000100042b0                __wrap___aeabi_ui2d
                0x00000000100042b8                __wrap___aeabi_i2d
 .text.__wrap___aeabi_d2iz
                0x00000000100042e8       0x48 CMakeFiles/tempe.dir/home/abdurrahim/pico-sdk/src/rp2_common/pico_double/double_aeabi.S.obj
                0x00000000100042e8                __wrap___aeabi_d2iz
                0x00000000100042e8                double2int_z
 .text.__wrap___aeabi_d2uiz
                0x0000000010004330       0x18 CMakeFiles/tempe.dir/home/abdurrahim/pico-sdk/src/rp2_common/pico_double/double_aeabi.S.obj
                0x0000000010004330                double2uint
                0x0000000010004330                __wrap___aeabi_d2uiz
 .text.__aeabi_double_init
                0x0000000010004348       0x60 CMakeFiles/tempe.dir/home/abdurrahim/pico-sdk/src/rp2_common/pico_double/double_init_rom.c.obj
                0x0000000010004348                __aeabi_double_init
 .text.double_table_shim_on_use_helper
                0x00000000100043a8       0x2c CMakeFiles/tempe.dir/home/abdurrahim/pico-sdk/src/rp2_common/pico_double/double_v1_rom_shim.S.obj
                0x00000000100043a8                double_table_shim_on_use_helper
 .text.__wrap___aeabi_dsub
                0x00000000100043d4       0x10 CMakeFiles/tempe.dir/home/abdurrahim/pico-sdk/src/rp2_common/pico_double/double_v1_rom_shim.S.obj
                0x00000000100043d4                drsub_shim
                0x00000000100043da                dsub_shim
 .text.dadd_shim
                0x00000000100043e4      0x15c CMakeFiles/tempe.dir/home/abdurrahim/pico-sdk/src/rp2_common/pico_double/double_v1_rom_shim.S.obj
                0x00000000100043e4                dadd_shim
 .text.dmul_shim
                0x0000000010004540      0x15c CMakeFiles/tempe.dir/home/abdurrahim/pico-sdk/src/rp2_common/pico_double/double_v1_rom_shim.S.obj
                0x0000000010004540                dmul_shim
 .text.ddiv_shim
                0x000000001000469c      0x1b0 CMakeFiles/tempe.dir/home/abdurrahim/pico-sdk/src/rp2_common/pico_double/double_v1_rom_shim.S.obj
                0x000000001000469c                ddiv_shim
 .text.double2uint_shim
                0x000000001000484c        0xe CMakeFiles/tempe.dir/home/abdurrahim/pico-sdk/src/rp2_common/pico_double/double_v1_rom_shim.S.obj
                0x000000001000484c                double2uint_shim
                0x000000001000484e                double2ufix_shim
 *fill*         0x000000001000485a        0x2 
 .text.double2uint64_shim
                0x000000001000485c       0x70 CMakeFiles/tempe.dir/home/abdurrahim/pico-sdk/src/rp2_common/pico_double/double_v1_rom_shim.S.obj
                0x000000001000485c                double2uint64_shim
                0x000000001000485e                double2ufix64_shim
                0x000000001000487e                d2fix_a
 .text.dunpacks
                0x00000000100048cc       0x3c CMakeFiles/tempe.dir/home/abdurrahim/pico-sdk/src/rp2_common/pico_double/double_v1_rom_shim.S.obj
                0x00000000100048cc                dunpacks
 .text.__aeabi_lmul
                0x0000000010004908       0x32 CMakeFiles/tempe.dir/home/abdurrahim/pico-sdk/src/rp2_common/pico_int64_ops/pico_int64_ops_aeabi.S.obj
                0x0000000010004908                __wrap___aeabi_lmul
 *fill*         0x000000001000493a        0x2 
 .text.__wrap___aeabi_farithmetic
                0x000000001000493c       0x48 CMakeFiles/tempe.dir/home/abdurrahim/pico-sdk/src/rp2_common/pico_float/float_aeabi.S.obj
                0x000000001000493c                __wrap___aeabi_frsub
                0x0000000010004942                __wrap___aeabi_fsub
                0x0000000010004948                __wrap___aeabi_fadd
                0x000000001000494e                __wrap___aeabi_fdiv
                0x0000000010004976                __wrap___aeabi_fmul
 .text.__wrap___aeabi_ui2f
                0x0000000010004984        0xa CMakeFiles/tempe.dir/home/abdurrahim/pico-sdk/src/rp2_common/pico_float/float_aeabi.S.obj
                0x0000000010004984                __wrap___aeabi_ui2f
 *fill*         0x000000001000498e        0x2 
 .text.__wrap___aeabi_i2f
                0x0000000010004990       0x44 CMakeFiles/tempe.dir/home/abdurrahim/pico-sdk/src/rp2_common/pico_float/float_aeabi.S.obj
                0x0000000010004990                __wrap___aeabi_i2f
 .text.__wrap___aeabi_f2d
                0x00000000100049d4       0x14 CMakeFiles/tempe.dir/home/abdurrahim/pico-sdk/src/rp2_common/pico_float/float_aeabi.S.obj
                0x00000000100049d4                __wrap___aeabi_f2d
 .text.__aeabi_float_init
                0x00000000100049e8       0x68 CMakeFiles/tempe.dir/home/abdurrahim/pico-sdk/src/rp2_common/pico_float/float_init_rom.c.obj
                0x00000000100049e8                __aeabi_float_init
 .text.float_table_shim_on_use_helper
                0x0000000010004a50       0x2c CMakeFiles/tempe.dir/home/abdurrahim/pico-sdk/src/rp2_common/pico_float/float_v1_rom_shim.S.obj
                0x0000000010004a50                float_table_shim_on_use_helper
 .text.float2double_shim
                0x0000000010004a7c       0x30 CMakeFiles/tempe.dir/home/abdurrahim/pico-sdk/src/rp2_common/pico_float/float_v1_rom_shim.S.obj
                0x0000000010004a7c                float2double_shim
 .text          0x0000000010004aac       0x10 CMakeFiles/tempe.dir/home/abdurrahim/pico-sdk/src/rp2_common/pico_mem_ops/mem_ops_aeabi.S.obj
                0x0000000010004aac                __aeabi_mem_init
 .text.memset   0x0000000010004abc        0xc CMakeFiles/tempe.dir/home/abdurrahim/pico-sdk/src/rp2_common/pico_mem_ops/mem_ops_aeabi.S.obj
                0x0000000010004abc                __wrap_memset
 .text.memcpy   0x0000000010004ac8        0xc CMakeFiles/tempe.dir/home/abdurrahim/pico-sdk/src/rp2_common/pico_mem_ops/mem_ops_aeabi.S.obj
                0x0000000010004ac8                __wrap___aeabi_memcpy
                0x0000000010004ac8                __wrap_memcpy
 .text.stdio_out_chars_no_crlf
                0x0000000010004ad4       0x10 CMakeFiles/tempe.dir/home/abdurrahim/pico-sdk/src/rp2_common/pico_stdio/stdio.c.obj
 .text.stdio_out_chars_crlf
                0x0000000010004ae4       0xbc CMakeFiles/tempe.dir/home/abdurrahim/pico-sdk/src/rp2_common/pico_stdio/stdio.c.obj
 .text.stdio_buffered_printer
                0x0000000010004ba0       0x64 CMakeFiles/tempe.dir/home/abdurrahim/pico-sdk/src/rp2_common/pico_stdio/stdio.c.obj
 .text.stdio_put_string
                0x0000000010004c04       0xfc CMakeFiles/tempe.dir/home/abdurrahim/pico-sdk/src/rp2_common/pico_stdio/stdio.c.obj
 .text.__wrap_puts
                0x0000000010004d00       0x34 CMakeFiles/tempe.dir/home/abdurrahim/pico-sdk/src/rp2_common/pico_stdio/stdio.c.obj
                0x0000000010004d00                __wrap_puts
 .text._read    0x0000000010004d34       0x90 CMakeFiles/tempe.dir/home/abdurrahim/pico-sdk/src/rp2_common/pico_stdio/stdio.c.obj
                0x0000000010004d34                _read
 .text._write   0x0000000010004dc4       0xac CMakeFiles/tempe.dir/home/abdurrahim/pico-sdk/src/rp2_common/pico_stdio/stdio.c.obj
                0x0000000010004dc4                _write
 .text._close   0x0000000010004e70        0x8 CMakeFiles/tempe.dir/home/abdurrahim/pico-sdk/src/rp2_common/pico_stdio/stdio.c.obj
                0x0000000010004e70                _close
 .text._lseek   0x0000000010004e78        0x8 CMakeFiles/tempe.dir/home/abdurrahim/pico-sdk/src/rp2_common/pico_stdio/stdio.c.obj
                0x0000000010004e78                _lseek
 .text._fstat   0x0000000010004e80        0x8 CMakeFiles/tempe.dir/home/abdurrahim/pico-sdk/src/rp2_common/pico_stdio/stdio.c.obj
                0x0000000010004e80                _fstat
 .text._isatty  0x0000000010004e88        0xc CMakeFiles/tempe.dir/home/abdurrahim/pico-sdk/src/rp2_common/pico_stdio/stdio.c.obj
                0x0000000010004e88                _isatty
 .text.stdio_set_driver_enabled
                0x0000000010004e94       0x30 CMakeFiles/tempe.dir/home/abdurrahim/pico-sdk/src/rp2_common/pico_stdio/stdio.c.obj
                0x0000000010004e94                stdio_set_driver_enabled
 .text.__wrap_vprintf
                0x0000000010004ec4       0xcc CMakeFiles/tempe.dir/home/abdurrahim/pico-sdk/src/rp2_common/pico_stdio/stdio.c.obj
                0x0000000010004ec4                __wrap_vprintf
 .text.__wrap_printf
                0x0000000010004f90       0x18 CMakeFiles/tempe.dir/home/abdurrahim/pico-sdk/src/rp2_common/pico_stdio/stdio.c.obj
                0x0000000010004f90                __wrap_printf
 .text.stdio_init_all
                0x0000000010004fa8        0x8 CMakeFiles/tempe.dir/home/abdurrahim/pico-sdk/src/rp2_common/pico_stdio/stdio.c.obj
                0x0000000010004fa8                stdio_init_all
 .text.resetd_init
                0x0000000010004fb0        0x4 CMakeFiles/tempe.dir/home/abdurrahim/pico-sdk/src/rp2_common/pico_stdio_usb/reset_interface.c.obj
 .text.resetd_reset
                0x0000000010004fb4        0xc CMakeFiles/tempe.dir/home/abdurrahim/pico-sdk/src/rp2_common/pico_stdio_usb/reset_interface.c.obj
 .text.resetd_xfer_cb
                0x0000000010004fc0        0x4 CMakeFiles/tempe.dir/home/abdurrahim/pico-sdk/src/rp2_common/pico_stdio_usb/reset_interface.c.obj
 .text.resetd_open
                0x0000000010004fc4       0x28 CMakeFiles/tempe.dir/home/abdurrahim/pico-sdk/src/rp2_common/pico_stdio_usb/reset_interface.c.obj
 .text.resetd_control_xfer_cb
                0x0000000010004fec       0x60 CMakeFiles/tempe.dir/home/abdurrahim/pico-sdk/src/rp2_common/pico_stdio_usb/reset_interface.c.obj
 .text.usbd_app_driver_get_cb
                0x000000001000504c        0xc CMakeFiles/tempe.dir/home/abdurrahim/pico-sdk/src/rp2_common/pico_stdio_usb/reset_interface.c.obj
                0x000000001000504c                usbd_app_driver_get_cb
 .text.tud_cdc_line_coding_cb
                0x0000000010005058       0x34 CMakeFiles/tempe.dir/home/abdurrahim/pico-sdk/src/rp2_common/pico_stdio_usb/reset_interface.c.obj
                0x0000000010005058                tud_cdc_line_coding_cb
 .text.stdio_usb_set_chars_available_callback
                0x000000001000508c       0x14 CMakeFiles/tempe.dir/home/abdurrahim/pico-sdk/src/rp2_common/pico_stdio_usb/stdio_usb.c.obj
                0x000000001000508c                stdio_usb_set_chars_available_callback
 .text.usb_irq  0x00000000100050a0       0x10 CMakeFiles/tempe.dir/home/abdurrahim/pico-sdk/src/rp2_common/pico_stdio_usb/stdio_usb.c.obj
 .text.timer_task
                0x00000000100050b0       0x54 CMakeFiles/tempe.dir/home/abdurrahim/pico-sdk/src/rp2_common/pico_stdio_usb/stdio_usb.c.obj
 .text.stdio_usb_in_chars
                0x0000000010005104       0x8c CMakeFiles/tempe.dir/home/abdurrahim/pico-sdk/src/rp2_common/pico_stdio_usb/stdio_usb.c.obj
                0x0000000010005104                stdio_usb_in_chars
 .text.stdio_usb_out_chars
                0x0000000010005190       0xfc CMakeFiles/tempe.dir/home/abdurrahim/pico-sdk/src/rp2_common/pico_stdio_usb/stdio_usb.c.obj
 .text.low_priority_worker_irq
                0x000000001000528c       0xa4 CMakeFiles/tempe.dir/home/abdurrahim/pico-sdk/src/rp2_common/pico_stdio_usb/stdio_usb.c.obj
 .text.tud_cdc_rx_cb
                0x0000000010005330       0x20 CMakeFiles/tempe.dir/home/abdurrahim/pico-sdk/src/rp2_common/pico_stdio_usb/stdio_usb.c.obj
                0x0000000010005330                tud_cdc_rx_cb
 .text.stdio_usb_init
                0x0000000010005350       0xd8 CMakeFiles/tempe.dir/home/abdurrahim/pico-sdk/src/rp2_common/pico_stdio_usb/stdio_usb.c.obj
                0x0000000010005350                stdio_usb_init
 .text.tud_descriptor_device_cb
                0x0000000010005428        0x8 CMakeFiles/tempe.dir/home/abdurrahim/pico-sdk/src/rp2_common/pico_stdio_usb/stdio_usb_descriptors.c.obj
                0x0000000010005428                tud_descriptor_device_cb
 .text.tud_descriptor_configuration_cb
                0x0000000010005430        0x8 CMakeFiles/tempe.dir/home/abdurrahim/pico-sdk/src/rp2_common/pico_stdio_usb/stdio_usb_descriptors.c.obj
                0x0000000010005430                tud_descriptor_configuration_cb
 .text.tud_descriptor_string_cb
                0x0000000010005438       0x70 CMakeFiles/tempe.dir/home/abdurrahim/pico-sdk/src/rp2_common/pico_stdio_usb/stdio_usb_descriptors.c.obj
                0x0000000010005438                tud_descriptor_string_cb
 .text.startup._retrieve_unique_id_on_boot
                0x00000000100054a8       0x10 CMakeFiles/tempe.dir/home/abdurrahim/pico-sdk/src/rp2_common/pico_unique_id/unique_id.c.obj
 .text.pico_get_unique_board_id_string
                0x00000000100054b8      0x1c0 CMakeFiles/tempe.dir/home/abdurrahim/pico-sdk/src/rp2_common/pico_unique_id/unique_id.c.obj
                0x00000000100054b8                pico_get_unique_board_id_string
 .text.flash_get_unique_id
                0x0000000010005678       0x3c CMakeFiles/tempe.dir/home/abdurrahim/pico-sdk/src/rp2_common/hardware_flash/flash.c.obj
                0x0000000010005678                flash_get_unique_id
 .text.dcd_int_enable
                0x00000000100056b4        0xc CMakeFiles/tempe.dir/home/abdurrahim/pico-sdk/lib/tinyusb/src/portable/raspberrypi/rp2040/dcd_rp2040.c.obj
                0x00000000100056b4                dcd_int_enable
 .text.dcd_set_address
                0x00000000100056c0       0x14 CMakeFiles/tempe.dir/home/abdurrahim/pico-sdk/lib/tinyusb/src/portable/raspberrypi/rp2040/dcd_rp2040.c.obj
                0x00000000100056c0                dcd_set_address
 .text.dcd_connect
                0x00000000100056d4       0x10 CMakeFiles/tempe.dir/home/abdurrahim/pico-sdk/lib/tinyusb/src/portable/raspberrypi/rp2040/dcd_rp2040.c.obj
                0x00000000100056d4                dcd_connect
 .text.dcd_init
                0x00000000100056e4       0x98 CMakeFiles/tempe.dir/home/abdurrahim/pico-sdk/lib/tinyusb/src/portable/raspberrypi/rp2040/dcd_rp2040.c.obj
                0x00000000100056e4                dcd_init
 .text.dcd_edpt0_status_complete
                0x000000001000577c       0x1c CMakeFiles/tempe.dir/home/abdurrahim/pico-sdk/lib/tinyusb/src/portable/raspberrypi/rp2040/dcd_rp2040.c.obj
                0x000000001000577c                dcd_edpt0_status_complete
 .text.dcd_edpt_open
                0x0000000010005798      0x124 CMakeFiles/tempe.dir/home/abdurrahim/pico-sdk/lib/tinyusb/src/portable/raspberrypi/rp2040/dcd_rp2040.c.obj
                0x0000000010005798                dcd_edpt_open
 .text.dcd_edpt_close_all
                0x00000000100058bc        0x8 CMakeFiles/tempe.dir/home/abdurrahim/pico-sdk/lib/tinyusb/src/portable/raspberrypi/rp2040/dcd_rp2040.c.obj
                0x00000000100058bc                dcd_edpt_close_all
 .text.dcd_edpt_xfer
                0x00000000100058c4       0x24 CMakeFiles/tempe.dir/home/abdurrahim/pico-sdk/lib/tinyusb/src/portable/raspberrypi/rp2040/dcd_rp2040.c.obj
                0x00000000100058c4                dcd_edpt_xfer
 .text.dcd_edpt_stall
                0x00000000100058e8       0x38 CMakeFiles/tempe.dir/home/abdurrahim/pico-sdk/lib/tinyusb/src/portable/raspberrypi/rp2040/dcd_rp2040.c.obj
                0x00000000100058e8                dcd_edpt_stall
 .text.dcd_edpt_clear_stall
                0x0000000010005920       0x2c CMakeFiles/tempe.dir/home/abdurrahim/pico-sdk/lib/tinyusb/src/portable/raspberrypi/rp2040/dcd_rp2040.c.obj
                0x0000000010005920                dcd_edpt_clear_stall
 .text.rp2040_usb_init
                0x000000001000594c       0x4c CMakeFiles/tempe.dir/home/abdurrahim/pico-sdk/lib/tinyusb/src/portable/raspberrypi/rp2040/rp2040_usb.c.obj
                0x000000001000594c                rp2040_usb_init
 .text.hw_endpoint_xfer_start
                0x0000000010005998       0x54 CMakeFiles/tempe.dir/home/abdurrahim/pico-sdk/lib/tinyusb/src/portable/raspberrypi/rp2040/rp2040_usb.c.obj
                0x0000000010005998                hw_endpoint_xfer_start
 .text.tud_mounted
                0x00000000100059ec       0x10 CMakeFiles/tempe.dir/home/abdurrahim/pico-sdk/lib/tinyusb/src/device/usbd.c.obj
                0x00000000100059ec                tud_mounted
 .text.tud_suspended
                0x00000000100059fc       0x10 CMakeFiles/tempe.dir/home/abdurrahim/pico-sdk/lib/tinyusb/src/device/usbd.c.obj
                0x00000000100059fc                tud_suspended
 .text.tud_inited
                0x0000000010005a0c       0x14 CMakeFiles/tempe.dir/home/abdurrahim/pico-sdk/lib/tinyusb/src/device/usbd.c.obj
                0x0000000010005a0c                tud_inited
 .text.tud_init
                0x0000000010005a20       0xdc CMakeFiles/tempe.dir/home/abdurrahim/pico-sdk/lib/tinyusb/src/device/usbd.c.obj
                0x0000000010005a20                tud_init
 .text.usbd_open_edpt_pair
                0x0000000010005afc       0xbc CMakeFiles/tempe.dir/home/abdurrahim/pico-sdk/lib/tinyusb/src/device/usbd.c.obj
                0x0000000010005afc                usbd_open_edpt_pair
 .text.usbd_defer_func
                0x0000000010005bb8       0x54 CMakeFiles/tempe.dir/home/abdurrahim/pico-sdk/lib/tinyusb/src/device/usbd.c.obj
                0x0000000010005bb8                usbd_defer_func
 .text.usbd_edpt_open
                0x0000000010005c0c       0x38 CMakeFiles/tempe.dir/home/abdurrahim/pico-sdk/lib/tinyusb/src/device/usbd.c.obj
                0x0000000010005c0c                usbd_edpt_open
 .text.usbd_edpt_claim
                0x0000000010005c44       0x28 CMakeFiles/tempe.dir/home/abdurrahim/pico-sdk/lib/tinyusb/src/device/usbd.c.obj
                0x0000000010005c44                usbd_edpt_claim
 .text.usbd_edpt_release
                0x0000000010005c6c       0x28 CMakeFiles/tempe.dir/home/abdurrahim/pico-sdk/lib/tinyusb/src/device/usbd.c.obj
                0x0000000010005c6c                usbd_edpt_release
 .text.usbd_edpt_xfer
                0x0000000010005c94       0x4c CMakeFiles/tempe.dir/home/abdurrahim/pico-sdk/lib/tinyusb/src/device/usbd.c.obj
                0x0000000010005c94                usbd_edpt_xfer
 .text.usbd_edpt_clear_stall
                0x0000000010005ce0       0x3c CMakeFiles/tempe.dir/home/abdurrahim/pico-sdk/lib/tinyusb/src/device/usbd.c.obj
                0x0000000010005ce0                usbd_edpt_clear_stall
 .text.tud_task_ext
                0x0000000010005d1c      0x8e4 CMakeFiles/tempe.dir/home/abdurrahim/pico-sdk/lib/tinyusb/src/device/usbd.c.obj
                0x0000000010005d1c                tud_task_ext
 .text.tud_control_status
                0x0000000010006600       0x30 CMakeFiles/tempe.dir/home/abdurrahim/pico-sdk/lib/tinyusb/src/device/usbd_control.c.obj
                0x0000000010006600                tud_control_status
 .text.tud_control_xfer
                0x0000000010006630       0xac CMakeFiles/tempe.dir/home/abdurrahim/pico-sdk/lib/tinyusb/src/device/usbd_control.c.obj
                0x0000000010006630                tud_control_xfer
 .text.usbd_control_reset
                0x00000000100066dc       0x14 CMakeFiles/tempe.dir/home/abdurrahim/pico-sdk/lib/tinyusb/src/device/usbd_control.c.obj
                0x00000000100066dc                usbd_control_reset
 .text.usbd_control_set_complete_callback
                0x00000000100066f0        0xc CMakeFiles/tempe.dir/home/abdurrahim/pico-sdk/lib/tinyusb/src/device/usbd_control.c.obj
                0x00000000100066f0                usbd_control_set_complete_callback
 .text.usbd_control_set_request
                0x00000000100066fc       0x1c CMakeFiles/tempe.dir/home/abdurrahim/pico-sdk/lib/tinyusb/src/device/usbd_control.c.obj
                0x00000000100066fc                usbd_control_set_request
 .text.usbd_control_xfer_cb
                0x0000000010006718       0xf8 CMakeFiles/tempe.dir/home/abdurrahim/pico-sdk/lib/tinyusb/src/device/usbd_control.c.obj
                0x0000000010006718                usbd_control_xfer_cb
 .text.tud_cdc_n_connected
                0x0000000010006810       0x30 CMakeFiles/tempe.dir/home/abdurrahim/pico-sdk/lib/tinyusb/src/class/cdc/cdc_device.c.obj
                0x0000000010006810                tud_cdc_n_connected
 .text.tud_cdc_n_available
                0x0000000010006840       0x1c CMakeFiles/tempe.dir/home/abdurrahim/pico-sdk/lib/tinyusb/src/class/cdc/cdc_device.c.obj
                0x0000000010006840                tud_cdc_n_available
 .text.tud_cdc_n_read
                0x000000001000685c       0x70 CMakeFiles/tempe.dir/home/abdurrahim/pico-sdk/lib/tinyusb/src/class/cdc/cdc_device.c.obj
                0x000000001000685c                tud_cdc_n_read
 .text.tud_cdc_n_write
                0x00000000100068cc       0x90 CMakeFiles/tempe.dir/home/abdurrahim/pico-sdk/lib/tinyusb/src/class/cdc/cdc_device.c.obj
                0x00000000100068cc                tud_cdc_n_write
 .text.tud_cdc_n_write_flush
                0x000000001000695c       0x78 CMakeFiles/tempe.dir/home/abdurrahim/pico-sdk/lib/tinyusb/src/class/cdc/cdc_device.c.obj
                0x000000001000695c                tud_cdc_n_write_flush
 .text.tud_cdc_n_write_available
                0x00000000100069d4       0x1c CMakeFiles/tempe.dir/home/abdurrahim/pico-sdk/lib/tinyusb/src/class/cdc/cdc_device.c.obj
                0x00000000100069d4                tud_cdc_n_write_available
 .text.cdcd_init
                0x00000000100069f0       0x7c CMakeFiles/tempe.dir/home/abdurrahim/pico-sdk/lib/tinyusb/src/class/cdc/cdc_device.c.obj
                0x00000000100069f0                cdcd_init
 .text.cdcd_reset
                0x0000000010006a6c       0x2c CMakeFiles/tempe.dir/home/abdurrahim/pico-sdk/lib/tinyusb/src/class/cdc/cdc_device.c.obj
                0x0000000010006a6c                cdcd_reset
 .text.cdcd_open
                0x0000000010006a98       0xe8 CMakeFiles/tempe.dir/home/abdurrahim/pico-sdk/lib/tinyusb/src/class/cdc/cdc_device.c.obj
                0x0000000010006a98                cdcd_open
 .text.cdcd_control_xfer_cb
                0x0000000010006b80       0xe0 CMakeFiles/tempe.dir/home/abdurrahim/pico-sdk/lib/tinyusb/src/class/cdc/cdc_device.c.obj
                0x0000000010006b80                cdcd_control_xfer_cb
 .text.cdcd_xfer_cb
                0x0000000010006c60      0x194 CMakeFiles/tempe.dir/home/abdurrahim/pico-sdk/lib/tinyusb/src/class/cdc/cdc_device.c.obj
                0x0000000010006c60                cdcd_xfer_cb
 .text.tusb_init
                0x0000000010006df4        0xc CMakeFiles/tempe.dir/home/abdurrahim/pico-sdk/lib/tinyusb/src/tusb.c.obj
                0x0000000010006df4                tusb_init
 .text.tusb_inited
                0x0000000010006e00        0x8 CMakeFiles/tempe.dir/home/abdurrahim/pico-sdk/lib/tinyusb/src/tusb.c.obj
                0x0000000010006e00                tusb_inited
 .text.tu_edpt_claim
                0x0000000010006e08       0x48 CMakeFiles/tempe.dir/home/abdurrahim/pico-sdk/lib/tinyusb/src/tusb.c.obj
                0x0000000010006e08                tu_edpt_claim
 .text.tu_edpt_release
                0x0000000010006e50       0x34 CMakeFiles/tempe.dir/home/abdurrahim/pico-sdk/lib/tinyusb/src/tusb.c.obj
                0x0000000010006e50                tu_edpt_release
 .text.tu_edpt_validate
                0x0000000010006e84       0x70 CMakeFiles/tempe.dir/home/abdurrahim/pico-sdk/lib/tinyusb/src/tusb.c.obj
                0x0000000010006e84                tu_edpt_validate
 .text.tu_edpt_bind_driver
                0x0000000010006ef4       0x34 CMakeFiles/tempe.dir/home/abdurrahim/pico-sdk/lib/tinyusb/src/tusb.c.obj
                0x0000000010006ef4                tu_edpt_bind_driver
 .text.tu_fifo_config
                0x0000000010006f28       0x7c CMakeFiles/tempe.dir/home/abdurrahim/pico-sdk/lib/tinyusb/src/common/tusb_fifo.c.obj
                0x0000000010006f28                tu_fifo_config
 .text.tu_fifo_count
                0x0000000010006fa4       0x28 CMakeFiles/tempe.dir/home/abdurrahim/pico-sdk/lib/tinyusb/src/common/tusb_fifo.c.obj
                0x0000000010006fa4                tu_fifo_count
 .text.tu_fifo_empty
                0x0000000010006fcc       0x10 CMakeFiles/tempe.dir/home/abdurrahim/pico-sdk/lib/tinyusb/src/common/tusb_fifo.c.obj
                0x0000000010006fcc                tu_fifo_empty
 .text.tu_fifo_remaining
                0x0000000010006fdc       0x28 CMakeFiles/tempe.dir/home/abdurrahim/pico-sdk/lib/tinyusb/src/common/tusb_fifo.c.obj
                0x0000000010006fdc                tu_fifo_remaining
 .text.tu_fifo_read
                0x0000000010007004       0xa0 CMakeFiles/tempe.dir/home/abdurrahim/pico-sdk/lib/tinyusb/src/common/tusb_fifo.c.obj
                0x0000000010007004                tu_fifo_read
 .text.tu_fifo_read_n
                0x00000000100070a4       0xe8 CMakeFiles/tempe.dir/home/abdurrahim/pico-sdk/lib/tinyusb/src/common/tusb_fifo.c.obj
                0x00000000100070a4                tu_fifo_read_n
 .text.tu_fifo_write
                0x000000001000718c       0x8c CMakeFiles/tempe.dir/home/abdurrahim/pico-sdk/lib/tinyusb/src/common/tusb_fifo.c.obj
                0x000000001000718c                tu_fifo_write
 .text.tu_fifo_write_n
                0x0000000010007218      0x134 CMakeFiles/tempe.dir/home/abdurrahim/pico-sdk/lib/tinyusb/src/common/tusb_fifo.c.obj
                0x0000000010007218                tu_fifo_write_n
 .text.tu_fifo_clear
                0x000000001000734c       0x40 CMakeFiles/tempe.dir/home/abdurrahim/pico-sdk/lib/tinyusb/src/common/tusb_fifo.c.obj
                0x000000001000734c                tu_fifo_clear
 .text.tu_fifo_set_overwritable
                0x000000001000738c       0x48 CMakeFiles/tempe.dir/home/abdurrahim/pico-sdk/lib/tinyusb/src/common/tusb_fifo.c.obj
                0x000000001000738c                tu_fifo_set_overwritable
 .text.adc_init
                0x00000000100073d4       0x38 CMakeFiles/tempe.dir/home/abdurrahim/pico-sdk/src/rp2_common/hardware_adc/adc.c.obj
                0x00000000100073d4                adc_init
 .text          0x000000001000740c      0x558 /usr/lib/gcc/arm-none-eabi/6.3.1/../../../arm-none-eabi/lib/thumb/v6-m/libc.a(lib_a-mallocr.o)
                0x000000001000740c                _malloc_r
 .text          0x0000000010007964        0x8 /usr/lib/gcc/arm-none-eabi/6.3.1/../../../arm-none-eabi/lib/thumb/v6-m/libc.a(lib_a-mlock.o)
                0x0000000010007964                __malloc_lock
                0x0000000010007968                __malloc_unlock
 .text          0x000000001000796c       0x24 /usr/lib/gcc/arm-none-eabi/6.3.1/../../../arm-none-eabi/lib/thumb/v6-m/libc.a(lib_a-sbrkr.o)
                0x000000001000796c                _sbrk_r
 .text          0x0000000010007990       0x64 /usr/lib/gcc/arm-none-eabi/6.3.1/../../../arm-none-eabi/lib/thumb/v6-m/libc.a(lib_a-strlen-stub.o)
                0x0000000010007990                strlen
 .text          0x00000000100079f4       0xd4 /usr/lib/gcc/arm-none-eabi/6.3.1/../../../arm-none-eabi/lib/thumb/v6-m/libc.a(lib_a-wbuf.o)
                0x00000000100079f4                __swbuf_r
                0x0000000010007ab0                __swbuf
 .text          0x0000000010007ac8       0xd4 /usr/lib/gcc/arm-none-eabi/6.3.1/../../../arm-none-eabi/lib/thumb/v6-m/libc.a(lib_a-wsetup.o)
                0x0000000010007ac8                __swsetup_r
 .text          0x0000000010007b9c      0x1a4 /usr/lib/gcc/arm-none-eabi/6.3.1/../../../arm-none-eabi/lib/thumb/v6-m/libc.a(lib_a-fflush.o)
                0x0000000010007b9c                __sflush_r
                0x0000000010007cec                _fflush_r
                0x0000000010007d18                fflush
 .text          0x0000000010007d40      0x22c /usr/lib/gcc/arm-none-eabi/6.3.1/../../../arm-none-eabi/lib/thumb/v6-m/libc.a(lib_a-findfp.o)
                0x0000000010007d44                _cleanup_r
                0x0000000010007e48                __sfmoreglue
                0x0000000010007e78                __sfp
                0x0000000010007f04                _cleanup
                0x0000000010007f1c                __sinit
                0x0000000010007f2c                __sfp_lock_acquire
                0x0000000010007f30                __sfp_lock_release
                0x0000000010007f34                __sinit_lock_acquire
                0x0000000010007f38                __sinit_lock_release
                0x0000000010007f3c                __fp_lock_all
                0x0000000010007f54                __fp_unlock_all
 .text          0x0000000010007f6c      0x25c /usr/lib/gcc/arm-none-eabi/6.3.1/../../../arm-none-eabi/lib/thumb/v6-m/libc.a(lib_a-freer.o)
                0x0000000010007f6c                _malloc_trim_r
                0x000000001000800c                _free_r
 .text          0x00000000100081c8       0x90 /usr/lib/gcc/arm-none-eabi/6.3.1/../../../arm-none-eabi/lib/thumb/v6-m/libc.a(lib_a-fwalk.o)
                0x00000000100081c8                _fwalk
                0x000000001000820c                _fwalk_reent
 .text          0x0000000010008258       0xe8 /usr/lib/gcc/arm-none-eabi/6.3.1/../../../arm-none-eabi/lib/thumb/v6-m/libc.a(lib_a-makebuf.o)
                0x0000000010008258                __swhatbuf_r
                0x00000000100082b8                __smakebuf_r
 .text          0x0000000010008340       0xa0 /usr/lib/gcc/arm-none-eabi/6.3.1/../../../arm-none-eabi/lib/thumb/v6-m/libc.a(lib_a-stdio.o)
                0x0000000010008340                __sread
                0x0000000010008368                __seofread
                0x000000001000836c                __swrite
                0x00000000100083a8                __sseek
                0x00000000100083d4                __sclose
 .text          0x00000000100083e0       0x28 /usr/lib/gcc/arm-none-eabi/6.3.1/../../../arm-none-eabi/lib/thumb/v6-m/libc.a(lib_a-writer.o)
                0x00000000100083e0                _write_r
 .text          0x0000000010008408       0x24 /usr/lib/gcc/arm-none-eabi/6.3.1/../../../arm-none-eabi/lib/thumb/v6-m/libc.a(lib_a-closer.o)
                0x0000000010008408                _close_r
 .text          0x000000001000842c       0xa0 /usr/lib/gcc/arm-none-eabi/6.3.1/../../../arm-none-eabi/lib/thumb/v6-m/libc.a(lib_a-fclose.o)
                0x000000001000842c                _fclose_r
                0x00000000100084b8                fclose
 .text          0x00000000100084cc       0x28 /usr/lib/gcc/arm-none-eabi/6.3.1/../../../arm-none-eabi/lib/thumb/v6-m/libc.a(lib_a-fstatr.o)
                0x00000000100084cc                _fstat_r
 .text          0x00000000100084f4       0x24 /usr/lib/gcc/arm-none-eabi/6.3.1/../../../arm-none-eabi/lib/thumb/v6-m/libc.a(lib_a-isattyr.o)
                0x00000000100084f4                _isatty_r
 .text          0x0000000010008518       0x28 /usr/lib/gcc/arm-none-eabi/6.3.1/../../../arm-none-eabi/lib/thumb/v6-m/libc.a(lib_a-lseekr.o)
                0x0000000010008518                _lseek_r
 .text          0x0000000010008540       0x28 /usr/lib/gcc/arm-none-eabi/6.3.1/../../../arm-none-eabi/lib/thumb/v6-m/libc.a(lib_a-readr.o)
                0x0000000010008540                _read_r
 *(.fini)
 .fini          0x0000000010008568        0x4 /usr/lib/gcc/arm-none-eabi/6.3.1/thumb/v6-m/crti.o
                0x0000000010008568                _fini
 *fill*         0x000000001000856c        0x4 
 .fini.__stub   0x0000000010008570       0xd0 linker stubs
 *crtbegin.o(.ctors)
 *crtbegin?.o(.ctors)
 *(EXCLUDE_FILE(*crtend.o *crtend?.o) .ctors)
 *(SORT(.ctors.*))
 *(.ctors)
 *crtbegin.o(.dtors)
 *crtbegin?.o(.dtors)
 *(EXCLUDE_FILE(*crtend.o *crtend?.o) .dtors)
 *(SORT(.dtors.*))
 *(.dtors)
 *(.eh_frame*)
 .eh_frame      0x0000000010008640        0x0 /usr/lib/gcc/arm-none-eabi/6.3.1/thumb/v6-m/crtbegin.o
                0x0000000010008640                . = ALIGN (0x4)

.glue_7         0x0000000010008640        0x0
 .glue_7        0x0000000010008640        0x0 linker stubs

.glue_7t        0x0000000010008640        0x0
 .glue_7t       0x0000000010008640        0x0 linker stubs

.vfp11_veneer   0x0000000010008640        0x0
 .vfp11_veneer  0x0000000010008640        0x0 linker stubs

.v4_bx          0x0000000010008640        0x0
 .v4_bx         0x0000000010008640        0x0 linker stubs

.iplt           0x0000000010008640        0x0
 .iplt          0x0000000010008640        0x0 /usr/lib/gcc/arm-none-eabi/6.3.1/thumb/v6-m/crtbegin.o

.rodata         0x0000000010008640      0x548
 *(EXCLUDE_FILE(*libm.a: *libc.a:*lib_a-mem*.o *libgcc.a:) .rodata*)
 .rodata.main.str1.4
                0x0000000010008640       0x20 CMakeFiles/tempe.dir/temp.c.obj
 .rodata.spin_lock_claim_unused.str1.4
                0x0000000010008660       0x1b CMakeFiles/tempe.dir/home/abdurrahim/pico-sdk/src/rp2_common/hardware_sync/sync.c.obj
 *fill*         0x000000001000867b        0x1 
 .rodata.user_irq_claim_unused.str1.4
                0x000000001000867c       0x1b CMakeFiles/tempe.dir/home/abdurrahim/pico-sdk/src/rp2_common/hardware_irq/irq.c.obj
 *fill*         0x0000000010008697        0x1 
 .rodata.at_the_end_of_time
                0x0000000010008698        0x8 CMakeFiles/tempe.dir/home/abdurrahim/pico-sdk/src/common/pico_time/time.c.obj
                0x0000000010008698                at_the_end_of_time
 .rodata.hardware_alarm_claim.str1.4
                0x00000000100086a0       0x22 CMakeFiles/tempe.dir/home/abdurrahim/pico-sdk/src/rp2_common/hardware_timer/timer.c.obj
 *fill*         0x00000000100086c2        0x2 
 .rodata.hard_assertion_failure.str1.4
                0x00000000100086c4        0xc CMakeFiles/tempe.dir/home/abdurrahim/pico-sdk/src/rp2_common/pico_runtime/runtime.c.obj
 .rodata.panic.str1.4
                0x00000000100086d0       0x12 CMakeFiles/tempe.dir/home/abdurrahim/pico-sdk/src/rp2_common/pico_runtime/runtime.c.obj
 *fill*         0x00000000100086e2        0x2 
 .rodata._vsnprintf
                0x00000000100086e4      0x1e0 CMakeFiles/tempe.dir/home/abdurrahim/pico-sdk/src/rp2_common/pico_printf/printf.c.obj
 .rodata._ftoa.str1.4
                0x00000000100088c4       0x15 CMakeFiles/tempe.dir/home/abdurrahim/pico-sdk/src/rp2_common/pico_printf/printf.c.obj
 *fill*         0x00000000100088d9        0x7 
 .rodata.pow10.5365
                0x00000000100088e0       0x50 CMakeFiles/tempe.dir/home/abdurrahim/pico-sdk/src/rp2_common/pico_printf/printf.c.obj
 .rodata.__bi_44
                0x0000000010008930        0xc CMakeFiles/tempe.dir/home/abdurrahim/pico-sdk/src/rp2_common/pico_standard_link/binary_info.c.obj
 .rodata.__bi_75
                0x000000001000893c        0xc CMakeFiles/tempe.dir/home/abdurrahim/pico-sdk/src/rp2_common/pico_standard_link/binary_info.c.obj
 .rodata.__bi_81
                0x0000000010008948        0xc CMakeFiles/tempe.dir/home/abdurrahim/pico-sdk/src/rp2_common/pico_standard_link/binary_info.c.obj
 .rodata.str1.4
                0x0000000010008954       0x3c CMakeFiles/tempe.dir/home/abdurrahim/pico-sdk/src/rp2_common/pico_standard_link/binary_info.c.obj
 .rodata.crlf_str.5969
                0x0000000010008990        0x2 CMakeFiles/tempe.dir/home/abdurrahim/pico-sdk/src/rp2_common/pico_stdio/stdio.c.obj
 *fill*         0x0000000010008992        0x2 
 .rodata._resetd_driver
                0x0000000010008994       0x18 CMakeFiles/tempe.dir/home/abdurrahim/pico-sdk/src/rp2_common/pico_stdio_usb/reset_interface.c.obj
 .rodata.__bi_182.7542
                0x00000000100089ac        0xc CMakeFiles/tempe.dir/home/abdurrahim/pico-sdk/src/rp2_common/pico_stdio_usb/stdio_usb.c.obj
 .rodata.str1.4
                0x00000000100089b8       0x13 CMakeFiles/tempe.dir/home/abdurrahim/pico-sdk/src/rp2_common/pico_stdio_usb/stdio_usb.c.obj
 *fill*         0x00000000100089cb        0x1 
 .rodata.str1.4
                0x00000000100089cc       0x2a CMakeFiles/tempe.dir/home/abdurrahim/pico-sdk/src/rp2_common/pico_stdio_usb/stdio_usb_descriptors.c.obj
 *fill*         0x00000000100089f6        0x2 
 .rodata.usbd_desc_cfg
                0x00000000100089f8       0x54 CMakeFiles/tempe.dir/home/abdurrahim/pico-sdk/src/rp2_common/pico_stdio_usb/stdio_usb_descriptors.c.obj
 .rodata.usbd_desc_device
                0x0000000010008a4c       0x12 CMakeFiles/tempe.dir/home/abdurrahim/pico-sdk/src/rp2_common/pico_stdio_usb/stdio_usb_descriptors.c.obj
 *fill*         0x0000000010008a5e        0x2 
 .rodata.usbd_desc_str
                0x0000000010008a60       0x18 CMakeFiles/tempe.dir/home/abdurrahim/pico-sdk/src/rp2_common/pico_stdio_usb/stdio_usb_descriptors.c.obj
 .rodata.str1.4
                0x0000000010008a78       0x14 CMakeFiles/tempe.dir/home/abdurrahim/pico-sdk/lib/tinyusb/src/portable/raspberrypi/rp2040/dcd_rp2040.c.obj
 .rodata.str1.4
                0x0000000010008a8c       0x53 CMakeFiles/tempe.dir/home/abdurrahim/pico-sdk/lib/tinyusb/src/portable/raspberrypi/rp2040/rp2040_usb.c.obj
 *fill*         0x0000000010008adf        0x1 
 .rodata.tud_task_ext
                0x0000000010008ae0       0x8c CMakeFiles/tempe.dir/home/abdurrahim/pico-sdk/lib/tinyusb/src/device/usbd.c.obj
 .rodata._usbd_driver
                0x0000000010008b6c       0x18 CMakeFiles/tempe.dir/home/abdurrahim/pico-sdk/lib/tinyusb/src/device/usbd.c.obj
 .rodata        0x0000000010008b84        0x4 /usr/lib/gcc/arm-none-eabi/6.3.1/../../../arm-none-eabi/lib/thumb/v6-m/libc.a(lib_a-impure.o)
                0x0000000010008b84                _global_impure_ptr
 .rodata.str1.4
                0x0000000010008b88       0x54 /usr/lib/gcc/arm-none-eabi/6.3.1/../../../arm-none-eabi/lib/thumb/v6-m/libc.a(lib_a-impure.o)
                                          0x2 (size before relaxing)
                0x0000000010008bdc                . = ALIGN (0x4)
 *(SORT(.flashdata*))
                0x0000000010008bdc                . = ALIGN (0x4)

.ARM.extab
 *(.ARM.extab* .gnu.linkonce.armextab.*)
                0x0000000010008bdc                __exidx_start = .

.ARM.exidx
 *(.ARM.exidx* .gnu.linkonce.armexidx.*)
                0x0000000010008bdc                __exidx_end = .
                0x0000000010008bdc                . = ALIGN (0x4)
                0x0000000010008bdc                __binary_info_start = .

.binary_info    0x0000000010008b88       0x20
 *(.binary_info.keep.*)
 .binary_info.keep.__bi_ptr22
                0x0000000010008b88        0x4 CMakeFiles/tempe.dir/home/abdurrahim/pico-sdk/src/rp2_common/pico_standard_link/binary_info.c.obj
 .binary_info.keep.__bi_ptr30
                0x0000000010008b8c        0x4 CMakeFiles/tempe.dir/home/abdurrahim/pico-sdk/src/rp2_common/pico_standard_link/binary_info.c.obj
 .binary_info.keep.__bi_ptr38
                0x0000000010008b90        0x4 CMakeFiles/tempe.dir/home/abdurrahim/pico-sdk/src/rp2_common/pico_standard_link/binary_info.c.obj
 .binary_info.keep.__bi_ptr44
                0x0000000010008b94        0x4 CMakeFiles/tempe.dir/home/abdurrahim/pico-sdk/src/rp2_common/pico_standard_link/binary_info.c.obj
 .binary_info.keep.__bi_ptr50
                0x0000000010008b98        0x4 CMakeFiles/tempe.dir/home/abdurrahim/pico-sdk/src/rp2_common/pico_standard_link/binary_info.c.obj
 .binary_info.keep.__bi_ptr75
                0x0000000010008b9c        0x4 CMakeFiles/tempe.dir/home/abdurrahim/pico-sdk/src/rp2_common/pico_standard_link/binary_info.c.obj
 .binary_info.keep.__bi_ptr81
                0x0000000010008ba0        0x4 CMakeFiles/tempe.dir/home/abdurrahim/pico-sdk/src/rp2_common/pico_standard_link/binary_info.c.obj
 *(.binary_info.*)
 .binary_info.__bi_ptr182
                0x0000000010008ba4        0x4 CMakeFiles/tempe.dir/home/abdurrahim/pico-sdk/src/rp2_common/pico_stdio_usb/stdio_usb.c.obj
                0x0000000010008ba8                __binary_info_end = .

.rel.dyn        0x0000000010008ba8        0x0
 .rel.iplt      0x0000000010008ba8        0x0 /usr/lib/gcc/arm-none-eabi/6.3.1/thumb/v6-m/crtbegin.o
                0x0000000010008ba8                . = ALIGN (0x4)

.ram_vector_table
                0x0000000020000000       0xc0
 *(.ram_vector_table)
 .ram_vector_table
                0x0000000020000000       0xc0 CMakeFiles/tempe.dir/home/abdurrahim/pico-sdk/src/rp2_common/pico_runtime/runtime.c.obj
                0x0000000020000000                ram_vector_table

.data           0x00000000200000c0     0x16a0 load address 0x0000000010008ba8
                0x00000000200000c0                __data_start__ = .
 *(vtable)
 *(.time_critical*)
 .time_critical.mutex_try_enter
                0x00000000200000c0       0x48 CMakeFiles/tempe.dir/home/abdurrahim/pico-sdk/src/common/pico_sync/mutex.c.obj
                0x00000000200000c0                mutex_try_enter
 .time_critical.mutex_try_enter_block_until
                0x0000000020000108       0xb4 CMakeFiles/tempe.dir/home/abdurrahim/pico-sdk/src/common/pico_sync/mutex.c.obj
                0x0000000020000108                mutex_try_enter_block_until
 .time_critical.mutex_enter_timeout_ms
                0x00000000200001bc       0x8c CMakeFiles/tempe.dir/home/abdurrahim/pico-sdk/src/common/pico_sync/mutex.c.obj
                0x00000000200001bc                mutex_enter_timeout_ms
 .time_critical.mutex_exit
                0x0000000020000248       0x28 CMakeFiles/tempe.dir/home/abdurrahim/pico-sdk/src/common/pico_sync/mutex.c.obj
                0x0000000020000248                mutex_exit
 .time_critical.flash_init_boot2_copyout
                0x0000000020000270       0x34 CMakeFiles/tempe.dir/home/abdurrahim/pico-sdk/src/rp2_common/hardware_flash/flash.c.obj
 .time_critical.flash_enable_xip_via_boot2
                0x00000000200002a4       0x10 CMakeFiles/tempe.dir/home/abdurrahim/pico-sdk/src/rp2_common/hardware_flash/flash.c.obj
 .time_critical.flash_cs_force
                0x00000000200002b4       0x38 CMakeFiles/tempe.dir/home/abdurrahim/pico-sdk/src/rp2_common/hardware_flash/flash.c.obj
 .time_critical.flash_do_cmd
                0x00000000200002ec       0xac CMakeFiles/tempe.dir/home/abdurrahim/pico-sdk/src/rp2_common/hardware_flash/flash.c.obj
                0x00000000200002ec                flash_do_cmd
 .time_critical.reset_non_control_endpoints
                0x0000000020000398       0xbc CMakeFiles/tempe.dir/home/abdurrahim/pico-sdk/lib/tinyusb/src/portable/raspberrypi/rp2040/dcd_rp2040.c.obj
 .time_critical.hw_handle_buff_status
                0x0000000020000454       0xb8 CMakeFiles/tempe.dir/home/abdurrahim/pico-sdk/lib/tinyusb/src/portable/raspberrypi/rp2040/dcd_rp2040.c.obj
 .time_critical.dcd_rp2040_irq
                0x000000002000050c      0x4dc CMakeFiles/tempe.dir/home/abdurrahim/pico-sdk/lib/tinyusb/src/portable/raspberrypi/rp2040/dcd_rp2040.c.obj
 .time_critical.prepare_ep_buffer
                0x00000000200009e8       0x70 CMakeFiles/tempe.dir/home/abdurrahim/pico-sdk/lib/tinyusb/src/portable/raspberrypi/rp2040/rp2040_usb.c.obj
 .time_critical.sync_ep_buffer
                0x0000000020000a58       0x4c CMakeFiles/tempe.dir/home/abdurrahim/pico-sdk/lib/tinyusb/src/portable/raspberrypi/rp2040/rp2040_usb.c.obj
 .time_critical._hw_endpoint_xfer_sync
                0x0000000020000aa4       0x28 CMakeFiles/tempe.dir/home/abdurrahim/pico-sdk/lib/tinyusb/src/portable/raspberrypi/rp2040/rp2040_usb.c.obj
 .time_critical.e15_is_bulkin_ep
                0x0000000020000acc       0x24 CMakeFiles/tempe.dir/home/abdurrahim/pico-sdk/lib/tinyusb/src/portable/raspberrypi/rp2040/rp2040_usb.c.obj
 .time_critical.e15_is_critical_frame_period
                0x0000000020000af0       0x38 CMakeFiles/tempe.dir/home/abdurrahim/pico-sdk/lib/tinyusb/src/portable/raspberrypi/rp2040/rp2040_usb.c.obj
 .time_critical.hw_endpoint_reset_transfer
                0x0000000020000b28        0xc CMakeFiles/tempe.dir/home/abdurrahim/pico-sdk/lib/tinyusb/src/portable/raspberrypi/rp2040/rp2040_usb.c.obj
                0x0000000020000b28                hw_endpoint_reset_transfer
 .time_critical._hw_endpoint_buffer_control_update32
                0x0000000020000b34       0x58 CMakeFiles/tempe.dir/home/abdurrahim/pico-sdk/lib/tinyusb/src/portable/raspberrypi/rp2040/rp2040_usb.c.obj
                0x0000000020000b34                _hw_endpoint_buffer_control_update32
 .time_critical.hw_endpoint_start_next_buffer
                0x0000000020000b8c       0x6c CMakeFiles/tempe.dir/home/abdurrahim/pico-sdk/lib/tinyusb/src/portable/raspberrypi/rp2040/rp2040_usb.c.obj
                0x0000000020000b8c                hw_endpoint_start_next_buffer
 .time_critical.hw_endpoint_xfer_continue
                0x0000000020000bf8       0x50 CMakeFiles/tempe.dir/home/abdurrahim/pico-sdk/lib/tinyusb/src/portable/raspberrypi/rp2040/rp2040_usb.c.obj
                0x0000000020000bf8                hw_endpoint_xfer_continue
 .time_critical.tinyusb
                0x0000000020000c48      0x168 CMakeFiles/tempe.dir/home/abdurrahim/pico-sdk/lib/tinyusb/src/device/usbd.c.obj
                0x0000000020000c48                dcd_event_handler
 *(.text*)
 .text          0x0000000020000db0        0x4 /usr/lib/gcc/arm-none-eabi/6.3.1/thumb/v6-m/libgcc.a(_dvmd_tls.o)
                0x0000000020000db0                __aeabi_ldiv0
                0x0000000020000db0                __aeabi_idiv0
 *fill*         0x0000000020000db4        0x4 
 .text.__stub   0x0000000020000db8       0x70 linker stubs
                0x0000000020000e28                . = ALIGN (0x4)
 *(.rodata*)
                0x0000000020000e28                . = ALIGN (0x4)
 *(.data*)
 .data.striped_spin_lock_num
                0x0000000020000e28        0x1 CMakeFiles/tempe.dir/home/abdurrahim/pico-sdk/src/rp2_common/hardware_sync/sync.c.obj
 *fill*         0x0000000020000e29        0x3 
 .data          0x0000000020000e2c       0x48 CMakeFiles/tempe.dir/home/abdurrahim/pico-sdk/src/rp2_common/hardware_irq/irq_handler_chain.S.obj
                0x0000000020000e2c                irq_handler_chain_slots
                0x0000000020000e5c                irq_handler_chain_first_slot
                0x0000000020000e66                irq_handler_chain_remove_tail
 .data.default_alarm_pool
                0x0000000020000e74       0x18 CMakeFiles/tempe.dir/home/abdurrahim/pico-sdk/src/common/pico_time/time.c.obj
 .data.default_alarm_pool_heap
                0x0000000020000e8c       0x10 CMakeFiles/tempe.dir/home/abdurrahim/pico-sdk/src/common/pico_time/time.c.obj
 *fill*         0x0000000020000e9c        0x4 
 .data.aeabi_bits_funcs
                0x0000000020000ea0       0x10 CMakeFiles/tempe.dir/home/abdurrahim/pico-sdk/src/rp2_common/pico_bit_ops/bit_ops_aeabi.S.obj
                0x0000000020000ea0                aeabi_bits_funcs
                0x0000000020000eb0                aeabi_bits_funcs_end
 .data.aeabi_mem_funcs
                0x0000000020000eb0       0x10 CMakeFiles/tempe.dir/home/abdurrahim/pico-sdk/src/rp2_common/pico_mem_ops/mem_ops_aeabi.S.obj
                0x0000000020000eb0                aeabi_mem_funcs
                0x0000000020000ec0                aeabi_mem_funcs_end
 .data.stdio_usb
                0x0000000020000ec0       0x18 CMakeFiles/tempe.dir/home/abdurrahim/pico-sdk/src/rp2_common/pico_stdio_usb/stdio_usb.c.obj
                0x0000000020000ec0                stdio_usb
 .data.ep_dir_string
                0x0000000020000ed8        0x8 CMakeFiles/tempe.dir/home/abdurrahim/pico-sdk/lib/tinyusb/src/portable/raspberrypi/rp2040/rp2040_usb.c.obj
                0x0000000020000ed8                ep_dir_string
 .data._usbd_qdef
                0x0000000020000ee0       0x1c CMakeFiles/tempe.dir/home/abdurrahim/pico-sdk/lib/tinyusb/src/device/usbd.c.obj
                0x0000000020000ee0                _usbd_qdef
 .data._usbd_rhport
                0x0000000020000efc        0x1 CMakeFiles/tempe.dir/home/abdurrahim/pico-sdk/lib/tinyusb/src/device/usbd.c.obj
 *fill*         0x0000000020000efd        0x3 
 .data          0x0000000020000f00      0x430 /usr/lib/gcc/arm-none-eabi/6.3.1/../../../arm-none-eabi/lib/thumb/v6-m/libc.a(lib_a-impure.o)
                0x0000000020000f00                _impure_ptr
 .data          0x0000000020001330      0x410 /usr/lib/gcc/arm-none-eabi/6.3.1/../../../arm-none-eabi/lib/thumb/v6-m/libc.a(lib_a-mallocr.o)
                0x0000000020001330                __malloc_av_
                0x0000000020001738                __malloc_sbrk_base
                0x000000002000173c                __malloc_trim_threshold
                0x0000000020001740                . = ALIGN (0x4)
 *(.after_data.*)
                0x0000000020001740                . = ALIGN (0x4)
                0x0000000020001740                PROVIDE (__mutex_array_start, .)
 *(SORT(.mutex_array.*))
 *(.mutex_array)
 .mutex_array   0x0000000020001740        0x8 CMakeFiles/tempe.dir/home/abdurrahim/pico-sdk/src/rp2_common/pico_stdio/stdio.c.obj
                0x0000000020001748                PROVIDE (__mutex_array_end, .)
                0x0000000020001748                . = ALIGN (0x4)
                0x0000000020001748                PROVIDE (__preinit_array_start, .)
 *(SORT(.preinit_array.*))
 .preinit_array.00001
                0x0000000020001748        0x4 CMakeFiles/tempe.dir/home/abdurrahim/pico-sdk/src/rp2_common/pico_mem_ops/mem_ops_aeabi.S.obj
 .preinit_array.00010
                0x000000002000174c        0x4 CMakeFiles/tempe.dir/home/abdurrahim/pico-sdk/src/rp2_common/pico_bit_ops/bit_ops_aeabi.S.obj
 .preinit_array.00020
                0x0000000020001750        0x4 CMakeFiles/tempe.dir/home/abdurrahim/pico-sdk/src/rp2_common/pico_double/double_aeabi.S.obj
 .preinit_array.00020
                0x0000000020001754        0x4 CMakeFiles/tempe.dir/home/abdurrahim/pico-sdk/src/rp2_common/pico_float/float_aeabi.S.obj
 *(.preinit_array)
                0x0000000020001758                PROVIDE (__preinit_array_end, .)
                0x0000000020001758                . = ALIGN (0x4)
                0x0000000020001758                PROVIDE (__init_array_start, .)
 *(SORT(.init_array.*))
 *(.init_array)
 .init_array    0x0000000020001758        0x4 /usr/lib/gcc/arm-none-eabi/6.3.1/thumb/v6-m/crtbegin.o
 .init_array    0x000000002000175c        0x4 CMakeFiles/tempe.dir/home/abdurrahim/pico-sdk/src/rp2_common/pico_unique_id/unique_id.c.obj
                0x0000000020001760                PROVIDE (__init_array_end, .)
                0x0000000020001760                . = ALIGN (0x4)
                0x0000000020001760                PROVIDE (__fini_array_start, .)
 *(SORT(.fini_array.*))
 *(.fini_array)
                0x0000000020001760                PROVIDE (__fini_array_end, .)
 *(.jcr)
 .jcr           0x0000000020001760        0x0 /usr/lib/gcc/arm-none-eabi/6.3.1/thumb/v6-m/crtbegin.o
                0x0000000020001760                . = ALIGN (0x4)
                0x0000000020001760                __data_end__ = .
                0x0000000010008ba8                __etext = LOADADDR (.data)

.tm_clone_table
                0x0000000020001760        0x0 load address 0x000000001000a248
 .tm_clone_table
                0x0000000020001760        0x0 /usr/lib/gcc/arm-none-eabi/6.3.1/thumb/v6-m/crtbegin.o
 .tm_clone_table
                0x0000000020001760        0x0 /usr/lib/gcc/arm-none-eabi/6.3.1/thumb/v6-m/crtend.o

.igot.plt       0x0000000020001760        0x0 load address 0x000000001000a248
 .igot.plt      0x0000000020001760        0x0 /usr/lib/gcc/arm-none-eabi/6.3.1/thumb/v6-m/crtbegin.o

.uninitialized_data
                0x0000000020001760        0x0 load address 0x000000001000a248
                0x0000000020001760                . = ALIGN (0x4)
 *(.uninitialized_data*)

.scratch_x      0x0000000020040000        0x0 load address 0x000000001000a248
                0x0000000020040000                __scratch_x_start__ = .
 *(.scratch_x.*)
                0x0000000020040000                . = ALIGN (0x4)
                0x0000000020040000                __scratch_x_end__ = .
                0x000000001000a248                __scratch_x_source__ = LOADADDR (.scratch_x)

.scratch_y      0x0000000020041000        0x0 load address 0x000000001000a248
                0x0000000020041000                __scratch_y_start__ = .
 *(.scratch_y.*)
                0x0000000020041000                . = ALIGN (0x4)
                0x0000000020041000                __scratch_y_end__ = .
                0x000000001000a248                __scratch_y_source__ = LOADADDR (.scratch_y)

.bss            0x0000000020001760      0xdc4
                0x0000000020001760                . = ALIGN (0x4)
                0x0000000020001760                __bss_start__ = .
 *(SORT(.bss*))
 .bss.default_alarm_pool_entries
                0x0000000020001760      0x100 CMakeFiles/tempe.dir/home/abdurrahim/pico-sdk/src/common/pico_time/time.c.obj
 .bss.last_avail_time.7515
                0x0000000020001860        0x8 CMakeFiles/tempe.dir/home/abdurrahim/pico-sdk/src/rp2_common/pico_stdio_usb/stdio_usb.c.obj
 .bss           0x0000000020001868       0x1c /usr/lib/gcc/arm-none-eabi/6.3.1/thumb/v6-m/crtbegin.o
 .bss           0x0000000020001884       0x34 /usr/lib/gcc/arm-none-eabi/6.3.1/../../../arm-none-eabi/lib/thumb/v6-m/libc.a(lib_a-mallocr.o)
                0x0000000020001884                __malloc_top_pad
                0x0000000020001888                __malloc_current_mallinfo
                0x00000000200018b0                __malloc_max_sbrked_mem
                0x00000000200018b4                __malloc_max_total_mem
 .bss._app_driver
                0x00000000200018b8        0x4 CMakeFiles/tempe.dir/home/abdurrahim/pico-sdk/lib/tinyusb/src/device/usbd.c.obj
 .bss._cdcd_itf
                0x00000000200018bc      0x2c8 CMakeFiles/tempe.dir/home/abdurrahim/pico-sdk/lib/tinyusb/src/class/cdc/cdc_device.c.obj
 .bss._ctrl_xfer
                0x0000000020001b84       0x14 CMakeFiles/tempe.dir/home/abdurrahim/pico-sdk/lib/tinyusb/src/device/usbd_control.c.obj
 .bss._ubsd_mutexdef
                0x0000000020001b98        0x8 CMakeFiles/tempe.dir/home/abdurrahim/pico-sdk/lib/tinyusb/src/device/usbd.c.obj
 .bss._usbd_ctrl_buf
                0x0000000020001ba0       0x40 CMakeFiles/tempe.dir/home/abdurrahim/pico-sdk/lib/tinyusb/src/device/usbd_control.c.obj
 .bss._usbd_dev
                0x0000000020001be0       0x53 CMakeFiles/tempe.dir/home/abdurrahim/pico-sdk/lib/tinyusb/src/device/usbd.c.obj
 *fill*         0x0000000020001c33        0x1 
 .bss._usbd_mutex
                0x0000000020001c34        0x4 CMakeFiles/tempe.dir/home/abdurrahim/pico-sdk/lib/tinyusb/src/device/usbd.c.obj
 .bss._usbd_q   0x0000000020001c38        0x4 CMakeFiles/tempe.dir/home/abdurrahim/pico-sdk/lib/tinyusb/src/device/usbd.c.obj
 .bss.alarm_callbacks
                0x0000000020001c3c       0x10 CMakeFiles/tempe.dir/home/abdurrahim/pico-sdk/src/rp2_common/hardware_timer/timer.c.obj
 .bss.boot2_copyout
                0x0000000020001c4c      0x100 CMakeFiles/tempe.dir/home/abdurrahim/pico-sdk/src/rp2_common/hardware_flash/flash.c.obj
 .bss.chars_available_callback
                0x0000000020001d4c        0x4 CMakeFiles/tempe.dir/home/abdurrahim/pico-sdk/src/rp2_common/pico_stdio_usb/stdio_usb.c.obj
 .bss.chars_available_param
                0x0000000020001d50        0x4 CMakeFiles/tempe.dir/home/abdurrahim/pico-sdk/src/rp2_common/pico_stdio_usb/stdio_usb.c.obj
 .bss.claimed   0x0000000020001d54        0x4 CMakeFiles/tempe.dir/home/abdurrahim/pico-sdk/src/rp2_common/hardware_sync/sync.c.obj
 .bss.configured_freq
                0x0000000020001d58       0x28 CMakeFiles/tempe.dir/home/abdurrahim/pico-sdk/src/rp2_common/hardware_clocks/clocks.c.obj
 .bss.default_alarm_pool_entry_ids_high
                0x0000000020001d80       0x10 CMakeFiles/tempe.dir/home/abdurrahim/pico-sdk/src/common/pico_time/time.c.obj
 .bss.default_alarm_pool_heap_nodes
                0x0000000020001d90       0x30 CMakeFiles/tempe.dir/home/abdurrahim/pico-sdk/src/common/pico_time/time.c.obj
 .bss.desc_str.7307
                0x0000000020001dc0       0x28 CMakeFiles/tempe.dir/home/abdurrahim/pico-sdk/src/rp2_common/pico_stdio_usb/stdio_usb_descriptors.c.obj
 .bss.drivers   0x0000000020001de8        0x4 CMakeFiles/tempe.dir/home/abdurrahim/pico-sdk/src/rp2_common/pico_stdio/stdio.c.obj
 .bss.e15_last_sof
                0x0000000020001dec        0x4 CMakeFiles/tempe.dir/home/abdurrahim/pico-sdk/lib/tinyusb/src/portable/raspberrypi/rp2040/rp2040_usb.c.obj
                0x0000000020001dec                e15_last_sof
 .bss.filter    0x0000000020001df0        0x4 CMakeFiles/tempe.dir/home/abdurrahim/pico-sdk/src/rp2_common/pico_stdio/stdio.c.obj
 .bss.heap_end.6301
                0x0000000020001df4        0x4 CMakeFiles/tempe.dir/home/abdurrahim/pico-sdk/src/rp2_common/pico_runtime/runtime.c.obj
 .bss.hw_endpoints
                0x0000000020001df8      0x400 CMakeFiles/tempe.dir/home/abdurrahim/pico-sdk/lib/tinyusb/src/portable/raspberrypi/rp2040/dcd_rp2040.c.obj
 .bss.lazy_vsnprintf
                0x00000000200021f8        0x4 CMakeFiles/tempe.dir/home/abdurrahim/pico-sdk/src/rp2_common/pico_printf/printf.c.obj
 .bss.load_value
                0x00000000200021fc        0x4 CMakeFiles/tempe.dir/home/abdurrahim/pico-sdk/src/rp2_common/hardware_watchdog/watchdog.c.obj
 .bss.next_buffer_ptr
                0x0000000020002200        0x4 CMakeFiles/tempe.dir/home/abdurrahim/pico-sdk/lib/tinyusb/src/portable/raspberrypi/rp2040/dcd_rp2040.c.obj
 .bss.one_shot_timer_crit_sec
                0x0000000020002204        0x8 CMakeFiles/tempe.dir/home/abdurrahim/pico-sdk/src/rp2_common/pico_stdio_usb/stdio_usb.c.obj
 .bss.pools     0x000000002000220c       0x10 CMakeFiles/tempe.dir/home/abdurrahim/pico-sdk/src/common/pico_time/time.c.obj
 .bss.retrieved_id
                0x000000002000221c        0x8 CMakeFiles/tempe.dir/home/abdurrahim/pico-sdk/src/rp2_common/pico_unique_id/unique_id.c.obj
 .bss.sf_clz_func
                0x0000000020002224        0x4 CMakeFiles/tempe.dir/home/abdurrahim/pico-sdk/src/rp2_common/pico_double/double_init_rom.c.obj
                0x0000000020002224                sf_clz_func
 .bss.sleep_notifier
                0x0000000020002228        0x4 CMakeFiles/tempe.dir/home/abdurrahim/pico-sdk/src/common/pico_time/time.c.obj
 .bss.stdio_usb_mutex
                0x000000002000222c        0x8 CMakeFiles/tempe.dir/home/abdurrahim/pico-sdk/src/rp2_common/pico_stdio_usb/stdio_usb.c.obj
 .bss.target_hi
                0x0000000020002234       0x10 CMakeFiles/tempe.dir/home/abdurrahim/pico-sdk/src/rp2_common/hardware_timer/timer.c.obj
 .bss.usbd_serial_str
                0x0000000020002244       0x11 CMakeFiles/tempe.dir/home/abdurrahim/pico-sdk/src/rp2_common/pico_stdio_usb/stdio_usb_descriptors.c.obj
 .bss._app_driver_count
                0x0000000020002255        0x1 CMakeFiles/tempe.dir/home/abdurrahim/pico-sdk/lib/tinyusb/src/device/usbd.c.obj
 .bss._sof_enable
                0x0000000020002256        0x1 CMakeFiles/tempe.dir/home/abdurrahim/pico-sdk/lib/tinyusb/src/portable/raspberrypi/rp2040/dcd_rp2040.c.obj
 .bss.boot2_copyout_valid
                0x0000000020002257        0x1 CMakeFiles/tempe.dir/home/abdurrahim/pico-sdk/src/rp2_common/hardware_flash/flash.c.obj
 .bss.claimed   0x0000000020002258        0x1 CMakeFiles/tempe.dir/home/abdurrahim/pico-sdk/src/rp2_common/hardware_timer/timer.c.obj
 .bss.irq_hander_chain_free_slot_head
                0x0000000020002259        0x1 CMakeFiles/tempe.dir/home/abdurrahim/pico-sdk/src/rp2_common/hardware_irq/irq.c.obj
 .bss.itf_num   0x000000002000225a        0x1 CMakeFiles/tempe.dir/home/abdurrahim/pico-sdk/src/rp2_common/pico_stdio_usb/reset_interface.c.obj
 .bss.low_priority_irq_num
                0x000000002000225b        0x1 CMakeFiles/tempe.dir/home/abdurrahim/pico-sdk/src/rp2_common/pico_stdio_usb/stdio_usb.c.obj
 .bss.one_shot_timer_pending
                0x000000002000225c        0x1 CMakeFiles/tempe.dir/home/abdurrahim/pico-sdk/src/rp2_common/pico_stdio_usb/stdio_usb.c.obj
 .bss.timer_callbacks_pending
                0x000000002000225d        0x1 CMakeFiles/tempe.dir/home/abdurrahim/pico-sdk/src/rp2_common/hardware_timer/timer.c.obj
 .bss.user_irq_claimed
                0x000000002000225e        0x1 CMakeFiles/tempe.dir/home/abdurrahim/pico-sdk/src/rp2_common/hardware_irq/irq.c.obj
 *(COMMON)
 *fill*         0x000000002000225f        0x1 
 COMMON         0x0000000020002260      0x100 CMakeFiles/tempe.dir/home/abdurrahim/pico-sdk/src/rp2_common/pico_double/double_init_rom.c.obj
                0x0000000020002260                sd_table
 COMMON         0x0000000020002360      0x100 CMakeFiles/tempe.dir/home/abdurrahim/pico-sdk/src/rp2_common/pico_float/float_init_rom.c.obj
                0x0000000020002360                sf_table
 COMMON         0x0000000020002460       0xc0 CMakeFiles/tempe.dir/home/abdurrahim/pico-sdk/lib/tinyusb/src/device/usbd.c.obj
                0x0000000020002460                _usbd_qdef_buf
 COMMON         0x0000000020002520        0x4 /usr/lib/gcc/arm-none-eabi/6.3.1/../../../arm-none-eabi/lib/thumb/v6-m/libc.a(lib_a-reent.o)
                0x0000000020002520                errno
                0x0000000020002524                . = ALIGN (0x4)
                0x0000000020002524                __bss_end__ = .

.heap           0x0000000020002524      0x800
                0x0000000020002524                __end__ = .
                0x0000000020002524                end = __end__
 *(.heap*)
 .heap          0x0000000020002524      0x800 CMakeFiles/tempe.dir/home/abdurrahim/pico-sdk/src/rp2_common/pico_standard_link/crt0.S.obj
                0x0000000020002d24                __HeapLimit = .

.stack1_dummy   0x0000000020040000        0x0
 *(.stack1*)

.stack_dummy    0x0000000020041000      0x800
 *(.stack*)
 .stack         0x0000000020041000      0x800 CMakeFiles/tempe.dir/home/abdurrahim/pico-sdk/src/rp2_common/pico_standard_link/crt0.S.obj

.flash_end      0x000000001000a248        0x0
                0x000000001000a248                PROVIDE (__flash_binary_end, .)
                0x0000000020040000                __StackLimit = (ORIGIN (RAM) + LENGTH (RAM))
                0x0000000020041000                __StackOneTop = (ORIGIN (SCRATCH_X) + LENGTH (SCRATCH_X))
                0x0000000020042000                __StackTop = (ORIGIN (SCRATCH_Y) + LENGTH (SCRATCH_Y))
                0x0000000020041000                __StackOneBottom = (__StackOneTop - SIZEOF (.stack1_dummy))
                0x0000000020041800                __StackBottom = (__StackTop - SIZEOF (.stack_dummy))
                0x0000000020042000                PROVIDE (__stack, __StackTop)
                0x0000000000000001                ASSERT ((__StackLimit >= __HeapLimit), region RAM overflowed)
                0x0000000000000001                ASSERT (((__binary_info_header_end - __logical_binary_start) <= 0x100), Binary info must be in first 256 bytes of the binary)
LOAD CMakeFiles/tempe.dir/temp.c.obj
LOAD CMakeFiles/tempe.dir/home/abdurrahim/pico-sdk/src/rp2_common/pico_stdlib/stdlib.c.obj
LOAD CMakeFiles/tempe.dir/home/abdurrahim/pico-sdk/src/rp2_common/hardware_gpio/gpio.c.obj
LOAD CMakeFiles/tempe.dir/home/abdurrahim/pico-sdk/src/rp2_common/pico_platform/platform.c.obj
LOAD CMakeFiles/tempe.dir/home/abdurrahim/pico-sdk/src/rp2_common/hardware_claim/claim.c.obj
LOAD CMakeFiles/tempe.dir/home/abdurrahim/pico-sdk/src/rp2_common/hardware_sync/sync.c.obj
LOAD CMakeFiles/tempe.dir/home/abdurrahim/pico-sdk/src/rp2_common/hardware_irq/irq.c.obj
LOAD CMakeFiles/tempe.dir/home/abdurrahim/pico-sdk/src/rp2_common/hardware_irq/irq_handler_chain.S.obj
LOAD CMakeFiles/tempe.dir/home/abdurrahim/pico-sdk/src/common/pico_sync/sem.c.obj
LOAD CMakeFiles/tempe.dir/home/abdurrahim/pico-sdk/src/common/pico_sync/lock_core.c.obj
LOAD CMakeFiles/tempe.dir/home/abdurrahim/pico-sdk/src/common/pico_sync/mutex.c.obj
LOAD CMakeFiles/tempe.dir/home/abdurrahim/pico-sdk/src/common/pico_sync/critical_section.c.obj
LOAD CMakeFiles/tempe.dir/home/abdurrahim/pico-sdk/src/common/pico_time/time.c.obj
LOAD CMakeFiles/tempe.dir/home/abdurrahim/pico-sdk/src/common/pico_time/timeout_helper.c.obj
LOAD CMakeFiles/tempe.dir/home/abdurrahim/pico-sdk/src/rp2_common/hardware_timer/timer.c.obj
LOAD CMakeFiles/tempe.dir/home/abdurrahim/pico-sdk/src/common/pico_util/datetime.c.obj
LOAD CMakeFiles/tempe.dir/home/abdurrahim/pico-sdk/src/common/pico_util/pheap.c.obj
LOAD CMakeFiles/tempe.dir/home/abdurrahim/pico-sdk/src/common/pico_util/queue.c.obj
LOAD CMakeFiles/tempe.dir/home/abdurrahim/pico-sdk/src/rp2_common/hardware_uart/uart.c.obj
LOAD CMakeFiles/tempe.dir/home/abdurrahim/pico-sdk/src/rp2_common/hardware_clocks/clocks.c.obj
LOAD CMakeFiles/tempe.dir/home/abdurrahim/pico-sdk/src/rp2_common/hardware_pll/pll.c.obj
LOAD CMakeFiles/tempe.dir/home/abdurrahim/pico-sdk/src/rp2_common/hardware_vreg/vreg.c.obj
LOAD CMakeFiles/tempe.dir/home/abdurrahim/pico-sdk/src/rp2_common/hardware_watchdog/watchdog.c.obj
LOAD CMakeFiles/tempe.dir/home/abdurrahim/pico-sdk/src/rp2_common/hardware_xosc/xosc.c.obj
LOAD CMakeFiles/tempe.dir/home/abdurrahim/pico-sdk/src/rp2_common/hardware_divider/divider.S.obj
LOAD CMakeFiles/tempe.dir/home/abdurrahim/pico-sdk/src/rp2_common/pico_runtime/runtime.c.obj
LOAD CMakeFiles/tempe.dir/home/abdurrahim/pico-sdk/src/rp2_common/pico_printf/printf.c.obj
LOAD CMakeFiles/tempe.dir/home/abdurrahim/pico-sdk/src/rp2_common/pico_bit_ops/bit_ops_aeabi.S.obj
LOAD CMakeFiles/tempe.dir/home/abdurrahim/pico-sdk/src/rp2_common/pico_bootrom/bootrom.c.obj
LOAD CMakeFiles/tempe.dir/home/abdurrahim/pico-sdk/src/rp2_common/pico_divider/divider.S.obj
LOAD CMakeFiles/tempe.dir/home/abdurrahim/pico-sdk/src/rp2_common/pico_double/double_aeabi.S.obj
LOAD CMakeFiles/tempe.dir/home/abdurrahim/pico-sdk/src/rp2_common/pico_double/double_init_rom.c.obj
LOAD CMakeFiles/tempe.dir/home/abdurrahim/pico-sdk/src/rp2_common/pico_double/double_math.c.obj
LOAD CMakeFiles/tempe.dir/home/abdurrahim/pico-sdk/src/rp2_common/pico_double/double_v1_rom_shim.S.obj
LOAD CMakeFiles/tempe.dir/home/abdurrahim/pico-sdk/src/rp2_common/pico_int64_ops/pico_int64_ops_aeabi.S.obj
LOAD CMakeFiles/tempe.dir/home/abdurrahim/pico-sdk/src/rp2_common/pico_float/float_aeabi.S.obj
LOAD CMakeFiles/tempe.dir/home/abdurrahim/pico-sdk/src/rp2_common/pico_float/float_init_rom.c.obj
LOAD CMakeFiles/tempe.dir/home/abdurrahim/pico-sdk/src/rp2_common/pico_float/float_math.c.obj
LOAD CMakeFiles/tempe.dir/home/abdurrahim/pico-sdk/src/rp2_common/pico_float/float_v1_rom_shim.S.obj
LOAD CMakeFiles/tempe.dir/home/abdurrahim/pico-sdk/src/rp2_common/pico_malloc/pico_malloc.c.obj
LOAD CMakeFiles/tempe.dir/home/abdurrahim/pico-sdk/src/rp2_common/pico_mem_ops/mem_ops_aeabi.S.obj
LOAD CMakeFiles/tempe.dir/home/abdurrahim/pico-sdk/src/rp2_common/pico_standard_link/crt0.S.obj
LOAD CMakeFiles/tempe.dir/home/abdurrahim/pico-sdk/src/rp2_common/pico_standard_link/new_delete.cpp.obj
LOAD CMakeFiles/tempe.dir/home/abdurrahim/pico-sdk/src/rp2_common/pico_standard_link/binary_info.c.obj
LOAD CMakeFiles/tempe.dir/home/abdurrahim/pico-sdk/src/rp2_common/pico_stdio/stdio.c.obj
LOAD CMakeFiles/tempe.dir/home/abdurrahim/pico-sdk/src/rp2_common/pico_stdio_usb/reset_interface.c.obj
LOAD CMakeFiles/tempe.dir/home/abdurrahim/pico-sdk/src/rp2_common/pico_stdio_usb/stdio_usb.c.obj
LOAD CMakeFiles/tempe.dir/home/abdurrahim/pico-sdk/src/rp2_common/pico_stdio_usb/stdio_usb_descriptors.c.obj
LOAD CMakeFiles/tempe.dir/home/abdurrahim/pico-sdk/src/rp2_common/pico_unique_id/unique_id.c.obj
LOAD CMakeFiles/tempe.dir/home/abdurrahim/pico-sdk/src/rp2_common/hardware_flash/flash.c.obj
LOAD CMakeFiles/tempe.dir/home/abdurrahim/pico-sdk/lib/tinyusb/src/portable/raspberrypi/rp2040/dcd_rp2040.c.obj
LOAD CMakeFiles/tempe.dir/home/abdurrahim/pico-sdk/lib/tinyusb/src/portable/raspberrypi/rp2040/rp2040_usb.c.obj
LOAD CMakeFiles/tempe.dir/home/abdurrahim/pico-sdk/lib/tinyusb/src/device/usbd.c.obj
LOAD CMakeFiles/tempe.dir/home/abdurrahim/pico-sdk/lib/tinyusb/src/device/usbd_control.c.obj
LOAD CMakeFiles/tempe.dir/home/abdurrahim/pico-sdk/lib/tinyusb/src/class/audio/audio_device.c.obj
LOAD CMakeFiles/tempe.dir/home/abdurrahim/pico-sdk/lib/tinyusb/src/class/cdc/cdc_device.c.obj
LOAD CMakeFiles/tempe.dir/home/abdurrahim/pico-sdk/lib/tinyusb/src/class/dfu/dfu_device.c.obj
LOAD CMakeFiles/tempe.dir/home/abdurrahim/pico-sdk/lib/tinyusb/src/class/dfu/dfu_rt_device.c.obj
LOAD CMakeFiles/tempe.dir/home/abdurrahim/pico-sdk/lib/tinyusb/src/class/hid/hid_device.c.obj
LOAD CMakeFiles/tempe.dir/home/abdurrahim/pico-sdk/lib/tinyusb/src/class/midi/midi_device.c.obj
LOAD CMakeFiles/tempe.dir/home/abdurrahim/pico-sdk/lib/tinyusb/src/class/msc/msc_device.c.obj
LOAD CMakeFiles/tempe.dir/home/abdurrahim/pico-sdk/lib/tinyusb/src/class/net/ecm_rndis_device.c.obj
LOAD CMakeFiles/tempe.dir/home/abdurrahim/pico-sdk/lib/tinyusb/src/class/net/ncm_device.c.obj
LOAD CMakeFiles/tempe.dir/home/abdurrahim/pico-sdk/lib/tinyusb/src/class/usbtmc/usbtmc_device.c.obj
LOAD CMakeFiles/tempe.dir/home/abdurrahim/pico-sdk/lib/tinyusb/src/class/vendor/vendor_device.c.obj
LOAD CMakeFiles/tempe.dir/home/abdurrahim/pico-sdk/lib/tinyusb/src/class/video/video_device.c.obj
LOAD CMakeFiles/tempe.dir/home/abdurrahim/pico-sdk/lib/tinyusb/src/tusb.c.obj
LOAD CMakeFiles/tempe.dir/home/abdurrahim/pico-sdk/lib/tinyusb/src/common/tusb_fifo.c.obj
LOAD CMakeFiles/tempe.dir/home/abdurrahim/pico-sdk/src/rp2_common/pico_fix/rp2040_usb_device_enumeration/rp2040_usb_device_enumeration.c.obj
LOAD CMakeFiles/tempe.dir/home/abdurrahim/pico-sdk/src/rp2_common/hardware_adc/adc.c.obj
LOAD /tmp/ccP43weS.o
LOAD /usr/lib/gcc/arm-none-eabi/6.3.1/../../../arm-none-eabi/lib/thumb/v6-m/libstdc++.a
LOAD /usr/lib/gcc/arm-none-eabi/6.3.1/../../../arm-none-eabi/lib/thumb/v6-m/libm.a
START GROUP
LOAD /usr/lib/gcc/arm-none-eabi/6.3.1/thumb/v6-m/libgcc.a
LOAD /usr/lib/gcc/arm-none-eabi/6.3.1/../../../arm-none-eabi/lib/thumb/v6-m/libc.a
END GROUP
START GROUP
LOAD /usr/lib/gcc/arm-none-eabi/6.3.1/thumb/v6-m/libgcc.a
LOAD /usr/lib/gcc/arm-none-eabi/6.3.1/../../../arm-none-eabi/lib/thumb/v6-m/libc.a
LOAD /usr/lib/gcc/arm-none-eabi/6.3.1/../../../arm-none-eabi/lib/thumb/v6-m/libnosys.a
END GROUP
LOAD /usr/lib/gcc/arm-none-eabi/6.3.1/thumb/v6-m/crtend.o
LOAD /usr/lib/gcc/arm-none-eabi/6.3.1/thumb/v6-m/crtn.o
OUTPUT(tempe.elf elf32-littlearm)

.ARM.attributes
                0x0000000000000000       0x28
 .ARM.attributes
                0x0000000000000000       0x1e /usr/lib/gcc/arm-none-eabi/6.3.1/thumb/v6-m/crti.o
 .ARM.attributes
                0x000000000000001e       0x2c /usr/lib/gcc/arm-none-eabi/6.3.1/thumb/v6-m/crtbegin.o
 .ARM.attributes
                0x000000000000004a       0x32 CMakeFiles/tempe.dir/temp.c.obj
 .ARM.attributes
                0x000000000000007c       0x32 CMakeFiles/tempe.dir/home/abdurrahim/pico-sdk/src/rp2_common/hardware_gpio/gpio.c.obj
 .ARM.attributes
                0x00000000000000ae       0x32 CMakeFiles/tempe.dir/home/abdurrahim/pico-sdk/src/rp2_common/pico_platform/platform.c.obj